BUILD SLOT granted lease=f0e584c0-3ebb-4a0f-8388-c584fcf866dd waited=0s maxcpucount=6

████████╗██╗   ██╗███╗   ██╗██╗████████╗
╚══██╔══╝██║   ██║████╗  ██║██║╚══██╔══╝
   ██║   ██║   ██║██╔██╗ ██║██║   ██║
   ██║   ██║   ██║██║╚██╗██║██║   ██║
   ██║   ╚██████╔╝██║ ╚████║██║   ██║
   ╚═╝    ╚═════╝ ╚═╝  ╚═══╝╚═╝   ╚═╝

   TUnit v1.44.0.0 | 64-bit | Debian GNU/Linux 12 (bookworm) | linux-x64 | .NET 9.0.20 | Microsoft Testing Platform v2.2.2

   Engine Mode: SourceGenerated

HTML test report written to: /work/worktrees/task-52bffc69/.antiphon/c1008-evidence-round4/current-old-contracts/CURRENT-old-contracts-repaired-20261003-200216-1a21/Antiphon.Tests-linux-net9.0-report.html

  In process file artifacts produced:
    - /work/worktrees/task-52bffc69/.antiphon/c1008-evidence-round4/current-old-contracts/CURRENT-old-contracts-repaired-20261003-200216-1a21/Antiphon.Tests-linux-net9.0-report.html
    - /work/worktrees/task-52bffc69/.antiphon/c1008-evidence-round4/current-old-contracts/CURRENT-old-contracts-repaired-20261003-200216-1a21/run.trx

Test run summary: Passed! - /work/worktrees/task-52bffc69/tests/Antiphon.Tests/bin-c1008-scripts/Antiphon.Tests.dll (net9.0|x64)
  total: 2
  failed: 0
  succeeded: 2
  skipped: 0
  duration: 1s 944ms
BUILD SLOT released lease=f0e584c0-3ebb-4a0f-8388-c584fcf866dd held=6s
MSBUILD PROPERTY UseAppHost=false
EXECUTED Antiphon.Tests.Scripts.RemoteScriptContractTests.Temp_retire_requires_the_retired_receipt_and_downs_only_temp_volumes
EXECUTED Antiphon.Tests.Scripts.RemoteScriptContractTests.Deploy_parent_seeds_a_fresh_runner_checkout_before_starting_the_runner
CHECKPOINT CURRENT-old-contracts-repaired commit=f47844d216354b24e56cbecd72d1f1a9c1beeac9 build=reused filter=/*/*/RemoteScriptContractTests*/(Temp_retire_requires_the_retired_receipt_and_downs_only_temp_volumes*)|(Deploy_parent_seeds_a_fresh_runner_checkout_before_starting_the_runner*) executed=2 passed=2 failed=0 skipped=0 trx=/work/worktrees/task-52bffc69/.antiphon/c1008-evidence-round4/current-old-contracts/CURRENT-old-contracts-repaired-20261003-200216-1a21/run.trx slot=granted waited=0s dirty=0 source=f47844d216354b24e56cbecd72d1f1a9c1beeac9 sourceState=clean buildSource=verified
CHECKPOINT CURRENT-old-contracts-repaired EXIT CODE: 0
