deleted /work/worktrees/task-52bffc69/src/Antiphon.PtyHost.Protocol/bin-c1008-docs
deleted /work/worktrees/task-52bffc69/src/Antiphon.PtyHost.Protocol/bin-c1008-scripts
deleted /work/worktrees/task-52bffc69/src/Antiphon.PtyHost.Protocol/bin-c1008-cache
deleted /work/worktrees/task-52bffc69/src/Antiphon.FakeGrok/bin-c1008-docs
deleted /work/worktrees/task-52bffc69/src/Antiphon.FakeGrok/bin-c1008-scripts
deleted /work/worktrees/task-52bffc69/src/Antiphon.FakeGrok/bin-c1008-cache
deleted /work/worktrees/task-52bffc69/src/Antiphon.Messaging.Client/bin-c1008-docs
deleted /work/worktrees/task-52bffc69/src/Antiphon.Messaging.Client/bin-c1008-scripts
deleted /work/worktrees/task-52bffc69/src/Antiphon.Messaging.Client/bin-c1008-cache
deleted /work/worktrees/task-52bffc69/src/Antiphon.HostCleanup/bin-c1008-docs
deleted /work/worktrees/task-52bffc69/src/Antiphon.HostCleanup/bin-c1008-scripts
deleted /work/worktrees/task-52bffc69/src/Antiphon.HostCleanup/bin-c1008-cache
deleted /work/worktrees/task-52bffc69/src/Antiphon.Agents.Pty/bin-c1008-docs
deleted /work/worktrees/task-52bffc69/src/Antiphon.Agents.Pty/bin-c1008-scripts
deleted /work/worktrees/task-52bffc69/src/Antiphon.Agents.Pty/bin-c1008-cache
deleted /work/worktrees/task-52bffc69/src/Antiphon.PtyHost/bin-c1008-docs
deleted /work/worktrees/task-52bffc69/src/Antiphon.PtyHost/bin-c1008-scripts
deleted /work/worktrees/task-52bffc69/src/Antiphon.PtyHost/bin-c1008-cache
deleted /work/worktrees/task-52bffc69/src/Antiphon.NightlyWatchdog/bin-c1008-docs
deleted /work/worktrees/task-52bffc69/src/Antiphon.NightlyWatchdog/bin-c1008-scripts
deleted /work/worktrees/task-52bffc69/src/Antiphon.NightlyWatchdog/bin-c1008-cache
deleted /work/worktrees/task-52bffc69/src/Antiphon.Messaging.Client.Testing/bin-c1008-docs
deleted /work/worktrees/task-52bffc69/src/Antiphon.Messaging.Client.Testing/bin-c1008-scripts
deleted /work/worktrees/task-52bffc69/src/Antiphon.Messaging.Client.Testing/bin-c1008-cache
deleted /work/worktrees/task-52bffc69/src/Antiphon.Resilience/bin-c1008-docs
deleted /work/worktrees/task-52bffc69/src/Antiphon.Resilience/bin-c1008-scripts
deleted /work/worktrees/task-52bffc69/src/Antiphon.Resilience/bin-c1008-cache
deleted /work/worktrees/task-52bffc69/src/Antiphon.FakeClaude/bin-c1008-docs
deleted /work/worktrees/task-52bffc69/src/Antiphon.FakeClaude/bin-c1008-scripts
deleted /work/worktrees/task-52bffc69/src/Antiphon.FakeClaude/bin-c1008-cache
deleted /work/worktrees/task-52bffc69/src/Antiphon.Messaging.Gateway/bin-c1008-docs
deleted /work/worktrees/task-52bffc69/src/Antiphon.Messaging.Gateway/bin-c1008-scripts
deleted /work/worktrees/task-52bffc69/src/Antiphon.Messaging.Gateway/bin-c1008-cache
deleted /work/worktrees/task-52bffc69/src/Antiphon.Messaging/bin-c1008-docs
deleted /work/worktrees/task-52bffc69/src/Antiphon.Messaging/bin-c1008-scripts
deleted /work/worktrees/task-52bffc69/src/Antiphon.Messaging/bin-c1008-cache
deleted /work/worktrees/task-52bffc69/src/Antiphon.Messaging.Slack/bin-c1008-docs
deleted /work/worktrees/task-52bffc69/src/Antiphon.Messaging.Slack/bin-c1008-scripts
deleted /work/worktrees/task-52bffc69/src/Antiphon.Messaging.Slack/bin-c1008-cache
deleted /work/worktrees/task-52bffc69/src/Antiphon.SessionRunner/bin-c1008-docs
deleted /work/worktrees/task-52bffc69/src/Antiphon.SessionRunner/bin-c1008-scripts
deleted /work/worktrees/task-52bffc69/src/Antiphon.SessionRunner/bin-c1008-cache
deleted /work/worktrees/task-52bffc69/src/Antiphon.PtyHost.Client/bin-c1008-docs
deleted /work/worktrees/task-52bffc69/src/Antiphon.PtyHost.Client/bin-c1008-scripts
deleted /work/worktrees/task-52bffc69/src/Antiphon.PtyHost.Client/bin-c1008-cache
deleted /work/worktrees/task-52bffc69/src/Antiphon.SessionRunner.Contracts/bin-c1008-docs
deleted /work/worktrees/task-52bffc69/src/Antiphon.SessionRunner.Contracts/bin-c1008-scripts
deleted /work/worktrees/task-52bffc69/src/Antiphon.SessionRunner.Contracts/bin-c1008-cache
deleted /work/worktrees/task-52bffc69/src/Antiphon.FakeLlmApi/bin-c1008-docs
deleted /work/worktrees/task-52bffc69/src/Antiphon.FakeLlmApi/bin-c1008-scripts
deleted /work/worktrees/task-52bffc69/src/Antiphon.FakeLlmApi/bin-c1008-cache
deleted /work/worktrees/task-52bffc69/tools/Antiphon.Checkpoints/bin-c1008-docs
deleted /work/worktrees/task-52bffc69/tools/Antiphon.Checkpoints/bin-c1008-scripts
deleted /work/worktrees/task-52bffc69/tools/Antiphon.Checkpoints/bin-c1008-cache
deleted /work/worktrees/task-52bffc69/server/bin-c1008-docs
deleted /work/worktrees/task-52bffc69/server/bin-c1008-scripts
deleted /work/worktrees/task-52bffc69/server/bin-c1008-cache
deleted /work/worktrees/task-52bffc69/tests/Antiphon.DockerStack.Fixture/bin-c1008-docs
deleted /work/worktrees/task-52bffc69/tests/Antiphon.DockerStack.Fixture/bin-c1008-scripts
deleted /work/worktrees/task-52bffc69/tests/Antiphon.DockerStack.Fixture/bin-c1008-cache
deleted /work/worktrees/task-52bffc69/tests/Antiphon.Tests/bin-c1008-docs
deleted /work/worktrees/task-52bffc69/tests/Antiphon.Tests/bin-c1008-scripts
deleted /work/worktrees/task-52bffc69/tests/Antiphon.Tests/bin-c1008-cache
deleted /work/worktrees/task-52bffc69/tests/Antiphon.ChannelOutbound.Probe/bin-c1008-docs
deleted /work/worktrees/task-52bffc69/tests/Antiphon.ChannelOutbound.Probe/bin-c1008-scripts
deleted /work/worktrees/task-52bffc69/tests/Antiphon.ChannelOutbound.Probe/bin-c1008-cache
deleted /work/worktrees/task-52bffc69/tests/Antiphon.CustodyTestChild/bin-c1008-docs
deleted /work/worktrees/task-52bffc69/tests/Antiphon.CustodyTestChild/bin-c1008-scripts
deleted /work/worktrees/task-52bffc69/tests/Antiphon.CustodyTestChild/bin-c1008-cache
deleted /work/worktrees/task-52bffc69/tests/Antiphon.Checkpoints.LifecycleHost/bin-c1008-docs
deleted /work/worktrees/task-52bffc69/tests/Antiphon.Checkpoints.LifecycleHost/bin-c1008-scripts
deleted /work/worktrees/task-52bffc69/tests/Antiphon.Checkpoints.LifecycleHost/bin-c1008-cache
deleted /work/worktrees/task-52bffc69/tests/Antiphon.Checkpoints.FilterHost/bin-c1008-docs
deleted /work/worktrees/task-52bffc69/tests/Antiphon.Checkpoints.FilterHost/bin-c1008-scripts
deleted /work/worktrees/task-52bffc69/tests/Antiphon.Checkpoints.FilterHost/bin-c1008-cache
deleted /work/worktrees/task-52bffc69/tests/Antiphon.Checkpoints.RepeatHost/bin-c1008-docs
deleted /work/worktrees/task-52bffc69/tests/Antiphon.Checkpoints.RepeatHost/bin-c1008-scripts
deleted /work/worktrees/task-52bffc69/tests/Antiphon.Checkpoints.RepeatHost/bin-c1008-cache

Bootstrap outputs removed by canonical checked literal inventory. Remaining task output roots=[]
Owned dotnet/pwsh drivers remaining=[]
