<?xml version="1.0" encoding="utf-8"?>
<TestRun id="c622e529-11a6-4fd5-bccb-4e5386649560" name="@5d9e09695ab3 2026-10-03 10:59:58.8942189" xmlns="http://microsoft.com/schemas/VisualStudio/TeamTest/2010">
  <Times creation="2026-10-03T10:58:49.5177142Z" queuing="2026-10-03T10:58:49.5177142Z" start="2026-10-03T10:58:49.5177142Z" finish="2026-10-03T10:59:58.8957106Z" />
  <TestSettings name="default" id="32c17142-681a-4080-96a7-2f52d1ed3837">
    <Deployment runDeploymentRoot="_5d9e09695ab3_2026-10-03_10_59_58.8942189" />
  </TestSettings>
  <Results>
    <UnitTestResult executionId="c4896bc3-3348-49e8-9f86-3ff21523ac4e" testId="ef7e3672-b828-8be7-93e8-6e4ed9aacf80" testName="Screen_only_delivery_keeps_spill_bytes_and_a_retry_writes_the_same_body" computerName="5d9e09695ab3" duration="00:00:10.2098963" startTime="2026-10-03T10:59:31.7286308+00:00" endTime="2026-10-03T10:59:41.9385271+00:00" testType="13CDC9D9-DDB5-4fa4-A97D-D965CCFC6D4B" outcome="Passed" testListId="8C84FA94-04C1-424b-9868-57A2D4851A1D" relativeResultsDirectory="c4896bc3-3348-49e8-9f86-3ff21523ac4e" />
    <UnitTestResult executionId="2f403ffd-49c3-4fe7-b32d-7ebc71365e74" testId="641eaa63-6d61-185e-b4ea-599093b10f2f" testName="Queued_brief_is_written_by_the_runner_when_a_busy_recipient_becomes_eligible" computerName="5d9e09695ab3" duration="00:00:01.2670898" startTime="2026-10-03T10:59:41.9762466+00:00" endTime="2026-10-03T10:59:43.2433364+00:00" testType="13CDC9D9-DDB5-4fa4-A97D-D965CCFC6D4B" outcome="Passed" testListId="8C84FA94-04C1-424b-9868-57A2D4851A1D" relativeResultsDirectory="2f403ffd-49c3-4fe7-b32d-7ebc71365e74" />
    <UnitTestResult executionId="3651d540-c3b1-4f17-be2b-72cc4e9f3948" testId="f6b43e64-db02-3268-5c03-596c900d5092" testName="A_complete_matching_UserPrompt_releases_a_null_body_pointer" computerName="5d9e09695ab3" duration="00:00:00.5155240" startTime="2026-10-03T10:59:43.2441904+00:00" endTime="2026-10-03T10:59:43.7597144+00:00" testType="13CDC9D9-DDB5-4fa4-A97D-D965CCFC6D4B" outcome="Passed" testListId="8C84FA94-04C1-424b-9868-57A2D4851A1D" relativeResultsDirectory="3651d540-c3b1-4f17-be2b-72cc4e9f3948" />
    <UnitTestResult executionId="647c5663-6278-4493-8999-ad5798374062" testId="52fb54fc-1642-40ea-3a25-ac2282dbfc42" testName="A_screen_only_Delivered_null_body_pointer_is_canceled_instead_of_typed_without_bytes" computerName="5d9e09695ab3" duration="00:00:00.4723464" startTime="2026-10-03T10:59:43.7600746+00:00" endTime="2026-10-03T10:59:44.2324210+00:00" testType="13CDC9D9-DDB5-4fa4-A97D-D965CCFC6D4B" outcome="Passed" testListId="8C84FA94-04C1-424b-9868-57A2D4851A1D" relativeResultsDirectory="647c5663-6278-4493-8999-ad5798374062" />
    <UnitTestResult executionId="e04f8cdc-8d28-4e49-8197-ff5f87d88b65" testId="4eb31c34-b7a0-8d45-9563-bc6370175d9a" testName="A_screen_only_Delivered_null_body_is_respilled_from_the_source_message" computerName="5d9e09695ab3" duration="00:00:00.5016437" startTime="2026-10-03T10:59:44.2329662+00:00" endTime="2026-10-03T10:59:44.7346099+00:00" testType="13CDC9D9-DDB5-4fa4-A97D-D965CCFC6D4B" outcome="Passed" testListId="8C84FA94-04C1-424b-9868-57A2D4851A1D" relativeResultsDirectory="e04f8cdc-8d28-4e49-8197-ff5f87d88b65" />
    <UnitTestResult executionId="832e9b9a-cb71-4f60-be96-4925b4e86467" testId="534c260b-f763-0345-60dd-d9edbb4622f1" testName="A_null_body_pointer_is_respilled_when_the_source_message_is_still_on_the_row" computerName="5d9e09695ab3" duration="00:00:00.3418498" startTime="2026-10-03T10:59:44.7351293+00:00" endTime="2026-10-03T10:59:45.0769791+00:00" testType="13CDC9D9-DDB5-4fa4-A97D-D965CCFC6D4B" outcome="Passed" testListId="8C84FA94-04C1-424b-9868-57A2D4851A1D" relativeResultsDirectory="832e9b9a-cb71-4f60-be96-4925b4e86467" />
    <UnitTestResult executionId="c80cc04a-d1d9-4111-86de-4c85997aa811" testId="7b1f47c7-9a0e-3db1-f008-9f52b4a1b9b9" testName="A_null_body_spill_pointer_is_canceled_instead_of_a_silent_lookup_miss" computerName="5d9e09695ab3" duration="00:00:00.2825351" startTime="2026-10-03T10:59:45.0774474+00:00" endTime="2026-10-03T10:59:45.3599825+00:00" testType="13CDC9D9-DDB5-4fa4-A97D-D965CCFC6D4B" outcome="Passed" testListId="8C84FA94-04C1-424b-9868-57A2D4851A1D" relativeResultsDirectory="c80cc04a-d1d9-4111-86de-4c85997aa811" />
    <UnitTestResult executionId="7cd895e3-91ec-421e-bd94-7d40e848976d" testId="dfddfef8-5980-a78f-9c21-bc4d5a4ed32f" testName="Grok_rules_launch_brief_uses_runner_ceiling_despite_a_modern_desktop_profile" computerName="5d9e09695ab3" duration="00:00:00.5198398" startTime="2026-10-03T10:59:45.3604393+00:00" endTime="2026-10-03T10:59:45.8802791+00:00" testType="13CDC9D9-DDB5-4fa4-A97D-D965CCFC6D4B" outcome="Passed" testListId="8C84FA94-04C1-424b-9868-57A2D4851A1D" relativeResultsDirectory="7cd895e3-91ec-421e-bd94-7d40e848976d" />
    <UnitTestResult executionId="7df84638-a6a8-4854-898a-dc4d177d110f" testId="9e5f24a0-7fae-e2f9-4b36-994f31440f2c" testName="Runner_write_failure_types_only_the_durable_api_pointer" computerName="5d9e09695ab3" duration="00:00:14.3947731" startTime="2026-10-03T10:59:31.7286420+00:00" endTime="2026-10-03T10:59:46.1234151+00:00" testType="13CDC9D9-DDB5-4fa4-A97D-D965CCFC6D4B" outcome="Passed" testListId="8C84FA94-04C1-424b-9868-57A2D4851A1D" relativeResultsDirectory="7df84638-a6a8-4854-898a-dc4d177d110f">
      <Output>
        <StdOut>[CARD-0204] SessionRunner__BaseUrl=http://127.0.0.1:1, Delegation__CheckInterpreterEnabled=false, Delegation__DiagnoseEnabled=false and Delegation__OutputDistillerEnabled=false for every Program boot in this assembly (inherited SessionRunner__BaseUrl='&lt;unset&gt;') - test hosts never launch on the production session-runner.
[CARD-0298] Hangfire__ServerEnabled=false for every Program boot in this assembly - test hosts never start a Hangfire worker (no WMI census, no production-runner list).
[CARD-0045] cleared inherited ANTIPHON_PTY_BACKEND='inbox' — pty tests declare their backend; the suite means the same thing whoever launched it.
[testcontainers.org 00:00:00.58] Connected to Docker:
  Host: unix:///var/run/docker.sock
  Server Version: 27.5.1
  Kernel Version: 4.15.0-213-generic
  API Version: 1.47
  Operating System: Debian GNU/Linux 12 (bookworm) (containerized)
  Total Memory: 125.90 GB
[testcontainers.org 00:00:01.06] Docker container 314c62f100f5 created
[testcontainers.org 00:00:01.19] Start Docker container 314c62f100f5
[testcontainers.org 00:00:01.51] Wait for Docker container 314c62f100f5 to complete readiness checks
[testcontainers.org 00:00:02.55] Docker container 314c62f100f5 ready
[testcontainers.org 00:00:02.66] Docker container 34c413072612 created
[testcontainers.org 00:00:02.66] Start Docker container 34c413072612
[testcontainers.org 00:00:03.03] Wait for Docker container 34c413072612 to complete readiness checks
[testcontainers.org 00:00:03.04] Execute "pg_isready --host localhost --dbname antiphon_test --username test" at Docker container 34c413072612
[testcontainers.org 00:00:04.14] Execute "pg_isready --host localhost --dbname antiphon_test --username test" at Docker container 34c413072612
[testcontainers.org 00:00:05.23] Execute "pg_isready --host localhost --dbname antiphon_test --username test" at Docker container 34c413072612
[testcontainers.org 00:00:05.34] Docker container 34c413072612 ready
[10:59:41 INF] PTY delivery ceilings: InboxConhost: brief 900B, reply 3,000 chars, single write 1,024B (ANTIPHON_PTY_BACKEND='inbox') {"SourceContext": "Antiphon.Server.Application.Services.PtyDeliveryProfile"}

[10:59:42 INF] Acquiring an exclusive lock for migration application. See https://aka.ms/efcore-docs-migrations-lock for more information if this takes too long. {"EventId": {"Id": 20411, "Name": "Microsoft.EntityFrameworkCore.Migrations.AcquiringMigrationLock"}, "SourceContext": "Microsoft.EntityFrameworkCore.Migrations"}

[10:59:42 INF] No migrations were applied. The database is already up to date. {"EventId": {"Id": 20405, "Name": "Microsoft.EntityFrameworkCore.Migrations.MigrationsNotApplied"}, "SourceContext": "Microsoft.EntityFrameworkCore.Migrations"}

[10:59:42 INF] Workspace reservations reconciled: released 0 orphaned Launch rows {"SourceContext": "Antiphon.Server"}

[10:59:42 WRN] The WebRootPath was not found: /work/worktrees/task-b630f3bf/server/wwwroot. Static files may be unavailable. {"EventId": {"Id": 16, "Name": "WebRootPathNotFound"}, "SourceContext": "Microsoft.AspNetCore.StaticFiles.StaticFileMiddleware"}

[10:59:42 INF] Antiphon server starting {}

[10:59:43 ERR] The key ring does not contain a valid default protection key. The data protection system cannot create a new key because auto-generation of keys is disabled. For more information go to http://aka.ms/dataprotectionwarning {"EventId": {"Id": 49, "Name": "KeyRingDoesNotContainValidDefaultKey"}, "SourceContext": "Microsoft.AspNetCore.DataProtection.KeyManagement.KeyRingProvider"}

[10:59:43 ERR] An error occurred while reading the key ring. {"EventId": {"Id": 48, "Name": "ErrorOccurredWhileReadingKeyRing"}, "SourceContext": "Microsoft.AspNetCore.DataProtection.KeyManagement.KeyRingProvider"}
System.InvalidOperationException: The key ring does not contain a valid default protection key. The data protection system cannot create a new key because auto-generation of keys is disabled. For more information go to https://aka.ms/aspnet/dataprotectionwarning
   at Microsoft.AspNetCore.DataProtection.KeyManagement.KeyRingProvider.CreateCacheableKeyRingCore(DateTimeOffset now, IKey keyJustAdded)
   at System.Threading.Tasks.Task`1.InnerInvoke()
   at System.Threading.ExecutionContext.RunFromThreadPoolDispatchLoop(Thread threadPoolThread, ExecutionContext executionContext, ContextCallback callback, Object state)
--- End of stack trace from previous location ---
   at System.Threading.ExecutionContext.RunFromThreadPoolDispatchLoop(Thread threadPoolThread, ExecutionContext executionContext, ContextCallback callback, Object state)
   at System.Threading.Tasks.Task.ExecuteWithThreadLocal(Task&amp; currentTaskSlot, Thread threadPoolThread)
--- End of stack trace from previous location ---
   at Microsoft.AspNetCore.DataProtection.KeyManagement.KeyRingProvider.GetKeyRingFromCompletedTaskUnsynchronized(Task`1 task, DateTime utcNow)

[10:59:43 INF] Key ring failed to load during application startup. {"EventId": {"Id": 66, "Name": "KeyRingFailedToLoadOnStartup"}, "SourceContext": "Microsoft.AspNetCore.DataProtection.Internal.DataProtectionHostedService"}
System.InvalidOperationException: The key ring does not contain a valid default protection key. The data protection system cannot create a new key because auto-generation of keys is disabled. For more information go to https://aka.ms/aspnet/dataprotectionwarning
   at Microsoft.AspNetCore.DataProtection.KeyManagement.KeyRingProvider.CreateCacheableKeyRingCore(DateTimeOffset now, IKey keyJustAdded)
   at System.Threading.Tasks.Task`1.InnerInvoke()
   at System.Threading.ExecutionContext.RunFromThreadPoolDispatchLoop(Thread threadPoolThread, ExecutionContext executionContext, ContextCallback callback, Object state)
--- End of stack trace from previous location ---
   at System.Threading.ExecutionContext.RunFromThreadPoolDispatchLoop(Thread threadPoolThread, ExecutionContext executionContext, ContextCallback callback, Object state)
   at System.Threading.Tasks.Task.ExecuteWithThreadLocal(Task&amp; currentTaskSlot, Thread threadPoolThread)
--- End of stack trace from previous location ---
   at Microsoft.AspNetCore.DataProtection.KeyManagement.KeyRingProvider.GetKeyRingFromCompletedTaskUnsynchronized(Task`1 task, DateTime utcNow)
   at Microsoft.AspNetCore.DataProtection.KeyManagement.KeyRingProvider.GetCurrentKeyRingCoreNew(DateTime utcNow, Boolean forceRefresh)
   at Microsoft.AspNetCore.DataProtection.Internal.DataProtectionHostedService.StartAsync(CancellationToken token)

[10:59:43 INF] GitHub integration is disabled globally. GitHubMonitorService will not run {"SourceContext": "Antiphon.Server.Infrastructure.GitHub.GitHubMonitorService"}

[10:59:43 INF] ChangeDetectionService started with 30s poll interval {"SourceContext": "Antiphon.Server.Infrastructure.ExternalChanges.ChangeDetectionService"}

[10:59:43 INF] WorktreeHealthHostedService started {"SourceContext": "Antiphon.Server.Infrastructure.Git.WorktreeHealthHostedService"}

[10:59:43 INF] Subscription usage monitoring disabled by configuration {"SourceContext": "Antiphon.Server.Infrastructure.Supervision.SubscriptionUsageMonitorHostedService"}

[10:59:43 INF] Away digest disabled by configuration {"SourceContext": "Antiphon.Server.Infrastructure.Supervision.AwayDigestHostedService"}

[10:59:43 INF] Output distiller is disabled; the distiller worker will not run. {"SourceContext": "Antiphon.Server.Infrastructure.Orchestration.OutputDistillationHostedService"}

[10:59:43 INF] Diagnose sweep is disabled; unlabelled cards will not be queued. {"SourceContext": "Antiphon.Server.Infrastructure.Orchestration.DiagnoseSweepHostedService"}

[10:59:43 INF] Diagnose is disabled; the diagnose worker will not run. {"SourceContext": "Antiphon.Server.Infrastructure.Orchestration.DiagnoseHostedService"}

[10:59:43 WRN] Overriding HTTP_PORTS '8080' and HTTPS_PORTS ''. Binding to values defined by URLS instead 'http://+:8080'. {"EventId": {"Id": 15}, "SourceContext": "Microsoft.AspNetCore.Hosting.Diagnostics"}

[10:59:43 WRN] The WebRootPath was not found: /work/worktrees/task-b630f3bf/server/wwwroot. Static files may be unavailable. {"EventId": {"Id": 16, "Name": "WebRootPathNotFound"}, "SourceContext": "Microsoft.AspNetCore.StaticFiles.StaticFileMiddleware"}

Activity.TraceId:            25f7e5cfb2511723eff29dd72e308503
Activity.SpanId:             3f6cb2057a27df6c
Activity.TraceFlags:         Recorded
Activity.ParentSpanId:       db3821c5c867e119
Activity.DisplayName:        GET
Activity.Kind:               Client
Activity.StartTime:          2026-10-03T10:59:43.5347767Z
[10:59:43 INF] Re-priced 0 delegated task(s) at pricing v2: $0.00 -&gt; $0.00 (0 left as legacy estimates — transcript gone) {"SourceContext": "Antiphon.Server.Application.Services.DelegationCostBackfillService"}

Activity.Duration:           00:00:00.0222016
Activity.Tags:
    http.request.method: GET
    server.address: 127.0.0.1
    server.port: 1
    url.full: http://127.0.0.1:1/host-stats
    error.type: connection_error
StatusCode: Error
Instrumentation scope (ActivitySource):
    Name: System.Net.Http
Resource associated with Activity:
    service.name: Antiphon
    service.instance.id: dc6a4bda-9b06-4389-bf5c-6d3e252ae7cc
    telemetry.sdk.name: opentelemetry
    telemetry.sdk.language: dotnet
    telemetry.sdk.version: 1.15.0
Activity.TraceId:            25f7e5cfb2511723eff29dd72e308503
Activity.SpanId:             c6bbcc4f6a0d2aaa
Activity.TraceFlags:         Recorded
Activity.ParentSpanId:       db3821c5c867e119
Activity.DisplayName:        GET
Activity.Kind:               Client
Activity.StartTime:          2026-10-03T10:59:43.7081411Z
Activity.Duration:           00:00:00.0009035
Activity.Tags:
    http.request.method: GET
    server.address: 127.0.0.1
    server.port: 1
    url.full: http://127.0.0.1:1/capabilities
    error.type: connection_error
StatusCode: Error
Instrumentation scope (ActivitySource):
    Name: System.Net.Http
Resource associated with Activity:
    service.name: Antiphon
    service.instance.id: dc6a4bda-9b06-4389-bf5c-6d3e252ae7cc
    telemetry.sdk.name: opentelemetry
    telemetry.sdk.language: dotnet
    telemetry.sdk.version: 1.15.0
[10:59:43 WRN] Resilience retry runner.get-capabilities dependency runner retry 1 of 6 reason socket:ConnectionRefused elapsed 23 remaining 99907 delay 308 {"SourceContext": "Antiphon.Resilience.ResiliencePipelineCache", "HttpMethod": "GET", "Uri": "http://127.0.0.1:1/capabilities", "Scope": ["HTTP GET http://127.0.0.1:1/capabilities"]}

[10:59:43 INF] Retention sweep deleted 0 session row(s), 0 transcript row(s), 0 queued message(s), 0 task row(s), 0 audit record(s), 0 subscription-usage sample(s) {"SourceContext": "Antiphon.Server.Infrastructure.Supervision.DataRetentionHostedService"}

Activity.TraceId:            25f7e5cfb2511723eff29dd72e308503
Activity.SpanId:             db4d6d3f1225d1cf
Activity.TraceFlags:         Recorded
Activity.ParentSpanId:       db3821c5c867e119
Activity.DisplayName:        GET
Activity.Kind:               Client
Activity.StartTime:          2026-10-03T10:59:44.0360821Z
Activity.Duration:           00:00:00.0023777
Activity.Tags:
    http.request.method: GET
    server.address: 127.0.0.1
    server.port: 1
    url.full: http://127.0.0.1:1/capabilities
    error.type: connection_error
StatusCode: Error
Instrumentation scope (ActivitySource):
    Name: System.Net.Http
Resource associated with Activity:
    service.name: Antiphon
    service.instance.id: dc6a4bda-9b06-4389-bf5c-6d3e252ae7cc
    telemetry.sdk.name: opentelemetry
    telemetry.sdk.language: dotnet
    telemetry.sdk.version: 1.15.0
[10:59:44 WRN] Resilience retry runner.get-capabilities dependency runner retry 2 of 6 reason socket:ConnectionRefused elapsed 8 remaining 99585 delay 335 {"SourceContext": "Antiphon.Resilience.ResiliencePipelineCache", "HttpMethod": "GET", "Uri": "http://127.0.0.1:1/capabilities", "Scope": ["HTTP GET http://127.0.0.1:1/capabilities"]}

Activity.TraceId:            25f7e5cfb2511723eff29dd72e308503
Activity.SpanId:             8b652d4fce3570fd
Activity.TraceFlags:         Recorded
Activity.ParentSpanId:       db3821c5c867e119
Activity.DisplayName:        GET
Activity.Kind:               Client
Activity.StartTime:          2026-10-03T10:59:44.3792682Z
Activity.Duration:           00:00:00.0018296
Activity.Tags:
    http.request.method: GET
    server.address: 127.0.0.1
    server.port: 1
    url.full: http://127.0.0.1:1/capabilities
    error.type: connection_error
StatusCode: Error
Instrumentation scope (ActivitySource):
    Name: System.Net.Http
Resource associated with Activity:
    service.name: Antiphon
    service.instance.id: dc6a4bda-9b06-4389-bf5c-6d3e252ae7cc
    telemetry.sdk.name: opentelemetry
    telemetry.sdk.language: dotnet
    telemetry.sdk.version: 1.15.0
[10:59:44 WRN] Resilience retry runner.get-capabilities dependency runner retry 3 of 6 reason socket:ConnectionRefused elapsed 3 remaining 99248 delay 482 {"SourceContext": "Antiphon.Resilience.ResiliencePipelineCache", "HttpMethod": "GET", "Uri": "http://127.0.0.1:1/capabilities", "Scope": ["HTTP GET http://127.0.0.1:1/capabilities"]}

Activity.TraceId:            25f7e5cfb2511723eff29dd72e308503
Activity.SpanId:             397e39ab6075b422
Activity.TraceFlags:         Recorded
Activity.ParentSpanId:       db3821c5c867e119
Activity.DisplayName:        GET
Activity.Kind:               Client
Activity.StartTime:          2026-10-03T10:59:44.8670223Z
Activity.Duration:           00:00:00.0010894
Activity.Tags:
    http.request.method: GET
    server.address: 127.0.0.1
    server.port: 1
    url.full: http://127.0.0.1:1/capabilities
    error.type: connection_error
StatusCode: Error
Instrumentation scope (ActivitySource):
    Name: System.Net.Http
Resource associated with Activity:
    service.name: Antiphon
    service.instance.id: dc6a4bda-9b06-4389-bf5c-6d3e252ae7cc
    telemetry.sdk.name: opentelemetry
    telemetry.sdk.language: dotnet
    telemetry.sdk.version: 1.15.0
[10:59:44 WRN] Resilience retry runner.get-capabilities dependency runner retry 4 of 6 reason socket:ConnectionRefused elapsed 1 remaining 98762 delay 384 {"SourceContext": "Antiphon.Resilience.ResiliencePipelineCache", "HttpMethod": "GET", "Uri": "http://127.0.0.1:1/capabilities", "Scope": ["HTTP GET http://127.0.0.1:1/capabilities"]}

[10:59:45 INF] Now listening on: http://+:8080 {"EventId": {"Id": 14, "Name": "ListeningOnAddress"}, "SourceContext": "Microsoft.Hosting.Lifetime"}

Activity.TraceId:            25f7e5cfb2511723eff29dd72e308503
Activity.SpanId:             81477583ac05ebb7
Activity.TraceFlags:         Recorded
Activity.ParentSpanId:       db3821c5c867e119
Activity.DisplayName:        GET
Activity.Kind:               Client
Activity.StartTime:          2026-10-03T10:59:45.2532861Z
Activity.Duration:           00:00:00.0038211
Activity.Tags:
    http.request.method: GET
    server.address: 127.0.0.1
    server.port: 1
    url.full: http://127.0.0.1:1/capabilities
    error.type: connection_error
StatusCode: Error
Instrumentation scope (ActivitySource):
    Name: System.Net.Http
Resource associated with Activity:
    service.name: Antiphon
    service.instance.id: dc6a4bda-9b06-4389-bf5c-6d3e252ae7cc
    telemetry.sdk.name: opentelemetry
    telemetry.sdk.language: dotnet
    telemetry.sdk.version: 1.15.0
[10:59:45 WRN] Resilience retry runner.get-capabilities dependency runner retry 5 of 6 reason socket:ConnectionRefused elapsed 4 remaining 98373 delay 2117 {"SourceContext": "Antiphon.Resilience.ResiliencePipelineCache", "HttpMethod": "GET", "Uri": "http://127.0.0.1:1/capabilities", "Scope": ["HTTP GET http://127.0.0.1:1/capabilities"]}

[10:59:45 WRN] Resilience outcome runner.get-capabilities dependency runner outcome canceled reason TaskCanceledException elapsed 1976 {"SourceContext": "Antiphon.Resilience.AdmittedReadHandler", "HttpMethod": "GET", "Uri": "http://127.0.0.1:1/capabilities", "Scope": ["HTTP GET http://127.0.0.1:1/capabilities"]}

</StdOut>
        <StdErr>[TUnit] External span cap of 100 reached; subsequent spans will be dropped. Set TUNIT_OTEL_MAX_EXTERNAL_SPANS to raise the limit.
</StdErr>
      </Output>
    </UnitTestResult>
    <UnitTestResult executionId="292e9322-7c38-45c3-ba8c-9521db0893e0" testId="7015975f-6230-a9f4-41ba-110464c765fc" testName="Runner_path_refusal_never_writes_outside_the_mirror" computerName="5d9e09695ab3" duration="00:00:00.0044138" startTime="2026-10-03T10:59:46.1284283+00:00" endTime="2026-10-03T10:59:46.1328421+00:00" testType="13CDC9D9-DDB5-4fa4-A97D-D965CCFC6D4B" outcome="Passed" testListId="8C84FA94-04C1-424b-9868-57A2D4851A1D" relativeResultsDirectory="292e9322-7c38-45c3-ba8c-9521db0893e0" />
    <UnitTestResult executionId="8af481fe-58e5-436a-a6be-8c8141d34493" testId="5bbb951a-9fb0-312a-0816-11cbcfad0ec4" testName="Input_failure_after_write_never_selects_fallback" computerName="5d9e09695ab3" duration="00:00:01.0145159" startTime="2026-10-03T10:59:46.1331746+00:00" endTime="2026-10-03T10:59:47.1476905+00:00" testType="13CDC9D9-DDB5-4fa4-A97D-D965CCFC6D4B" outcome="Passed" testListId="8C84FA94-04C1-424b-9868-57A2D4851A1D" relativeResultsDirectory="8af481fe-58e5-436a-a6be-8c8141d34493" />
    <UnitTestResult executionId="0248f546-7ada-4675-b4ea-25d5f6c10f63" testId="06bfe13f-e130-0362-1742-9899a9ef92b3" testName="Queued_runner_spill_keeps_its_bytes_and_receives_a_complete_UserPrompt" computerName="5d9e09695ab3" duration="00:00:01.2975324" startTime="2026-10-03T10:59:45.8808399+00:00" endTime="2026-10-03T10:59:47.1783723+00:00" testType="13CDC9D9-DDB5-4fa4-A97D-D965CCFC6D4B" outcome="Passed" testListId="8C84FA94-04C1-424b-9868-57A2D4851A1D" relativeResultsDirectory="0248f546-7ada-4675-b4ea-25d5f6c10f63" />
    <UnitTestResult executionId="c964d883-1745-457e-8084-c5f394db2231" testId="db92051e-6db2-a227-ed79-80406af9a72a" testName="Restart_after_fallback_commit_replays_the_same_api_pointer" computerName="5d9e09695ab3" duration="00:00:00.5980963" startTime="2026-10-03T10:59:47.1483595+00:00" endTime="2026-10-03T10:59:47.7464558+00:00" testType="13CDC9D9-DDB5-4fa4-A97D-D965CCFC6D4B" outcome="Passed" testListId="8C84FA94-04C1-424b-9868-57A2D4851A1D" relativeResultsDirectory="c964d883-1745-457e-8084-c5f394db2231" />
    <UnitTestResult executionId="e9d86c90-846e-4a8e-96d0-6259735431df" testId="511007a4-246d-a2a5-7744-0abc671a45d1" testName="Dispatcher_pointer_survives_queue_binding_and_reaches_a_complete_UserPrompt" computerName="5d9e09695ab3" duration="00:00:01.3572458" startTime="2026-10-03T10:59:47.1789312+00:00" endTime="2026-10-03T10:59:48.5361770+00:00" testType="13CDC9D9-DDB5-4fa4-A97D-D965CCFC6D4B" outcome="Passed" testListId="8C84FA94-04C1-424b-9868-57A2D4851A1D" relativeResultsDirectory="e9d86c90-846e-4a8e-96d0-6259735431df" />
    <UnitTestResult executionId="c0be20f0-adec-4041-9a99-586aecf71531" testId="bbb2ec9c-a9b4-86b2-9775-104b8b2f191a" testName="SendNow_persists_the_spill_body_before_delivery_so_a_restart_can_read_it" computerName="5d9e09695ab3" duration="00:00:00.5333997" startTime="2026-10-03T10:59:48.5367136+00:00" endTime="2026-10-03T10:59:49.0701133+00:00" testType="13CDC9D9-DDB5-4fa4-A97D-D965CCFC6D4B" outcome="Passed" testListId="8C84FA94-04C1-424b-9868-57A2D4851A1D" relativeResultsDirectory="c0be20f0-adec-4041-9a99-586aecf71531" />
    <UnitTestResult executionId="e8fbacf2-f940-4853-82ca-f5e89571aed8" testId="644d2ae0-cde0-1977-ccd0-7a1d68eee09e" testName="Different_pointers_keep_their_own_staged_bodies" computerName="5d9e09695ab3" duration="00:00:00.0008826" startTime="2026-10-03T10:59:49.0793123+00:00" endTime="2026-10-03T10:59:49.0801949+00:00" testType="13CDC9D9-DDB5-4fa4-A97D-D965CCFC6D4B" outcome="Passed" testListId="8C84FA94-04C1-424b-9868-57A2D4851A1D" relativeResultsDirectory="e8fbacf2-f940-4853-82ca-f5e89571aed8" />
    <UnitTestResult executionId="8d759ac6-1b65-44d0-a71f-2172875d1529" testId="e81570c7-5159-746f-70da-2f0f62fa91ab" testName="Remote_spill_never_writes_desktop_file" computerName="5d9e09695ab3" duration="00:00:00.0014104" startTime="2026-10-03T10:59:49.0804135+00:00" endTime="2026-10-03T10:59:49.0818239+00:00" testType="13CDC9D9-DDB5-4fa4-A97D-D965CCFC6D4B" outcome="Passed" testListId="8C84FA94-04C1-424b-9868-57A2D4851A1D" relativeResultsDirectory="8d759ac6-1b65-44d0-a71f-2172875d1529" />
    <UnitTestResult executionId="03885984-1bf6-440a-8726-68a18dba38ae" testId="63646943-1ec5-623e-667b-dcb5696681c7" testName="Remote_spill_travels_in_input_payload" computerName="5d9e09695ab3" duration="00:00:00.0052030" startTime="2026-10-03T10:59:49.0820096+00:00" endTime="2026-10-03T10:59:49.0872126+00:00" testType="13CDC9D9-DDB5-4fa4-A97D-D965CCFC6D4B" outcome="Passed" testListId="8C84FA94-04C1-424b-9868-57A2D4851A1D" relativeResultsDirectory="03885984-1bf6-440a-8726-68a18dba38ae" />
    <UnitTestResult executionId="9b57dbd6-8a93-4eb0-a24c-ad9d6e7c352c" testId="1eba8dd7-1d05-eb73-f843-a59dbd333db0" testName="Sessions_do_not_share_a_staged_body" computerName="5d9e09695ab3" duration="00:00:00.0002517" startTime="2026-10-03T10:59:49.0874175+00:00" endTime="2026-10-03T10:59:49.0876692+00:00" testType="13CDC9D9-DDB5-4fa4-A97D-D965CCFC6D4B" outcome="Passed" testListId="8C84FA94-04C1-424b-9868-57A2D4851A1D" relativeResultsDirectory="9b57dbd6-8a93-4eb0-a24c-ad9d6e7c352c" />
    <UnitTestResult executionId="c3cdc3ab-5c4a-49dc-abb4-3b8cd593481d" testId="5c5bb63d-b246-7c81-ad17-4dab3d1bf361" testName="A_body_staged_during_the_send_survives_the_acknowledgement" computerName="5d9e09695ab3" duration="00:00:00.0655393" startTime="2026-10-03T10:59:49.0882705+00:00" endTime="2026-10-03T10:59:49.1538098+00:00" testType="13CDC9D9-DDB5-4fa4-A97D-D965CCFC6D4B" outcome="Passed" testListId="8C84FA94-04C1-424b-9868-57A2D4851A1D" relativeResultsDirectory="c3cdc3ab-5c4a-49dc-abb4-3b8cd593481d" />
    <UnitTestResult executionId="ff33620f-a010-4ca0-be8e-3e60b936125c" testId="bab1f5f9-eef1-e0c6-6112-49a4a1698aca" testName="A_failed_input_frame_leaves_the_body_recoverable" computerName="5d9e09695ab3" duration="00:00:00.0667830" startTime="2026-10-03T10:59:49.1541236+00:00" endTime="2026-10-03T10:59:49.2209066+00:00" testType="13CDC9D9-DDB5-4fa4-A97D-D965CCFC6D4B" outcome="Passed" testListId="8C84FA94-04C1-424b-9868-57A2D4851A1D" relativeResultsDirectory="ff33620f-a010-4ca0-be8e-3e60b936125c" />
    <UnitTestResult executionId="79ea04aa-cd0c-4373-9da6-34490e899a39" testId="30d9944a-0e87-3ff6-685e-9ee1d1391a9b" testName="Staged_body_reaches_the_runner_and_lands_on_disk" computerName="5d9e09695ab3" duration="00:00:00.0620769" startTime="2026-10-03T10:59:49.2213319+00:00" endTime="2026-10-03T10:59:49.2834088+00:00" testType="13CDC9D9-DDB5-4fa4-A97D-D965CCFC6D4B" outcome="Passed" testListId="8C84FA94-04C1-424b-9868-57A2D4851A1D" relativeResultsDirectory="79ea04aa-cd0c-4373-9da6-34490e899a39" />
    <UnitTestResult executionId="504d8d2a-4a18-45b3-afad-3e2b4218c600" testId="9a4a0c88-1380-37a2-8353-fa2ae61c6f96" testName="Input_endpoint_requires_the_recipient_task_token" computerName="5d9e09695ab3" duration="00:00:05.5587131" startTime="2026-10-03T10:59:47.7470797+00:00" endTime="2026-10-03T10:59:53.3057928+00:00" testType="13CDC9D9-DDB5-4fa4-A97D-D965CCFC6D4B" outcome="Passed" testListId="8C84FA94-04C1-424b-9868-57A2D4851A1D" relativeResultsDirectory="504d8d2a-4a18-45b3-afad-3e2b4218c600">
      <Output>
        <StdOut>[10:59:50 INF] PTY delivery ceilings: InboxConhost: brief 900B, reply 3,000 chars, single write 1,024B (ANTIPHON_PTY_BACKEND='inbox') {"SourceContext": "Antiphon.Server.Application.Services.PtyDeliveryProfile"}

[10:59:51 INF] Acquiring an exclusive lock for migration application. See https://aka.ms/efcore-docs-migrations-lock for more information if this takes too long. {"EventId": {"Id": 20411, "Name": "Microsoft.EntityFrameworkCore.Migrations.AcquiringMigrationLock"}, "SourceContext": "Microsoft.EntityFrameworkCore.Migrations"}

[10:59:51 INF] No migrations were applied. The database is already up to date. {"EventId": {"Id": 20405, "Name": "Microsoft.EntityFrameworkCore.Migrations.MigrationsNotApplied"}, "SourceContext": "Microsoft.EntityFrameworkCore.Migrations"}

[10:59:51 INF] Workspace reservations reconciled: released 0 orphaned Launch rows {"SourceContext": "Antiphon.Server"}

[10:59:51 WRN] The WebRootPath was not found: /work/worktrees/task-b630f3bf/server/wwwroot. Static files may be unavailable. {"EventId": {"Id": 16, "Name": "WebRootPathNotFound"}, "SourceContext": "Microsoft.AspNetCore.StaticFiles.StaticFileMiddleware"}

[10:59:51 INF] Antiphon server starting {}

[10:59:51 ERR] The key ring does not contain a valid default protection key. The data protection system cannot create a new key because auto-generation of keys is disabled. For more information go to http://aka.ms/dataprotectionwarning {"EventId": {"Id": 49, "Name": "KeyRingDoesNotContainValidDefaultKey"}, "SourceContext": "Microsoft.AspNetCore.DataProtection.KeyManagement.KeyRingProvider"}

[10:59:51 ERR] An error occurred while reading the key ring. {"EventId": {"Id": 48, "Name": "ErrorOccurredWhileReadingKeyRing"}, "SourceContext": "Microsoft.AspNetCore.DataProtection.KeyManagement.KeyRingProvider"}
System.InvalidOperationException: The key ring does not contain a valid default protection key. The data protection system cannot create a new key because auto-generation of keys is disabled. For more information go to https://aka.ms/aspnet/dataprotectionwarning
   at Microsoft.AspNetCore.DataProtection.KeyManagement.KeyRingProvider.CreateCacheableKeyRingCore(DateTimeOffset now, IKey keyJustAdded)
   at System.Threading.Tasks.Task`1.InnerInvoke()
   at System.Threading.ExecutionContext.RunFromThreadPoolDispatchLoop(Thread threadPoolThread, ExecutionContext executionContext, ContextCallback callback, Object state)
--- End of stack trace from previous location ---
   at System.Threading.ExecutionContext.RunFromThreadPoolDispatchLoop(Thread threadPoolThread, ExecutionContext executionContext, ContextCallback callback, Object state)
   at System.Threading.Tasks.Task.ExecuteWithThreadLocal(Task&amp; currentTaskSlot, Thread threadPoolThread)
--- End of stack trace from previous location ---
   at Microsoft.AspNetCore.DataProtection.KeyManagement.KeyRingProvider.GetKeyRingFromCompletedTaskUnsynchronized(Task`1 task, DateTime utcNow)

[10:59:51 INF] Key ring failed to load during application startup. {"EventId": {"Id": 66, "Name": "KeyRingFailedToLoadOnStartup"}, "SourceContext": "Microsoft.AspNetCore.DataProtection.Internal.DataProtectionHostedService"}
System.InvalidOperationException: The key ring does not contain a valid default protection key. The data protection system cannot create a new key because auto-generation of keys is disabled. For more information go to https://aka.ms/aspnet/dataprotectionwarning
   at Microsoft.AspNetCore.DataProtection.KeyManagement.KeyRingProvider.CreateCacheableKeyRingCore(DateTimeOffset now, IKey keyJustAdded)
   at System.Threading.Tasks.Task`1.InnerInvoke()
   at System.Threading.ExecutionContext.RunFromThreadPoolDispatchLoop(Thread threadPoolThread, ExecutionContext executionContext, ContextCallback callback, Object state)
--- End of stack trace from previous location ---
   at System.Threading.ExecutionContext.RunFromThreadPoolDispatchLoop(Thread threadPoolThread, ExecutionContext executionContext, ContextCallback callback, Object state)
   at System.Threading.Tasks.Task.ExecuteWithThreadLocal(Task&amp; currentTaskSlot, Thread threadPoolThread)
--- End of stack trace from previous location ---
   at Microsoft.AspNetCore.DataProtection.KeyManagement.KeyRingProvider.GetKeyRingFromCompletedTaskUnsynchronized(Task`1 task, DateTime utcNow)
   at Microsoft.AspNetCore.DataProtection.KeyManagement.KeyRingProvider.GetCurrentKeyRingCoreNew(DateTime utcNow, Boolean forceRefresh)
   at Microsoft.AspNetCore.DataProtection.Internal.DataProtectionHostedService.StartAsync(CancellationToken token)

[10:59:51 INF] GitHub integration is disabled globally. GitHubMonitorService will not run {"SourceContext": "Antiphon.Server.Infrastructure.GitHub.GitHubMonitorService"}

[10:59:51 INF] WorktreeHealthHostedService started {"SourceContext": "Antiphon.Server.Infrastructure.Git.WorktreeHealthHostedService"}

[10:59:51 INF] ChangeDetectionService started with 30s poll interval {"SourceContext": "Antiphon.Server.Infrastructure.ExternalChanges.ChangeDetectionService"}

[10:59:51 INF] Subscription usage monitoring disabled by configuration {"SourceContext": "Antiphon.Server.Infrastructure.Supervision.SubscriptionUsageMonitorHostedService"}

[10:59:51 INF] Away digest disabled by configuration {"SourceContext": "Antiphon.Server.Infrastructure.Supervision.AwayDigestHostedService"}

[10:59:51 INF] Diagnose is disabled; the diagnose worker will not run. {"SourceContext": "Antiphon.Server.Infrastructure.Orchestration.DiagnoseHostedService"}

[10:59:51 INF] Diagnose sweep is disabled; unlabelled cards will not be queued. {"SourceContext": "Antiphon.Server.Infrastructure.Orchestration.DiagnoseSweepHostedService"}

[10:59:51 INF] Output distiller is disabled; the distiller worker will not run. {"SourceContext": "Antiphon.Server.Infrastructure.Orchestration.OutputDistillationHostedService"}

[10:59:51 WRN] Overriding HTTP_PORTS '8080' and HTTPS_PORTS ''. Binding to values defined by URLS instead 'http://+:8080'. {"EventId": {"Id": 15}, "SourceContext": "Microsoft.AspNetCore.Hosting.Diagnostics"}

[10:59:51 WRN] The WebRootPath was not found: /work/worktrees/task-b630f3bf/server/wwwroot. Static files may be unavailable. {"EventId": {"Id": 16, "Name": "WebRootPathNotFound"}, "SourceContext": "Microsoft.AspNetCore.StaticFiles.StaticFileMiddleware"}

Activity.TraceId:            e4a89a61caa2e1bb5c2c17d04ee81974
Activity.SpanId:             f443d92d2707854c
Activity.TraceFlags:         Recorded
Activity.ParentSpanId:       9b3ea112680e4943
Activity.DisplayName:        GET
Activity.Kind:               Client
Activity.StartTime:          2026-10-03T10:59:51.5301529Z
Activity.Duration:           00:00:00.0018296
Activity.Tags:
    http.request.method: GET
    server.address: 127.0.0.1
    server.port: 1
    url.full: http://127.0.0.1:1/host-stats
    error.type: connection_error
StatusCode: Error
Instrumentation scope (ActivitySource):
    Name: System.Net.Http
Resource associated with Activity:
    service.name: Antiphon
    service.instance.id: dc6a4bda-9b06-4389-bf5c-6d3e252ae7cc
    telemetry.sdk.name: opentelemetry
    telemetry.sdk.language: dotnet
    telemetry.sdk.version: 1.15.0
[10:59:51 INF] Re-priced 0 delegated task(s) at pricing v2: $0.00 -&gt; $0.00 (0 left as legacy estimates — transcript gone) {"SourceContext": "Antiphon.Server.Application.Services.DelegationCostBackfillService"}

Activity.TraceId:            e4a89a61caa2e1bb5c2c17d04ee81974
Activity.SpanId:             af523f0ee5f282a8
Activity.TraceFlags:         Recorded
Activity.ParentSpanId:       9b3ea112680e4943
Activity.DisplayName:        GET
Activity.Kind:               Client
Activity.StartTime:          2026-10-03T10:59:51.5791892Z
Activity.Duration:           00:00:00.0012360
Activity.Tags:
    http.request.method: GET
    server.address: 127.0.0.1
    server.port: 1
    url.full: http://127.0.0.1:1/capabilities
    error.type: connection_error
StatusCode: Error
Instrumentation scope (ActivitySource):
    Name: System.Net.Http
Resource associated with Activity:
    service.name: Antiphon
    service.instance.id: dc6a4bda-9b06-4389-bf5c-6d3e252ae7cc
    telemetry.sdk.name: opentelemetry
    telemetry.sdk.language: dotnet
    telemetry.sdk.version: 1.15.0
[10:59:51 WRN] Resilience retry runner.get-capabilities dependency runner retry 1 of 6 reason socket:ConnectionRefused elapsed 1 remaining 99974 delay 172 {"SourceContext": "Antiphon.Resilience.ResiliencePipelineCache", "HttpMethod": "GET", "Uri": "http://127.0.0.1:1/capabilities", "Scope": ["HTTP GET http://127.0.0.1:1/capabilities"]}

[10:59:51 INF] Retention sweep deleted 0 session row(s), 0 transcript row(s), 0 queued message(s), 0 task row(s), 0 audit record(s), 0 subscription-usage sample(s) {"SourceContext": "Antiphon.Server.Infrastructure.Supervision.DataRetentionHostedService"}

Activity.TraceId:            e4a89a61caa2e1bb5c2c17d04ee81974
Activity.SpanId:             be2a346317d27c07
Activity.TraceFlags:         Recorded
Activity.ParentSpanId:       9b3ea112680e4943
Activity.DisplayName:        GET
Activity.Kind:               Client
Activity.StartTime:          2026-10-03T10:59:51.7536257Z
Activity.Duration:           00:00:00.0013979
Activity.Tags:
    http.request.method: GET
    server.address: 127.0.0.1
    server.port: 1
    url.full: http://127.0.0.1:1/capabilities
    error.type: connection_error
StatusCode: Error
Instrumentation scope (ActivitySource):
    Name: System.Net.Http
Resource associated with Activity:
    service.name: Antiphon
    service.instance.id: dc6a4bda-9b06-4389-bf5c-6d3e252ae7cc
    telemetry.sdk.name: opentelemetry
    telemetry.sdk.language: dotnet
    telemetry.sdk.version: 1.15.0
[10:59:51 WRN] Resilience retry runner.get-capabilities dependency runner retry 2 of 6 reason socket:ConnectionRefused elapsed 1 remaining 99800 delay 181 {"SourceContext": "Antiphon.Resilience.ResiliencePipelineCache", "HttpMethod": "GET", "Uri": "http://127.0.0.1:1/capabilities", "Scope": ["HTTP GET http://127.0.0.1:1/capabilities"]}

Activity.TraceId:            e4a89a61caa2e1bb5c2c17d04ee81974
Activity.SpanId:             241751ef5cf6f3c4
Activity.TraceFlags:         Recorded
Activity.ParentSpanId:       9b3ea112680e4943
Activity.DisplayName:        GET
Activity.Kind:               Client
Activity.StartTime:          2026-10-03T10:59:51.9382397Z
Activity.Duration:           00:00:00.0012721
Activity.Tags:
    http.request.method: GET
    server.address: 127.0.0.1
    server.port: 1
    url.full: http://127.0.0.1:1/capabilities
    error.type: connection_error
StatusCode: Error
Instrumentation scope (ActivitySource):
    Name: System.Net.Http
Resource associated with Activity:
    service.name: Antiphon
    service.instance.id: dc6a4bda-9b06-4389-bf5c-6d3e252ae7cc
    telemetry.sdk.name: opentelemetry
    telemetry.sdk.language: dotnet
    telemetry.sdk.version: 1.15.0
[10:59:51 WRN] Resilience retry runner.get-capabilities dependency runner retry 3 of 6 reason socket:ConnectionRefused elapsed 1 remaining 99615 delay 801 {"SourceContext": "Antiphon.Resilience.ResiliencePipelineCache", "HttpMethod": "GET", "Uri": "http://127.0.0.1:1/capabilities", "Scope": ["HTTP GET http://127.0.0.1:1/capabilities"]}

[10:59:52 INF] Now listening on: http://+:8080 {"EventId": {"Id": 14, "Name": "ListeningOnAddress"}, "SourceContext": "Microsoft.Hosting.Lifetime"}

Activity.TraceId:            e4a89a61caa2e1bb5c2c17d04ee81974
Activity.SpanId:             32518e5a4e1418fd
Activity.TraceFlags:         Recorded
Activity.ParentSpanId:       9b3ea112680e4943
Activity.DisplayName:        GET
Activity.Kind:               Client
Activity.StartTime:          2026-10-03T10:59:52.7429918Z
Activity.Duration:           00:00:00.0008175
Activity.Tags:
    http.request.method: GET
    server.address: 127.0.0.1
    server.port: 1
    url.full: http://127.0.0.1:1/capabilities
    error.type: connection_error
StatusCode: Error
Instrumentation scope (ActivitySource):
    Name: System.Net.Http
Resource associated with Activity:
    service.name: Antiphon
    service.instance.id: dc6a4bda-9b06-4389-bf5c-6d3e252ae7cc
    telemetry.sdk.name: opentelemetry
    telemetry.sdk.language: dotnet
    telemetry.sdk.version: 1.15.0
[10:59:52 WRN] Resilience retry runner.get-capabilities dependency runner retry 4 of 6 reason socket:ConnectionRefused elapsed 1 remaining 98811 delay 515 {"SourceContext": "Antiphon.Resilience.ResiliencePipelineCache", "HttpMethod": "GET", "Uri": "http://127.0.0.1:1/capabilities", "Scope": ["HTTP GET http://127.0.0.1:1/capabilities"]}

[10:59:53 WRN] Resilience outcome runner.get-capabilities dependency runner outcome canceled reason TaskCanceledException elapsed 1622 {"SourceContext": "Antiphon.Resilience.AdmittedReadHandler", "HttpMethod": "GET", "Uri": "http://127.0.0.1:1/capabilities", "Scope": ["HTTP GET http://127.0.0.1:1/capabilities"]}

</StdOut>
      </Output>
    </UnitTestResult>
    <UnitTestResult executionId="6ad8c628-fa3b-4234-bb87-7cc7d48e239c" testId="e78cdcff-e58d-caae-1c50-2b8db2720527" testName="Input_endpoint_binds_task_event_and_recipient_session" computerName="5d9e09695ab3" duration="00:00:00.3997466" startTime="2026-10-03T10:59:53.3064966+00:00" endTime="2026-10-03T10:59:53.7062432+00:00" testType="13CDC9D9-DDB5-4fa4-A97D-D965CCFC6D4B" outcome="Passed" testListId="8C84FA94-04C1-424b-9868-57A2D4851A1D" relativeResultsDirectory="6ad8c628-fa3b-4234-bb87-7cc7d48e239c" />
    <UnitTestResult executionId="0cdeeef7-adb9-4d96-8747-855e33075681" testId="83129d12-e157-a09a-3a1d-a82eb703cb4a" testName="Input_body_is_absent_from_task_summary_events_and_logs" computerName="5d9e09695ab3" duration="00:00:03.5674668" startTime="2026-10-03T10:59:53.7066999+00:00" endTime="2026-10-03T10:59:57.2741667+00:00" testType="13CDC9D9-DDB5-4fa4-A97D-D965CCFC6D4B" outcome="Passed" testListId="8C84FA94-04C1-424b-9868-57A2D4851A1D" relativeResultsDirectory="0cdeeef7-adb9-4d96-8747-855e33075681">
      <Output>
        <StdOut>[10:59:54 INF] PTY delivery ceilings: InboxConhost: brief 900B, reply 3,000 chars, single write 1,024B (ANTIPHON_PTY_BACKEND='inbox') {"SourceContext": "Antiphon.Server.Application.Services.PtyDeliveryProfile"}

[10:59:54 INF] Acquiring an exclusive lock for migration application. See https://aka.ms/efcore-docs-migrations-lock for more information if this takes too long. {"EventId": {"Id": 20411, "Name": "Microsoft.EntityFrameworkCore.Migrations.AcquiringMigrationLock"}, "SourceContext": "Microsoft.EntityFrameworkCore.Migrations"}

[10:59:54 INF] No migrations were applied. The database is already up to date. {"EventId": {"Id": 20405, "Name": "Microsoft.EntityFrameworkCore.Migrations.MigrationsNotApplied"}, "SourceContext": "Microsoft.EntityFrameworkCore.Migrations"}

[10:59:54 INF] Workspace reservations reconciled: released 0 orphaned Launch rows {"SourceContext": "Antiphon.Server"}

[10:59:55 WRN] The WebRootPath was not found: /work/worktrees/task-b630f3bf/server/wwwroot. Static files may be unavailable. {"EventId": {"Id": 16, "Name": "WebRootPathNotFound"}, "SourceContext": "Microsoft.AspNetCore.StaticFiles.StaticFileMiddleware"}

[10:59:55 INF] Antiphon server starting {}

[10:59:55 ERR] The key ring does not contain a valid default protection key. The data protection system cannot create a new key because auto-generation of keys is disabled. For more information go to http://aka.ms/dataprotectionwarning {"EventId": {"Id": 49, "Name": "KeyRingDoesNotContainValidDefaultKey"}, "SourceContext": "Microsoft.AspNetCore.DataProtection.KeyManagement.KeyRingProvider"}

[10:59:55 ERR] An error occurred while reading the key ring. {"EventId": {"Id": 48, "Name": "ErrorOccurredWhileReadingKeyRing"}, "SourceContext": "Microsoft.AspNetCore.DataProtection.KeyManagement.KeyRingProvider"}
System.InvalidOperationException: The key ring does not contain a valid default protection key. The data protection system cannot create a new key because auto-generation of keys is disabled. For more information go to https://aka.ms/aspnet/dataprotectionwarning
   at Microsoft.AspNetCore.DataProtection.KeyManagement.KeyRingProvider.CreateCacheableKeyRingCore(DateTimeOffset now, IKey keyJustAdded)
   at System.Threading.Tasks.Task`1.InnerInvoke()
   at System.Threading.ExecutionContext.RunFromThreadPoolDispatchLoop(Thread threadPoolThread, ExecutionContext executionContext, ContextCallback callback, Object state)
--- End of stack trace from previous location ---
   at System.Threading.ExecutionContext.RunFromThreadPoolDispatchLoop(Thread threadPoolThread, ExecutionContext executionContext, ContextCallback callback, Object state)
   at System.Threading.Tasks.Task.ExecuteWithThreadLocal(Task&amp; currentTaskSlot, Thread threadPoolThread)
--- End of stack trace from previous location ---
   at Microsoft.AspNetCore.DataProtection.KeyManagement.KeyRingProvider.GetKeyRingFromCompletedTaskUnsynchronized(Task`1 task, DateTime utcNow)

[10:59:55 INF] Key ring failed to load during application startup. {"EventId": {"Id": 66, "Name": "KeyRingFailedToLoadOnStartup"}, "SourceContext": "Microsoft.AspNetCore.DataProtection.Internal.DataProtectionHostedService"}
System.InvalidOperationException: The key ring does not contain a valid default protection key. The data protection system cannot create a new key because auto-generation of keys is disabled. For more information go to https://aka.ms/aspnet/dataprotectionwarning
   at Microsoft.AspNetCore.DataProtection.KeyManagement.KeyRingProvider.CreateCacheableKeyRingCore(DateTimeOffset now, IKey keyJustAdded)
   at System.Threading.Tasks.Task`1.InnerInvoke()
   at System.Threading.ExecutionContext.RunFromThreadPoolDispatchLoop(Thread threadPoolThread, ExecutionContext executionContext, ContextCallback callback, Object state)
--- End of stack trace from previous location ---
   at System.Threading.ExecutionContext.RunFromThreadPoolDispatchLoop(Thread threadPoolThread, ExecutionContext executionContext, ContextCallback callback, Object state)
   at System.Threading.Tasks.Task.ExecuteWithThreadLocal(Task&amp; currentTaskSlot, Thread threadPoolThread)
--- End of stack trace from previous location ---
   at Microsoft.AspNetCore.DataProtection.KeyManagement.KeyRingProvider.GetKeyRingFromCompletedTaskUnsynchronized(Task`1 task, DateTime utcNow)
   at Microsoft.AspNetCore.DataProtection.KeyManagement.KeyRingProvider.GetCurrentKeyRingCoreNew(DateTime utcNow, Boolean forceRefresh)
   at Microsoft.AspNetCore.DataProtection.Internal.DataProtectionHostedService.StartAsync(CancellationToken token)

[10:59:55 INF] GitHub integration is disabled globally. GitHubMonitorService will not run {"SourceContext": "Antiphon.Server.Infrastructure.GitHub.GitHubMonitorService"}

[10:59:55 INF] ChangeDetectionService started with 30s poll interval {"SourceContext": "Antiphon.Server.Infrastructure.ExternalChanges.ChangeDetectionService"}

[10:59:55 INF] WorktreeHealthHostedService started {"SourceContext": "Antiphon.Server.Infrastructure.Git.WorktreeHealthHostedService"}

[10:59:55 INF] Subscription usage monitoring disabled by configuration {"SourceContext": "Antiphon.Server.Infrastructure.Supervision.SubscriptionUsageMonitorHostedService"}

[10:59:55 INF] Away digest disabled by configuration {"SourceContext": "Antiphon.Server.Infrastructure.Supervision.AwayDigestHostedService"}

[10:59:55 INF] Diagnose sweep is disabled; unlabelled cards will not be queued. {"SourceContext": "Antiphon.Server.Infrastructure.Orchestration.DiagnoseSweepHostedService"}

[10:59:55 INF] Output distiller is disabled; the distiller worker will not run. {"SourceContext": "Antiphon.Server.Infrastructure.Orchestration.OutputDistillationHostedService"}

[10:59:55 INF] Diagnose is disabled; the diagnose worker will not run. {"SourceContext": "Antiphon.Server.Infrastructure.Orchestration.DiagnoseHostedService"}

[10:59:55 WRN] Overriding HTTP_PORTS '8080' and HTTPS_PORTS ''. Binding to values defined by URLS instead 'http://+:8080'. {"EventId": {"Id": 15}, "SourceContext": "Microsoft.AspNetCore.Hosting.Diagnostics"}

[10:59:55 WRN] The WebRootPath was not found: /work/worktrees/task-b630f3bf/server/wwwroot. Static files may be unavailable. {"EventId": {"Id": 16, "Name": "WebRootPathNotFound"}, "SourceContext": "Microsoft.AspNetCore.StaticFiles.StaticFileMiddleware"}

Activity.TraceId:            6483a860c5913c32d20b8467dbf5fa22
Activity.SpanId:             a0bcea66ff69176f
Activity.TraceFlags:         Recorded
Activity.ParentSpanId:       7a217eea22538c1e
Activity.DisplayName:        GET
Activity.Kind:               Client
Activity.StartTime:          2026-10-03T10:59:55.1586500Z
Activity.Duration:           00:00:00.0018196
Activity.Tags:
    http.request.method: GET
    server.address: 127.0.0.1
    server.port: 1
    url.full: http://127.0.0.1:1/host-stats
    error.type: connection_error
StatusCode: Error
Instrumentation scope (ActivitySource):
    Name: System.Net.Http
Resource associated with Activity:
    service.name: Antiphon
    service.instance.id: dc6a4bda-9b06-4389-bf5c-6d3e252ae7cc
    telemetry.sdk.name: opentelemetry
    telemetry.sdk.language: dotnet
    telemetry.sdk.version: 1.15.0
[10:59:55 INF] Re-priced 0 delegated task(s) at pricing v2: $0.00 -&gt; $0.00 (0 left as legacy estimates — transcript gone) {"SourceContext": "Antiphon.Server.Application.Services.DelegationCostBackfillService"}

Activity.TraceId:            6483a860c5913c32d20b8467dbf5fa22
Activity.SpanId:             3768e6e0e6f4281e
Activity.TraceFlags:         Recorded
Activity.ParentSpanId:       7a217eea22538c1e
Activity.DisplayName:        GET
Activity.Kind:               Client
Activity.StartTime:          2026-10-03T10:59:55.2056899Z
Activity.Duration:           00:00:00.0014469
Activity.Tags:
    http.request.method: GET
    server.address: 127.0.0.1
    server.port: 1
    url.full: http://127.0.0.1:1/capabilities
    error.type: connection_error
StatusCode: Error
Instrumentation scope (ActivitySource):
    Name: System.Net.Http
Resource associated with Activity:
    service.name: Antiphon
    service.instance.id: dc6a4bda-9b06-4389-bf5c-6d3e252ae7cc
    telemetry.sdk.name: opentelemetry
    telemetry.sdk.language: dotnet
    telemetry.sdk.version: 1.15.0
[10:59:55 WRN] Resilience retry runner.get-capabilities dependency runner retry 1 of 6 reason socket:ConnectionRefused elapsed 2 remaining 99996 delay 270 {"SourceContext": "Antiphon.Resilience.ResiliencePipelineCache", "HttpMethod": "GET", "Uri": "http://127.0.0.1:1/capabilities", "Scope": ["HTTP GET http://127.0.0.1:1/capabilities"]}

[10:59:55 INF] Retention sweep deleted 0 session row(s), 0 transcript row(s), 0 queued message(s), 0 task row(s), 0 audit record(s), 0 subscription-usage sample(s) {"SourceContext": "Antiphon.Server.Infrastructure.Supervision.DataRetentionHostedService"}

Activity.TraceId:            6483a860c5913c32d20b8467dbf5fa22
Activity.SpanId:             69926a6a6eb76416
Activity.TraceFlags:         Recorded
Activity.ParentSpanId:       7a217eea22538c1e
Activity.DisplayName:        GET
Activity.Kind:               Client
Activity.StartTime:          2026-10-03T10:59:55.4786050Z
Activity.Duration:           00:00:00.0014083
Activity.Tags:
    http.request.method: GET
    server.address: 127.0.0.1
    server.port: 1
    url.full: http://127.0.0.1:1/capabilities
    error.type: connection_error
StatusCode: Error
Instrumentation scope (ActivitySource):
    Name: System.Net.Http
Resource associated with Activity:
    service.name: Antiphon
    service.instance.id: dc6a4bda-9b06-4389-bf5c-6d3e252ae7cc
    telemetry.sdk.name: opentelemetry
    telemetry.sdk.language: dotnet
    telemetry.sdk.version: 1.15.0
[10:59:55 WRN] Resilience retry runner.get-capabilities dependency runner retry 2 of 6 reason socket:ConnectionRefused elapsed 2 remaining 99723 delay 140 {"SourceContext": "Antiphon.Resilience.ResiliencePipelineCache", "HttpMethod": "GET", "Uri": "http://127.0.0.1:1/capabilities", "Scope": ["HTTP GET http://127.0.0.1:1/capabilities"]}

Activity.TraceId:            6483a860c5913c32d20b8467dbf5fa22
Activity.SpanId:             a8af8332193bddc0
Activity.TraceFlags:         Recorded
Activity.ParentSpanId:       7a217eea22538c1e
Activity.DisplayName:        GET
Activity.Kind:               Client
Activity.StartTime:          2026-10-03T10:59:55.6214717Z
Activity.Duration:           00:00:00.0014999
Activity.Tags:
    http.request.method: GET
    server.address: 127.0.0.1
    server.port: 1
    url.full: http://127.0.0.1:1/capabilities
    error.type: connection_error
StatusCode: Error
Instrumentation scope (ActivitySource):
    Name: System.Net.Http
Resource associated with Activity:
    service.name: Antiphon
    service.instance.id: dc6a4bda-9b06-4389-bf5c-6d3e252ae7cc
    telemetry.sdk.name: opentelemetry
    telemetry.sdk.language: dotnet
    telemetry.sdk.version: 1.15.0
[10:59:55 WRN] Resilience retry runner.get-capabilities dependency runner retry 3 of 6 reason socket:ConnectionRefused elapsed 2 remaining 99580 delay 423 {"SourceContext": "Antiphon.Resilience.ResiliencePipelineCache", "HttpMethod": "GET", "Uri": "http://127.0.0.1:1/capabilities", "Scope": ["HTTP GET http://127.0.0.1:1/capabilities"]}

Activity.TraceId:            6483a860c5913c32d20b8467dbf5fa22
Activity.SpanId:             41088ecbcf7114c2
Activity.TraceFlags:         Recorded
Activity.ParentSpanId:       7a217eea22538c1e
Activity.DisplayName:        GET
Activity.Kind:               Client
Activity.StartTime:          2026-10-03T10:59:56.0476295Z
Activity.Duration:           00:00:00.0015767
Activity.Tags:
    http.request.method: GET
    server.address: 127.0.0.1
    server.port: 1
    url.full: http://127.0.0.1:1/capabilities
    error.type: connection_error
StatusCode: Error
Instrumentation scope (ActivitySource):
    Name: System.Net.Http
Resource associated with Activity:
    service.name: Antiphon
    service.instance.id: dc6a4bda-9b06-4389-bf5c-6d3e252ae7cc
    telemetry.sdk.name: opentelemetry
    telemetry.sdk.language: dotnet
    telemetry.sdk.version: 1.15.0
[10:59:56 WRN] Resilience retry runner.get-capabilities dependency runner retry 4 of 6 reason socket:ConnectionRefused elapsed 2 remaining 99154 delay 1851 {"SourceContext": "Antiphon.Resilience.ResiliencePipelineCache", "HttpMethod": "GET", "Uri": "http://127.0.0.1:1/capabilities", "Scope": ["HTTP GET http://127.0.0.1:1/capabilities"]}

[10:59:56 INF] Now listening on: http://+:8080 {"EventId": {"Id": 14, "Name": "ListeningOnAddress"}, "SourceContext": "Microsoft.Hosting.Lifetime"}

[10:59:57 WRN] Resilience outcome runner.get-capabilities dependency runner outcome canceled reason TaskCanceledException elapsed 1978 {"SourceContext": "Antiphon.Resilience.AdmittedReadHandler", "HttpMethod": "GET", "Uri": "http://127.0.0.1:1/capabilities", "Scope": ["HTTP GET http://127.0.0.1:1/capabilities"]}

</StdOut>
      </Output>
    </UnitTestResult>
    <UnitTestResult executionId="3d83d0b1-fca7-4fdd-ad0c-72017c84d00d" testId="be782f63-773b-1a6b-14be-ab053f8065f5" testName="Ordinary_spill_errors_keep_their_existing_delivery_behavior" computerName="5d9e09695ab3" duration="00:00:00.3192186" startTime="2026-10-03T10:59:57.2746618+00:00" endTime="2026-10-03T10:59:57.5938804+00:00" testType="13CDC9D9-DDB5-4fa4-A97D-D965CCFC6D4B" outcome="Passed" testListId="8C84FA94-04C1-424b-9868-57A2D4851A1D" relativeResultsDirectory="3d83d0b1-fca7-4fdd-ad0c-72017c84d00d" />
    <UnitTestResult executionId="211d0b72-a1b2-41a0-898d-e2e6fc4b7299" testId="88890eb4-c8e0-ef0f-8dd5-5ce031d59e90" testName="Fallback_commit_failure_sends_no_replacement_input" computerName="5d9e09695ab3" duration="00:00:00.3525164" startTime="2026-10-03T10:59:57.5943845+00:00" endTime="2026-10-03T10:59:57.9469009+00:00" testType="13CDC9D9-DDB5-4fa4-A97D-D965CCFC6D4B" outcome="Passed" testListId="8C84FA94-04C1-424b-9868-57A2D4851A1D" relativeResultsDirectory="211d0b72-a1b2-41a0-898d-e2e6fc4b7299">
      <Output>
        <StdOut>[testcontainers.org 00:01:06.83] Delete Docker container 34c413072612
</StdOut>
      </Output>
    </UnitTestResult>
  </Results>
  <TestDefinitions>
    <UnitTest name="Screen_only_delivery_keeps_spill_bytes_and_a_retry_writes_the_same_body" storage="/work/worktrees/task-b630f3bf/tests/antiphon.tests/bin-c965-fallback/antiphon.tests.dll" id="ef7e3672-b828-8be7-93e8-6e4ed9aacf80">
      <TestCategory>
        <TestCategoryItem TestCategory="Integration" />
      </TestCategory>
      <Execution id="c4896bc3-3348-49e8-9f86-3ff21523ac4e" />
      <Properties>
        <Property>
          <Key>Integration</Key>
          <Value></Value>
        </Property>
      </Properties>
      <TestMethod codeBase="/work/worktrees/task-b630f3bf/tests/Antiphon.Tests/bin-c965-fallback/Antiphon.Tests.dll" adapterTypeName="executor://TUnitExtension/1.44.0.0" className="Antiphon.Tests.Application.DurableRunnerSpillReceiptTests" name="Screen_only_delivery_keeps_spill_bytes_and_a_retry_writes_the_same_body" />
    </UnitTest>
    <UnitTest name="Queued_brief_is_written_by_the_runner_when_a_busy_recipient_becomes_eligible" storage="/work/worktrees/task-b630f3bf/tests/antiphon.tests/bin-c965-fallback/antiphon.tests.dll" id="641eaa63-6d61-185e-b4ea-599093b10f2f">
      <TestCategory>
        <TestCategoryItem TestCategory="Integration" />
      </TestCategory>
      <Execution id="2f403ffd-49c3-4fe7-b32d-7ebc71365e74" />
      <Properties>
        <Property>
          <Key>Integration</Key>
          <Value></Value>
        </Property>
      </Properties>
      <TestMethod codeBase="/work/worktrees/task-b630f3bf/tests/Antiphon.Tests/bin-c965-fallback/Antiphon.Tests.dll" adapterTypeName="executor://TUnitExtension/1.44.0.0" className="Antiphon.Tests.Application.DurableRunnerSpillReceiptTests" name="Queued_brief_is_written_by_the_runner_when_a_busy_recipient_becomes_eligible" />
    </UnitTest>
    <UnitTest name="A_complete_matching_UserPrompt_releases_a_null_body_pointer" storage="/work/worktrees/task-b630f3bf/tests/antiphon.tests/bin-c965-fallback/antiphon.tests.dll" id="f6b43e64-db02-3268-5c03-596c900d5092">
      <TestCategory>
        <TestCategoryItem TestCategory="Integration" />
      </TestCategory>
      <Execution id="3651d540-c3b1-4f17-be2b-72cc4e9f3948" />
      <Properties>
        <Property>
          <Key>Integration</Key>
          <Value></Value>
        </Property>
      </Properties>
      <TestMethod codeBase="/work/worktrees/task-b630f3bf/tests/Antiphon.Tests/bin-c965-fallback/Antiphon.Tests.dll" adapterTypeName="executor://TUnitExtension/1.44.0.0" className="Antiphon.Tests.Application.DurableRunnerSpillReceiptTests" name="A_complete_matching_UserPrompt_releases_a_null_body_pointer" />
    </UnitTest>
    <UnitTest name="A_screen_only_Delivered_null_body_pointer_is_canceled_instead_of_typed_without_bytes" storage="/work/worktrees/task-b630f3bf/tests/antiphon.tests/bin-c965-fallback/antiphon.tests.dll" id="52fb54fc-1642-40ea-3a25-ac2282dbfc42">
      <TestCategory>
        <TestCategoryItem TestCategory="Integration" />
      </TestCategory>
      <Execution id="647c5663-6278-4493-8999-ad5798374062" />
      <Properties>
        <Property>
          <Key>Integration</Key>
          <Value></Value>
        </Property>
      </Properties>
      <TestMethod codeBase="/work/worktrees/task-b630f3bf/tests/Antiphon.Tests/bin-c965-fallback/Antiphon.Tests.dll" adapterTypeName="executor://TUnitExtension/1.44.0.0" className="Antiphon.Tests.Application.DurableRunnerSpillReceiptTests" name="A_screen_only_Delivered_null_body_pointer_is_canceled_instead_of_typed_without_bytes" />
    </UnitTest>
    <UnitTest name="A_screen_only_Delivered_null_body_is_respilled_from_the_source_message" storage="/work/worktrees/task-b630f3bf/tests/antiphon.tests/bin-c965-fallback/antiphon.tests.dll" id="4eb31c34-b7a0-8d45-9563-bc6370175d9a">
      <TestCategory>
        <TestCategoryItem TestCategory="Integration" />
      </TestCategory>
      <Execution id="e04f8cdc-8d28-4e49-8197-ff5f87d88b65" />
      <Properties>
        <Property>
          <Key>Integration</Key>
          <Value></Value>
        </Property>
      </Properties>
      <TestMethod codeBase="/work/worktrees/task-b630f3bf/tests/Antiphon.Tests/bin-c965-fallback/Antiphon.Tests.dll" adapterTypeName="executor://TUnitExtension/1.44.0.0" className="Antiphon.Tests.Application.DurableRunnerSpillReceiptTests" name="A_screen_only_Delivered_null_body_is_respilled_from_the_source_message" />
    </UnitTest>
    <UnitTest name="A_null_body_pointer_is_respilled_when_the_source_message_is_still_on_the_row" storage="/work/worktrees/task-b630f3bf/tests/antiphon.tests/bin-c965-fallback/antiphon.tests.dll" id="534c260b-f763-0345-60dd-d9edbb4622f1">
      <TestCategory>
        <TestCategoryItem TestCategory="Integration" />
      </TestCategory>
      <Execution id="832e9b9a-cb71-4f60-be96-4925b4e86467" />
      <Properties>
        <Property>
          <Key>Integration</Key>
          <Value></Value>
        </Property>
      </Properties>
      <TestMethod codeBase="/work/worktrees/task-b630f3bf/tests/Antiphon.Tests/bin-c965-fallback/Antiphon.Tests.dll" adapterTypeName="executor://TUnitExtension/1.44.0.0" className="Antiphon.Tests.Application.DurableRunnerSpillReceiptTests" name="A_null_body_pointer_is_respilled_when_the_source_message_is_still_on_the_row" />
    </UnitTest>
    <UnitTest name="A_null_body_spill_pointer_is_canceled_instead_of_a_silent_lookup_miss" storage="/work/worktrees/task-b630f3bf/tests/antiphon.tests/bin-c965-fallback/antiphon.tests.dll" id="7b1f47c7-9a0e-3db1-f008-9f52b4a1b9b9">
      <TestCategory>
        <TestCategoryItem TestCategory="Integration" />
      </TestCategory>
      <Execution id="c80cc04a-d1d9-4111-86de-4c85997aa811" />
      <Properties>
        <Property>
          <Key>Integration</Key>
          <Value></Value>
        </Property>
      </Properties>
      <TestMethod codeBase="/work/worktrees/task-b630f3bf/tests/Antiphon.Tests/bin-c965-fallback/Antiphon.Tests.dll" adapterTypeName="executor://TUnitExtension/1.44.0.0" className="Antiphon.Tests.Application.DurableRunnerSpillReceiptTests" name="A_null_body_spill_pointer_is_canceled_instead_of_a_silent_lookup_miss" />
    </UnitTest>
    <UnitTest name="Grok_rules_launch_brief_uses_runner_ceiling_despite_a_modern_desktop_profile" storage="/work/worktrees/task-b630f3bf/tests/antiphon.tests/bin-c965-fallback/antiphon.tests.dll" id="dfddfef8-5980-a78f-9c21-bc4d5a4ed32f">
      <TestCategory>
        <TestCategoryItem TestCategory="Integration" />
      </TestCategory>
      <Execution id="7cd895e3-91ec-421e-bd94-7d40e848976d" />
      <Properties>
        <Property>
          <Key>Integration</Key>
          <Value></Value>
        </Property>
      </Properties>
      <TestMethod codeBase="/work/worktrees/task-b630f3bf/tests/Antiphon.Tests/bin-c965-fallback/Antiphon.Tests.dll" adapterTypeName="executor://TUnitExtension/1.44.0.0" className="Antiphon.Tests.Application.DurableRunnerSpillReceiptTests" name="Grok_rules_launch_brief_uses_runner_ceiling_despite_a_modern_desktop_profile" />
    </UnitTest>
    <UnitTest name="Runner_write_failure_types_only_the_durable_api_pointer" storage="/work/worktrees/task-b630f3bf/tests/antiphon.tests/bin-c965-fallback/antiphon.tests.dll" id="9e5f24a0-7fae-e2f9-4b36-994f31440f2c">
      <TestCategory>
        <TestCategoryItem TestCategory="Integration" />
      </TestCategory>
      <Execution id="7df84638-a6a8-4854-898a-dc4d177d110f" />
      <Properties>
        <Property>
          <Key>Integration</Key>
          <Value></Value>
        </Property>
      </Properties>
      <TestMethod codeBase="/work/worktrees/task-b630f3bf/tests/Antiphon.Tests/bin-c965-fallback/Antiphon.Tests.dll" adapterTypeName="executor://TUnitExtension/1.44.0.0" className="Antiphon.Tests.Application.AgentTaskInputFallbackTests" name="Runner_write_failure_types_only_the_durable_api_pointer" />
    </UnitTest>
    <UnitTest name="Runner_path_refusal_never_writes_outside_the_mirror" storage="/work/worktrees/task-b630f3bf/tests/antiphon.tests/bin-c965-fallback/antiphon.tests.dll" id="7015975f-6230-a9f4-41ba-110464c765fc">
      <TestCategory>
        <TestCategoryItem TestCategory="Integration" />
      </TestCategory>
      <Execution id="292e9322-7c38-45c3-ba8c-9521db0893e0" />
      <Properties>
        <Property>
          <Key>Integration</Key>
          <Value></Value>
        </Property>
      </Properties>
      <TestMethod codeBase="/work/worktrees/task-b630f3bf/tests/Antiphon.Tests/bin-c965-fallback/Antiphon.Tests.dll" adapterTypeName="executor://TUnitExtension/1.44.0.0" className="Antiphon.Tests.Application.AgentTaskInputFallbackTests" name="Runner_path_refusal_never_writes_outside_the_mirror" />
    </UnitTest>
    <UnitTest name="Input_failure_after_write_never_selects_fallback" storage="/work/worktrees/task-b630f3bf/tests/antiphon.tests/bin-c965-fallback/antiphon.tests.dll" id="5bbb951a-9fb0-312a-0816-11cbcfad0ec4">
      <TestCategory>
        <TestCategoryItem TestCategory="Integration" />
      </TestCategory>
      <Execution id="8af481fe-58e5-436a-a6be-8c8141d34493" />
      <Properties>
        <Property>
          <Key>Integration</Key>
          <Value></Value>
        </Property>
      </Properties>
      <TestMethod codeBase="/work/worktrees/task-b630f3bf/tests/Antiphon.Tests/bin-c965-fallback/Antiphon.Tests.dll" adapterTypeName="executor://TUnitExtension/1.44.0.0" className="Antiphon.Tests.Application.AgentTaskInputFallbackTests" name="Input_failure_after_write_never_selects_fallback" />
    </UnitTest>
    <UnitTest name="Queued_runner_spill_keeps_its_bytes_and_receives_a_complete_UserPrompt" storage="/work/worktrees/task-b630f3bf/tests/antiphon.tests/bin-c965-fallback/antiphon.tests.dll" id="06bfe13f-e130-0362-1742-9899a9ef92b3">
      <TestCategory>
        <TestCategoryItem TestCategory="Integration" />
      </TestCategory>
      <Execution id="0248f546-7ada-4675-b4ea-25d5f6c10f63" />
      <Properties>
        <Property>
          <Key>Integration</Key>
          <Value></Value>
        </Property>
      </Properties>
      <TestMethod codeBase="/work/worktrees/task-b630f3bf/tests/Antiphon.Tests/bin-c965-fallback/Antiphon.Tests.dll" adapterTypeName="executor://TUnitExtension/1.44.0.0" className="Antiphon.Tests.Application.DurableRunnerSpillReceiptTests" name="Queued_runner_spill_keeps_its_bytes_and_receives_a_complete_UserPrompt" />
    </UnitTest>
    <UnitTest name="Restart_after_fallback_commit_replays_the_same_api_pointer" storage="/work/worktrees/task-b630f3bf/tests/antiphon.tests/bin-c965-fallback/antiphon.tests.dll" id="db92051e-6db2-a227-ed79-80406af9a72a">
      <TestCategory>
        <TestCategoryItem TestCategory="Integration" />
      </TestCategory>
      <Execution id="c964d883-1745-457e-8084-c5f394db2231" />
      <Properties>
        <Property>
          <Key>Integration</Key>
          <Value></Value>
        </Property>
      </Properties>
      <TestMethod codeBase="/work/worktrees/task-b630f3bf/tests/Antiphon.Tests/bin-c965-fallback/Antiphon.Tests.dll" adapterTypeName="executor://TUnitExtension/1.44.0.0" className="Antiphon.Tests.Application.AgentTaskInputFallbackTests" name="Restart_after_fallback_commit_replays_the_same_api_pointer" />
    </UnitTest>
    <UnitTest name="Dispatcher_pointer_survives_queue_binding_and_reaches_a_complete_UserPrompt" storage="/work/worktrees/task-b630f3bf/tests/antiphon.tests/bin-c965-fallback/antiphon.tests.dll" id="511007a4-246d-a2a5-7744-0abc671a45d1">
      <TestCategory>
        <TestCategoryItem TestCategory="Integration" />
      </TestCategory>
      <Execution id="e9d86c90-846e-4a8e-96d0-6259735431df" />
      <Properties>
        <Property>
          <Key>Integration</Key>
          <Value></Value>
        </Property>
      </Properties>
      <TestMethod codeBase="/work/worktrees/task-b630f3bf/tests/Antiphon.Tests/bin-c965-fallback/Antiphon.Tests.dll" adapterTypeName="executor://TUnitExtension/1.44.0.0" className="Antiphon.Tests.Application.DurableRunnerSpillReceiptTests" name="Dispatcher_pointer_survives_queue_binding_and_reaches_a_complete_UserPrompt" />
    </UnitTest>
    <UnitTest name="SendNow_persists_the_spill_body_before_delivery_so_a_restart_can_read_it" storage="/work/worktrees/task-b630f3bf/tests/antiphon.tests/bin-c965-fallback/antiphon.tests.dll" id="bbb2ec9c-a9b4-86b2-9775-104b8b2f191a">
      <TestCategory>
        <TestCategoryItem TestCategory="Integration" />
      </TestCategory>
      <Execution id="c0be20f0-adec-4041-9a99-586aecf71531" />
      <Properties>
        <Property>
          <Key>Integration</Key>
          <Value></Value>
        </Property>
      </Properties>
      <TestMethod codeBase="/work/worktrees/task-b630f3bf/tests/Antiphon.Tests/bin-c965-fallback/Antiphon.Tests.dll" adapterTypeName="executor://TUnitExtension/1.44.0.0" className="Antiphon.Tests.Application.DurableRunnerSpillReceiptTests" name="SendNow_persists_the_spill_body_before_delivery_so_a_restart_can_read_it" />
    </UnitTest>
    <UnitTest name="Different_pointers_keep_their_own_staged_bodies" storage="/work/worktrees/task-b630f3bf/tests/antiphon.tests/bin-c965-fallback/antiphon.tests.dll" id="644d2ae0-cde0-1977-ccd0-7a1d68eee09e">
      <TestCategory>
        <TestCategoryItem TestCategory="Unit" />
      </TestCategory>
      <Execution id="e8fbacf2-f940-4853-82ca-f5e89571aed8" />
      <Properties>
        <Property>
          <Key>Unit</Key>
          <Value></Value>
        </Property>
      </Properties>
      <TestMethod codeBase="/work/worktrees/task-b630f3bf/tests/Antiphon.Tests/bin-c965-fallback/Antiphon.Tests.dll" adapterTypeName="executor://TUnitExtension/1.44.0.0" className="Antiphon.Tests.Application.PhoneHomeSpillTests" name="Different_pointers_keep_their_own_staged_bodies" />
    </UnitTest>
    <UnitTest name="Remote_spill_never_writes_desktop_file" storage="/work/worktrees/task-b630f3bf/tests/antiphon.tests/bin-c965-fallback/antiphon.tests.dll" id="e81570c7-5159-746f-70da-2f0f62fa91ab">
      <TestCategory>
        <TestCategoryItem TestCategory="Unit" />
      </TestCategory>
      <Execution id="8d759ac6-1b65-44d0-a71f-2172875d1529" />
      <Properties>
        <Property>
          <Key>Unit</Key>
          <Value></Value>
        </Property>
      </Properties>
      <TestMethod codeBase="/work/worktrees/task-b630f3bf/tests/Antiphon.Tests/bin-c965-fallback/Antiphon.Tests.dll" adapterTypeName="executor://TUnitExtension/1.44.0.0" className="Antiphon.Tests.Application.PhoneHomeSpillTests" name="Remote_spill_never_writes_desktop_file" />
    </UnitTest>
    <UnitTest name="Remote_spill_travels_in_input_payload" storage="/work/worktrees/task-b630f3bf/tests/antiphon.tests/bin-c965-fallback/antiphon.tests.dll" id="63646943-1ec5-623e-667b-dcb5696681c7">
      <TestCategory>
        <TestCategoryItem TestCategory="Unit" />
      </TestCategory>
      <Execution id="03885984-1bf6-440a-8726-68a18dba38ae" />
      <Properties>
        <Property>
          <Key>Unit</Key>
          <Value></Value>
        </Property>
      </Properties>
      <TestMethod codeBase="/work/worktrees/task-b630f3bf/tests/Antiphon.Tests/bin-c965-fallback/Antiphon.Tests.dll" adapterTypeName="executor://TUnitExtension/1.44.0.0" className="Antiphon.Tests.Application.PhoneHomeSpillTests" name="Remote_spill_travels_in_input_payload" />
    </UnitTest>
    <UnitTest name="Sessions_do_not_share_a_staged_body" storage="/work/worktrees/task-b630f3bf/tests/antiphon.tests/bin-c965-fallback/antiphon.tests.dll" id="1eba8dd7-1d05-eb73-f843-a59dbd333db0">
      <TestCategory>
        <TestCategoryItem TestCategory="Unit" />
      </TestCategory>
      <Execution id="9b57dbd6-8a93-4eb0-a24c-ad9d6e7c352c" />
      <Properties>
        <Property>
          <Key>Unit</Key>
          <Value></Value>
        </Property>
      </Properties>
      <TestMethod codeBase="/work/worktrees/task-b630f3bf/tests/Antiphon.Tests/bin-c965-fallback/Antiphon.Tests.dll" adapterTypeName="executor://TUnitExtension/1.44.0.0" className="Antiphon.Tests.Application.PhoneHomeSpillTests" name="Sessions_do_not_share_a_staged_body" />
    </UnitTest>
    <UnitTest name="A_body_staged_during_the_send_survives_the_acknowledgement" storage="/work/worktrees/task-b630f3bf/tests/antiphon.tests/bin-c965-fallback/antiphon.tests.dll" id="5c5bb63d-b246-7c81-ad17-4dab3d1bf361">
      <TestCategory>
        <TestCategoryItem TestCategory="Integration" />
      </TestCategory>
      <Execution id="c3cdc3ab-5c4a-49dc-abb4-3b8cd593481d" />
      <Properties>
        <Property>
          <Key>Integration</Key>
          <Value></Value>
        </Property>
      </Properties>
      <TestMethod codeBase="/work/worktrees/task-b630f3bf/tests/Antiphon.Tests/bin-c965-fallback/Antiphon.Tests.dll" adapterTypeName="executor://TUnitExtension/1.44.0.0" className="Antiphon.Tests.Application.PhoneHomeSpillTransportTests" name="A_body_staged_during_the_send_survives_the_acknowledgement" />
    </UnitTest>
    <UnitTest name="A_failed_input_frame_leaves_the_body_recoverable" storage="/work/worktrees/task-b630f3bf/tests/antiphon.tests/bin-c965-fallback/antiphon.tests.dll" id="bab1f5f9-eef1-e0c6-6112-49a4a1698aca">
      <TestCategory>
        <TestCategoryItem TestCategory="Integration" />
      </TestCategory>
      <Execution id="ff33620f-a010-4ca0-be8e-3e60b936125c" />
      <Properties>
        <Property>
          <Key>Integration</Key>
          <Value></Value>
        </Property>
      </Properties>
      <TestMethod codeBase="/work/worktrees/task-b630f3bf/tests/Antiphon.Tests/bin-c965-fallback/Antiphon.Tests.dll" adapterTypeName="executor://TUnitExtension/1.44.0.0" className="Antiphon.Tests.Application.PhoneHomeSpillTransportTests" name="A_failed_input_frame_leaves_the_body_recoverable" />
    </UnitTest>
    <UnitTest name="Staged_body_reaches_the_runner_and_lands_on_disk" storage="/work/worktrees/task-b630f3bf/tests/antiphon.tests/bin-c965-fallback/antiphon.tests.dll" id="30d9944a-0e87-3ff6-685e-9ee1d1391a9b">
      <TestCategory>
        <TestCategoryItem TestCategory="Integration" />
      </TestCategory>
      <Execution id="79ea04aa-cd0c-4373-9da6-34490e899a39" />
      <Properties>
        <Property>
          <Key>Integration</Key>
          <Value></Value>
        </Property>
      </Properties>
      <TestMethod codeBase="/work/worktrees/task-b630f3bf/tests/Antiphon.Tests/bin-c965-fallback/Antiphon.Tests.dll" adapterTypeName="executor://TUnitExtension/1.44.0.0" className="Antiphon.Tests.Application.PhoneHomeSpillTransportTests" name="Staged_body_reaches_the_runner_and_lands_on_disk" />
    </UnitTest>
    <UnitTest name="Input_endpoint_requires_the_recipient_task_token" storage="/work/worktrees/task-b630f3bf/tests/antiphon.tests/bin-c965-fallback/antiphon.tests.dll" id="9a4a0c88-1380-37a2-8353-fa2ae61c6f96">
      <TestCategory>
        <TestCategoryItem TestCategory="Integration" />
      </TestCategory>
      <Execution id="504d8d2a-4a18-45b3-afad-3e2b4218c600" />
      <Properties>
        <Property>
          <Key>Integration</Key>
          <Value></Value>
        </Property>
      </Properties>
      <TestMethod codeBase="/work/worktrees/task-b630f3bf/tests/Antiphon.Tests/bin-c965-fallback/Antiphon.Tests.dll" adapterTypeName="executor://TUnitExtension/1.44.0.0" className="Antiphon.Tests.Application.AgentTaskInputFallbackTests" name="Input_endpoint_requires_the_recipient_task_token" />
    </UnitTest>
    <UnitTest name="Input_endpoint_binds_task_event_and_recipient_session" storage="/work/worktrees/task-b630f3bf/tests/antiphon.tests/bin-c965-fallback/antiphon.tests.dll" id="e78cdcff-e58d-caae-1c50-2b8db2720527">
      <TestCategory>
        <TestCategoryItem TestCategory="Integration" />
      </TestCategory>
      <Execution id="6ad8c628-fa3b-4234-bb87-7cc7d48e239c" />
      <Properties>
        <Property>
          <Key>Integration</Key>
          <Value></Value>
        </Property>
      </Properties>
      <TestMethod codeBase="/work/worktrees/task-b630f3bf/tests/Antiphon.Tests/bin-c965-fallback/Antiphon.Tests.dll" adapterTypeName="executor://TUnitExtension/1.44.0.0" className="Antiphon.Tests.Application.AgentTaskInputFallbackTests" name="Input_endpoint_binds_task_event_and_recipient_session" />
    </UnitTest>
    <UnitTest name="Input_body_is_absent_from_task_summary_events_and_logs" storage="/work/worktrees/task-b630f3bf/tests/antiphon.tests/bin-c965-fallback/antiphon.tests.dll" id="83129d12-e157-a09a-3a1d-a82eb703cb4a">
      <TestCategory>
        <TestCategoryItem TestCategory="Integration" />
      </TestCategory>
      <Execution id="0cdeeef7-adb9-4d96-8747-855e33075681" />
      <Properties>
        <Property>
          <Key>Integration</Key>
          <Value></Value>
        </Property>
      </Properties>
      <TestMethod codeBase="/work/worktrees/task-b630f3bf/tests/Antiphon.Tests/bin-c965-fallback/Antiphon.Tests.dll" adapterTypeName="executor://TUnitExtension/1.44.0.0" className="Antiphon.Tests.Application.AgentTaskInputFallbackTests" name="Input_body_is_absent_from_task_summary_events_and_logs" />
    </UnitTest>
    <UnitTest name="Ordinary_spill_errors_keep_their_existing_delivery_behavior" storage="/work/worktrees/task-b630f3bf/tests/antiphon.tests/bin-c965-fallback/antiphon.tests.dll" id="be782f63-773b-1a6b-14be-ab053f8065f5">
      <TestCategory>
        <TestCategoryItem TestCategory="Integration" />
      </TestCategory>
      <Execution id="3d83d0b1-fca7-4fdd-ad0c-72017c84d00d" />
      <Properties>
        <Property>
          <Key>Integration</Key>
          <Value></Value>
        </Property>
      </Properties>
      <TestMethod codeBase="/work/worktrees/task-b630f3bf/tests/Antiphon.Tests/bin-c965-fallback/Antiphon.Tests.dll" adapterTypeName="executor://TUnitExtension/1.44.0.0" className="Antiphon.Tests.Application.AgentTaskInputFallbackTests" name="Ordinary_spill_errors_keep_their_existing_delivery_behavior" />
    </UnitTest>
    <UnitTest name="Fallback_commit_failure_sends_no_replacement_input" storage="/work/worktrees/task-b630f3bf/tests/antiphon.tests/bin-c965-fallback/antiphon.tests.dll" id="88890eb4-c8e0-ef0f-8dd5-5ce031d59e90">
      <TestCategory>
        <TestCategoryItem TestCategory="Integration" />
      </TestCategory>
      <Execution id="211d0b72-a1b2-41a0-898d-e2e6fc4b7299" />
      <Properties>
        <Property>
          <Key>Integration</Key>
          <Value></Value>
        </Property>
      </Properties>
      <TestMethod codeBase="/work/worktrees/task-b630f3bf/tests/Antiphon.Tests/bin-c965-fallback/Antiphon.Tests.dll" adapterTypeName="executor://TUnitExtension/1.44.0.0" className="Antiphon.Tests.Application.AgentTaskInputFallbackTests" name="Fallback_commit_failure_sends_no_replacement_input" />
    </UnitTest>
  </TestDefinitions>
  <TestEntries>
    <TestEntry testId="ef7e3672-b828-8be7-93e8-6e4ed9aacf80" executionId="c4896bc3-3348-49e8-9f86-3ff21523ac4e" testListId="8C84FA94-04C1-424b-9868-57A2D4851A1D" />
    <TestEntry testId="641eaa63-6d61-185e-b4ea-599093b10f2f" executionId="2f403ffd-49c3-4fe7-b32d-7ebc71365e74" testListId="8C84FA94-04C1-424b-9868-57A2D4851A1D" />
    <TestEntry testId="f6b43e64-db02-3268-5c03-596c900d5092" executionId="3651d540-c3b1-4f17-be2b-72cc4e9f3948" testListId="8C84FA94-04C1-424b-9868-57A2D4851A1D" />
    <TestEntry testId="52fb54fc-1642-40ea-3a25-ac2282dbfc42" executionId="647c5663-6278-4493-8999-ad5798374062" testListId="8C84FA94-04C1-424b-9868-57A2D4851A1D" />
    <TestEntry testId="4eb31c34-b7a0-8d45-9563-bc6370175d9a" executionId="e04f8cdc-8d28-4e49-8197-ff5f87d88b65" testListId="8C84FA94-04C1-424b-9868-57A2D4851A1D" />
    <TestEntry testId="534c260b-f763-0345-60dd-d9edbb4622f1" executionId="832e9b9a-cb71-4f60-be96-4925b4e86467" testListId="8C84FA94-04C1-424b-9868-57A2D4851A1D" />
    <TestEntry testId="7b1f47c7-9a0e-3db1-f008-9f52b4a1b9b9" executionId="c80cc04a-d1d9-4111-86de-4c85997aa811" testListId="8C84FA94-04C1-424b-9868-57A2D4851A1D" />
    <TestEntry testId="dfddfef8-5980-a78f-9c21-bc4d5a4ed32f" executionId="7cd895e3-91ec-421e-bd94-7d40e848976d" testListId="8C84FA94-04C1-424b-9868-57A2D4851A1D" />
    <TestEntry testId="9e5f24a0-7fae-e2f9-4b36-994f31440f2c" executionId="7df84638-a6a8-4854-898a-dc4d177d110f" testListId="8C84FA94-04C1-424b-9868-57A2D4851A1D" />
    <TestEntry testId="7015975f-6230-a9f4-41ba-110464c765fc" executionId="292e9322-7c38-45c3-ba8c-9521db0893e0" testListId="8C84FA94-04C1-424b-9868-57A2D4851A1D" />
    <TestEntry testId="5bbb951a-9fb0-312a-0816-11cbcfad0ec4" executionId="8af481fe-58e5-436a-a6be-8c8141d34493" testListId="8C84FA94-04C1-424b-9868-57A2D4851A1D" />
    <TestEntry testId="06bfe13f-e130-0362-1742-9899a9ef92b3" executionId="0248f546-7ada-4675-b4ea-25d5f6c10f63" testListId="8C84FA94-04C1-424b-9868-57A2D4851A1D" />
    <TestEntry testId="db92051e-6db2-a227-ed79-80406af9a72a" executionId="c964d883-1745-457e-8084-c5f394db2231" testListId="8C84FA94-04C1-424b-9868-57A2D4851A1D" />
    <TestEntry testId="511007a4-246d-a2a5-7744-0abc671a45d1" executionId="e9d86c90-846e-4a8e-96d0-6259735431df" testListId="8C84FA94-04C1-424b-9868-57A2D4851A1D" />
    <TestEntry testId="bbb2ec9c-a9b4-86b2-9775-104b8b2f191a" executionId="c0be20f0-adec-4041-9a99-586aecf71531" testListId="8C84FA94-04C1-424b-9868-57A2D4851A1D" />
    <TestEntry testId="644d2ae0-cde0-1977-ccd0-7a1d68eee09e" executionId="e8fbacf2-f940-4853-82ca-f5e89571aed8" testListId="8C84FA94-04C1-424b-9868-57A2D4851A1D" />
    <TestEntry testId="e81570c7-5159-746f-70da-2f0f62fa91ab" executionId="8d759ac6-1b65-44d0-a71f-2172875d1529" testListId="8C84FA94-04C1-424b-9868-57A2D4851A1D" />
    <TestEntry testId="63646943-1ec5-623e-667b-dcb5696681c7" executionId="03885984-1bf6-440a-8726-68a18dba38ae" testListId="8C84FA94-04C1-424b-9868-57A2D4851A1D" />
    <TestEntry testId="1eba8dd7-1d05-eb73-f843-a59dbd333db0" executionId="9b57dbd6-8a93-4eb0-a24c-ad9d6e7c352c" testListId="8C84FA94-04C1-424b-9868-57A2D4851A1D" />
    <TestEntry testId="5c5bb63d-b246-7c81-ad17-4dab3d1bf361" executionId="c3cdc3ab-5c4a-49dc-abb4-3b8cd593481d" testListId="8C84FA94-04C1-424b-9868-57A2D4851A1D" />
    <TestEntry testId="bab1f5f9-eef1-e0c6-6112-49a4a1698aca" executionId="ff33620f-a010-4ca0-be8e-3e60b936125c" testListId="8C84FA94-04C1-424b-9868-57A2D4851A1D" />
    <TestEntry testId="30d9944a-0e87-3ff6-685e-9ee1d1391a9b" executionId="79ea04aa-cd0c-4373-9da6-34490e899a39" testListId="8C84FA94-04C1-424b-9868-57A2D4851A1D" />
    <TestEntry testId="9a4a0c88-1380-37a2-8353-fa2ae61c6f96" executionId="504d8d2a-4a18-45b3-afad-3e2b4218c600" testListId="8C84FA94-04C1-424b-9868-57A2D4851A1D" />
    <TestEntry testId="e78cdcff-e58d-caae-1c50-2b8db2720527" executionId="6ad8c628-fa3b-4234-bb87-7cc7d48e239c" testListId="8C84FA94-04C1-424b-9868-57A2D4851A1D" />
    <TestEntry testId="83129d12-e157-a09a-3a1d-a82eb703cb4a" executionId="0cdeeef7-adb9-4d96-8747-855e33075681" testListId="8C84FA94-04C1-424b-9868-57A2D4851A1D" />
    <TestEntry testId="be782f63-773b-1a6b-14be-ab053f8065f5" executionId="3d83d0b1-fca7-4fdd-ad0c-72017c84d00d" testListId="8C84FA94-04C1-424b-9868-57A2D4851A1D" />
    <TestEntry testId="88890eb4-c8e0-ef0f-8dd5-5ce031d59e90" executionId="211d0b72-a1b2-41a0-898d-e2e6fc4b7299" testListId="8C84FA94-04C1-424b-9868-57A2D4851A1D" />
  </TestEntries>
  <TestLists>
    <TestList name="Results Not in a List" id="8C84FA94-04C1-424b-9868-57A2D4851A1D" />
    <TestList name="All Loaded Results" id="19431567-8539-422a-85d7-44ee4e166bda" />
  </TestLists>
  <ResultSummary outcome="Completed">
    <Counters total="27" executed="27" passed="27" failed="0" error="0" timeout="0" aborted="0" inconclusive="0" passedButRunAborted="0" notRunnable="0" notExecuted="0" disconnected="0" warning="0" completed="0" inProgress="0" pending="0" />
    <CollectorDataEntries>
      <Collector agentName="5d9e09695ab3" uri="datacollector://TUnitExtensionHtmlReporter/1.44.0.0" collectorDisplayName="TUnit">
        <UriAttachments>
          <UriAttachment>
            <A href="5d9e09695ab3/Antiphon.Tests-linux-net9.0-report.html" />
          </UriAttachment>
        </UriAttachments>
      </Collector>
    </CollectorDataEntries>
  </ResultSummary>
</TestRun>