<?xml version="1.0" encoding="utf-8"?>
<TestRun id="92d9e3d1-6627-490d-ad18-311c2280e5e7" name="@5d9e09695ab3 2026-10-03 15:38:50.1689928" xmlns="http://microsoft.com/schemas/VisualStudio/TeamTest/2010">
  <Times creation="2026-10-03T15:03:55.7928727Z" queuing="2026-10-03T15:03:55.7928727Z" start="2026-10-03T15:03:55.7928727Z" finish="2026-10-03T15:38:50.1704635Z" />
  <TestSettings name="default" id="ac544073-840f-4f21-bd14-66eeba9658e4">
    <Deployment runDeploymentRoot="_5d9e09695ab3_2026-10-03_15_38_50.1689928" />
  </TestSettings>
  <Results>
    <UnitTestResult executionId="8f37cba8-b064-4c84-ba03-9bc1ecc75d85" testId="c9cab0ea-23c1-ad6b-31c5-360f203fc656" testName="C1008_Recycle_exact_default_volumes" computerName="5d9e09695ab3" duration="00:01:21.1090804" startTime="2026-10-03T15:03:57.4364620+00:00" endTime="2026-10-03T15:05:18.5455424+00:00" testType="13CDC9D9-DDB5-4fa4-A97D-D965CCFC6D4B" outcome="Passed" testListId="8C84FA94-04C1-424b-9868-57A2D4851A1D" relativeResultsDirectory="8f37cba8-b064-4c84-ba03-9bc1ecc75d85">
      <Output>
        <StdOut>[CARD-0204] SessionRunner__BaseUrl=http://127.0.0.1:1, Delegation__CheckInterpreterEnabled=false, Delegation__DiagnoseEnabled=false and Delegation__OutputDistillerEnabled=false for every Program boot in this assembly (inherited SessionRunner__BaseUrl='&lt;unset&gt;') - test hosts never launch on the production session-runner.
[CARD-0298] Hangfire__ServerEnabled=false for every Program boot in this assembly - test hosts never start a Hangfire worker (no WMI census, no production-runner list).
[CARD-0045] cleared inherited ANTIPHON_PTY_BACKEND='inbox' — pty tests declare their backend; the suite means the same thing whoever launched it.
</StdOut>
      </Output>
    </UnitTestResult>
    <UnitTestResult executionId="f41aa21c-8c34-48a2-9685-56915e3a3a55" testId="2dec8b54-3489-2a31-1813-05bffc59d381" testName="C1008_Recycle_dry_run_never_mutates" computerName="5d9e09695ab3" duration="00:00:02.2134612" startTime="2026-10-03T15:05:18.5845185+00:00" endTime="2026-10-03T15:05:20.7979797+00:00" testType="13CDC9D9-DDB5-4fa4-A97D-D965CCFC6D4B" outcome="Passed" testListId="8C84FA94-04C1-424b-9868-57A2D4851A1D" relativeResultsDirectory="f41aa21c-8c34-48a2-9685-56915e3a3a55" />
    <UnitTestResult executionId="4add7e4a-7ce0-4820-bcf6-290c9107c5a8" testId="d0389f2e-ab2c-6ec8-c862-8ade0ba8fb4e" testName="C1008_Retire_temp_rechecks_absence_and_retirement" computerName="5d9e09695ab3" duration="00:00:17.4665048" startTime="2026-10-03T15:05:20.7994312+00:00" endTime="2026-10-03T15:05:38.2659360+00:00" testType="13CDC9D9-DDB5-4fa4-A97D-D965CCFC6D4B" outcome="Passed" testListId="8C84FA94-04C1-424b-9868-57A2D4851A1D" relativeResultsDirectory="4add7e4a-7ce0-4820-bcf6-290c9107c5a8" />
    <UnitTestResult executionId="062e215a-db18-48f1-81e3-2efaf2dbd423" testId="173ac385-6bf5-5da3-0191-8d889ffd0500" testName="C1008_Recycle_receipt_records_disk_and_partial_failure" computerName="5d9e09695ab3" duration="00:00:15.5806154" startTime="2026-10-03T15:05:38.2669768+00:00" endTime="2026-10-03T15:05:53.8475922+00:00" testType="13CDC9D9-DDB5-4fa4-A97D-D965CCFC6D4B" outcome="Passed" testListId="8C84FA94-04C1-424b-9868-57A2D4851A1D" relativeResultsDirectory="062e215a-db18-48f1-81e3-2efaf2dbd423" />
    <UnitTestResult executionId="19c64079-76c5-4f24-a514-8aacfa35efd9" testId="a4a219c0-654a-2f43-db29-ba7f2ba45411" testName="C1008_Recycle_resume_requires_matching_receipt" computerName="5d9e09695ab3" duration="00:04:39.3127912" startTime="2026-10-03T15:05:53.8483777+00:00" endTime="2026-10-03T15:10:33.1611689+00:00" testType="13CDC9D9-DDB5-4fa4-A97D-D965CCFC6D4B" outcome="Passed" testListId="8C84FA94-04C1-424b-9868-57A2D4851A1D" relativeResultsDirectory="19c64079-76c5-4f24-a514-8aacfa35efd9" />
    <UnitTestResult executionId="37643cad-b4ce-45f4-aa25-5b691841e5e1" testId="6d7c8e6d-a9a8-4183-b2e6-84ee4e156d94" testName="C1008_Retire_temp_reclaims_below_cache_disk_gate" computerName="5d9e09695ab3" duration="00:00:16.3757859" startTime="2026-10-03T15:10:33.1620302+00:00" endTime="2026-10-03T15:10:49.5378161+00:00" testType="13CDC9D9-DDB5-4fa4-A97D-D965CCFC6D4B" outcome="Passed" testListId="8C84FA94-04C1-424b-9868-57A2D4851A1D" relativeResultsDirectory="37643cad-b4ce-45f4-aa25-5b691841e5e1" />
    <UnitTestResult executionId="69006524-ec86-407b-a0bb-f5d7f4c5e823" testId="b69ddeea-1ab2-d7e0-d7d5-d0a6b9d0eb48" testName="C1008_Recycle_refuses_uninspectable_git" computerName="5d9e09695ab3" duration="00:00:38.1148239" startTime="2026-10-03T15:10:49.5386088+00:00" endTime="2026-10-03T15:11:27.6534327+00:00" testType="13CDC9D9-DDB5-4fa4-A97D-D965CCFC6D4B" outcome="Passed" testListId="8C84FA94-04C1-424b-9868-57A2D4851A1D" relativeResultsDirectory="69006524-ec86-407b-a0bb-f5d7f4c5e823" />
    <UnitTestResult executionId="5b846472-503a-4f3e-a5fd-a94ba912c0e0" testId="b7ae2b37-dff5-9d0c-91b3-3e7d4e46cd66" testName="C1008_Recycle_refuses_unpublished_and_dirty_work" computerName="5d9e09695ab3" duration="00:01:12.8360884" startTime="2026-10-03T15:11:27.6544376+00:00" endTime="2026-10-03T15:12:40.4905260+00:00" testType="13CDC9D9-DDB5-4fa4-A97D-D965CCFC6D4B" outcome="Passed" testListId="8C84FA94-04C1-424b-9868-57A2D4851A1D" relativeResultsDirectory="5b846472-503a-4f3e-a5fd-a94ba912c0e0" />
    <UnitTestResult executionId="dd2321ab-81c9-4fdd-b8a0-883a301e0aab" testId="f544e5c1-e9ef-9576-94ed-8bad2837cce4" testName="C1008_Recycle_audits_work_as_1654" computerName="5d9e09695ab3" duration="00:00:16.2734860" startTime="2026-10-03T15:12:40.4914874+00:00" endTime="2026-10-03T15:12:56.7649734+00:00" testType="13CDC9D9-DDB5-4fa4-A97D-D965CCFC6D4B" outcome="Passed" testListId="8C84FA94-04C1-424b-9868-57A2D4851A1D" relativeResultsDirectory="dd2321ab-81c9-4fdd-b8a0-883a301e0aab" />
    <UnitTestResult executionId="9fc834d4-743b-493d-b701-10917381edcc" testId="2fa1b4a9-b7f1-958d-d5b7-58564ac86db1" testName="C1008_Recycle_refuses_references_and_unknown_census" computerName="5d9e09695ab3" duration="00:01:08.1753425" startTime="2026-10-03T15:12:56.7655861+00:00" endTime="2026-10-03T15:14:04.9409286+00:00" testType="13CDC9D9-DDB5-4fa4-A97D-D965CCFC6D4B" outcome="Passed" testListId="8C84FA94-04C1-424b-9868-57A2D4851A1D" relativeResultsDirectory="9fc834d4-743b-493d-b701-10917381edcc" />
    <UnitTestResult executionId="1388af8f-cfd1-4d6a-97e8-59ccfe912b55" testId="fb708800-8313-59f9-37b9-d0d390d91bef" testName="C1008_Recycle_preserves_tmp_copyup" computerName="5d9e09695ab3" duration="00:00:15.7329190" startTime="2026-10-03T15:14:04.9418084+00:00" endTime="2026-10-03T15:14:20.6747274+00:00" testType="13CDC9D9-DDB5-4fa4-A97D-D965CCFC6D4B" outcome="Passed" testListId="8C84FA94-04C1-424b-9868-57A2D4851A1D" relativeResultsDirectory="1388af8f-cfd1-4d6a-97e8-59ccfe912b55" />
    <UnitTestResult executionId="211ac7f8-59d6-48ae-8175-942f1c8c0cbc" testId="42a01e7a-b63c-9454-95fe-f294b24800cb" testName="C1008_Refusal_receipts_do_not_leak_secrets" computerName="5d9e09695ab3" duration="00:00:05.4412058" startTime="2026-10-03T15:14:20.6848927+00:00" endTime="2026-10-03T15:14:26.1260985+00:00" testType="13CDC9D9-DDB5-4fa4-A97D-D965CCFC6D4B" outcome="Passed" testListId="8C84FA94-04C1-424b-9868-57A2D4851A1D" relativeResultsDirectory="211ac7f8-59d6-48ae-8175-942f1c8c0cbc" />
    <UnitTestResult executionId="09fa4a00-6fc9-4c17-8a75-b5e00df5bacf" testId="5b773749-7d90-5180-31fd-76cd63a9d4fb" testName="C1008_Present_or_unknown_temp_keeps_null_refusal" computerName="5d9e09695ab3" duration="00:00:35.2625033" startTime="2026-10-03T15:14:26.1267314+00:00" endTime="2026-10-03T15:15:01.3892347+00:00" testType="13CDC9D9-DDB5-4fa4-A97D-D965CCFC6D4B" outcome="Passed" testListId="8C84FA94-04C1-424b-9868-57A2D4851A1D" relativeResultsDirectory="09fa4a00-6fc9-4c17-8a75-b5e00df5bacf" />
    <UnitTestResult executionId="ede9a2fd-acea-48b0-b6bd-54fbad94da49" testId="e452e890-fb23-a6c2-2350-e2d445747c9a" testName="C1008_Busy_routed_and_land_in_flight_refuse" computerName="5d9e09695ab3" duration="00:01:27.6306021" startTime="2026-10-03T15:15:01.3907019+00:00" endTime="2026-10-03T15:16:29.0213040+00:00" testType="13CDC9D9-DDB5-4fa4-A97D-D965CCFC6D4B" outcome="Passed" testListId="8C84FA94-04C1-424b-9868-57A2D4851A1D" relativeResultsDirectory="ede9a2fd-acea-48b0-b6bd-54fbad94da49" />
    <UnitTestResult executionId="fb8034a1-1c2b-4bdc-b822-39524302bce9" testId="391e2a0c-57ff-5633-2569-ac3606d38d0c" testName="C1008_Same_sha_and_partial_retries_are_safe" computerName="5d9e09695ab3" duration="00:00:39.2745491" startTime="2026-10-03T15:16:29.0220291+00:00" endTime="2026-10-03T15:17:08.2965782+00:00" testType="13CDC9D9-DDB5-4fa4-A97D-D965CCFC6D4B" outcome="Passed" testListId="8C84FA94-04C1-424b-9868-57A2D4851A1D" relativeResultsDirectory="fb8034a1-1c2b-4bdc-b822-39524302bce9" />
    <UnitTestResult executionId="79bf63dc-ba10-4b0b-bb3f-2ae4724c9730" testId="61df658c-0119-3839-1218-362d32be8023" testName="C1008_Option_manifest_is_strict" computerName="5d9e09695ab3" duration="00:00:15.6562754" startTime="2026-10-03T15:17:08.2974246+00:00" endTime="2026-10-03T15:17:23.9537000+00:00" testType="13CDC9D9-DDB5-4fa4-A97D-D965CCFC6D4B" outcome="Passed" testListId="8C84FA94-04C1-424b-9868-57A2D4851A1D" relativeResultsDirectory="79bf63dc-ba10-4b0b-bb3f-2ae4724c9730" />
    <UnitTestResult executionId="7cc01bf6-6495-4493-a693-84e30283f961" testId="7cbb3e15-e822-a945-0488-a66f4cb733d0" testName="C1008_Legacy_rolling_and_jq_rosters_remain" computerName="5d9e09695ab3" duration="00:21:03.1793883" startTime="2026-10-03T15:17:23.9554722+00:00" endTime="2026-10-03T15:38:27.1348605+00:00" testType="13CDC9D9-DDB5-4fa4-A97D-D965CCFC6D4B" outcome="Passed" testListId="8C84FA94-04C1-424b-9868-57A2D4851A1D" relativeResultsDirectory="7cc01bf6-6495-4493-a693-84e30283f961" />
    <UnitTestResult executionId="ac4e7635-ad1b-468d-b881-72d1ec8fef2c" testId="fc0cba69-76a6-3dd7-3abc-f729d5ec91a1" testName="C1008_Documentation_and_transport_pins_match" computerName="5d9e09695ab3" duration="00:00:00.0938501" startTime="2026-10-03T15:38:27.1357542+00:00" endTime="2026-10-03T15:38:27.2296043+00:00" testType="13CDC9D9-DDB5-4fa4-A97D-D965CCFC6D4B" outcome="Passed" testListId="8C84FA94-04C1-424b-9868-57A2D4851A1D" relativeResultsDirectory="ac4e7635-ad1b-468d-b881-72d1ec8fef2c" />
    <UnitTestResult executionId="66c2876a-0cd1-4f9a-b7f1-a3ef95d07020" testId="1b8cc7e9-cdc2-e441-832a-d35e5adc58fa" testName="C1008_Retired_absent_null_is_accepted" computerName="5d9e09695ab3" duration="00:00:22.6323586" startTime="2026-10-03T15:38:27.2300774+00:00" endTime="2026-10-03T15:38:49.8624360+00:00" testType="13CDC9D9-DDB5-4fa4-A97D-D965CCFC6D4B" outcome="Passed" testListId="8C84FA94-04C1-424b-9868-57A2D4851A1D" relativeResultsDirectory="66c2876a-0cd1-4f9a-b7f1-a3ef95d07020" />
  </Results>
  <TestDefinitions>
    <UnitTest name="C1008_Recycle_exact_default_volumes" storage="/work/worktrees/task-b3777342/tests/antiphon.tests/bin-c1008-scripts/antiphon.tests.dll" id="c9cab0ea-23c1-ad6b-31c5-360f203fc656">
      <TestCategory>
        <TestCategoryItem TestCategory="Unit" />
      </TestCategory>
      <Execution id="8f37cba8-b064-4c84-ba03-9bc1ecc75d85" />
      <Properties>
        <Property>
          <Key>Unit</Key>
          <Value></Value>
        </Property>
      </Properties>
      <TestMethod codeBase="/work/worktrees/task-b3777342/tests/Antiphon.Tests/bin-c1008-scripts/Antiphon.Tests.dll" adapterTypeName="executor://TUnitExtension/1.44.0.0" className="Antiphon.Tests.Scripts.RemoteScriptContractTests" name="C1008_Recycle_exact_default_volumes" />
    </UnitTest>
    <UnitTest name="C1008_Recycle_dry_run_never_mutates" storage="/work/worktrees/task-b3777342/tests/antiphon.tests/bin-c1008-scripts/antiphon.tests.dll" id="2dec8b54-3489-2a31-1813-05bffc59d381">
      <TestCategory>
        <TestCategoryItem TestCategory="Unit" />
      </TestCategory>
      <Execution id="f41aa21c-8c34-48a2-9685-56915e3a3a55" />
      <Properties>
        <Property>
          <Key>Unit</Key>
          <Value></Value>
        </Property>
      </Properties>
      <TestMethod codeBase="/work/worktrees/task-b3777342/tests/Antiphon.Tests/bin-c1008-scripts/Antiphon.Tests.dll" adapterTypeName="executor://TUnitExtension/1.44.0.0" className="Antiphon.Tests.Scripts.RemoteScriptContractTests" name="C1008_Recycle_dry_run_never_mutates" />
    </UnitTest>
    <UnitTest name="C1008_Retire_temp_rechecks_absence_and_retirement" storage="/work/worktrees/task-b3777342/tests/antiphon.tests/bin-c1008-scripts/antiphon.tests.dll" id="d0389f2e-ab2c-6ec8-c862-8ade0ba8fb4e">
      <TestCategory>
        <TestCategoryItem TestCategory="Unit" />
      </TestCategory>
      <Execution id="4add7e4a-7ce0-4820-bcf6-290c9107c5a8" />
      <Properties>
        <Property>
          <Key>Unit</Key>
          <Value></Value>
        </Property>
      </Properties>
      <TestMethod codeBase="/work/worktrees/task-b3777342/tests/Antiphon.Tests/bin-c1008-scripts/Antiphon.Tests.dll" adapterTypeName="executor://TUnitExtension/1.44.0.0" className="Antiphon.Tests.Scripts.RemoteScriptContractTests" name="C1008_Retire_temp_rechecks_absence_and_retirement" />
    </UnitTest>
    <UnitTest name="C1008_Recycle_receipt_records_disk_and_partial_failure" storage="/work/worktrees/task-b3777342/tests/antiphon.tests/bin-c1008-scripts/antiphon.tests.dll" id="173ac385-6bf5-5da3-0191-8d889ffd0500">
      <TestCategory>
        <TestCategoryItem TestCategory="Unit" />
      </TestCategory>
      <Execution id="062e215a-db18-48f1-81e3-2efaf2dbd423" />
      <Properties>
        <Property>
          <Key>Unit</Key>
          <Value></Value>
        </Property>
      </Properties>
      <TestMethod codeBase="/work/worktrees/task-b3777342/tests/Antiphon.Tests/bin-c1008-scripts/Antiphon.Tests.dll" adapterTypeName="executor://TUnitExtension/1.44.0.0" className="Antiphon.Tests.Scripts.RemoteScriptContractTests" name="C1008_Recycle_receipt_records_disk_and_partial_failure" />
    </UnitTest>
    <UnitTest name="C1008_Recycle_resume_requires_matching_receipt" storage="/work/worktrees/task-b3777342/tests/antiphon.tests/bin-c1008-scripts/antiphon.tests.dll" id="a4a219c0-654a-2f43-db29-ba7f2ba45411">
      <TestCategory>
        <TestCategoryItem TestCategory="Unit" />
      </TestCategory>
      <Execution id="19c64079-76c5-4f24-a514-8aacfa35efd9" />
      <Properties>
        <Property>
          <Key>Unit</Key>
          <Value></Value>
        </Property>
      </Properties>
      <TestMethod codeBase="/work/worktrees/task-b3777342/tests/Antiphon.Tests/bin-c1008-scripts/Antiphon.Tests.dll" adapterTypeName="executor://TUnitExtension/1.44.0.0" className="Antiphon.Tests.Scripts.RemoteScriptContractTests" name="C1008_Recycle_resume_requires_matching_receipt" />
    </UnitTest>
    <UnitTest name="C1008_Retire_temp_reclaims_below_cache_disk_gate" storage="/work/worktrees/task-b3777342/tests/antiphon.tests/bin-c1008-scripts/antiphon.tests.dll" id="6d7c8e6d-a9a8-4183-b2e6-84ee4e156d94">
      <TestCategory>
        <TestCategoryItem TestCategory="Unit" />
      </TestCategory>
      <Execution id="37643cad-b4ce-45f4-aa25-5b691841e5e1" />
      <Properties>
        <Property>
          <Key>Unit</Key>
          <Value></Value>
        </Property>
      </Properties>
      <TestMethod codeBase="/work/worktrees/task-b3777342/tests/Antiphon.Tests/bin-c1008-scripts/Antiphon.Tests.dll" adapterTypeName="executor://TUnitExtension/1.44.0.0" className="Antiphon.Tests.Scripts.RemoteScriptContractTests" name="C1008_Retire_temp_reclaims_below_cache_disk_gate" />
    </UnitTest>
    <UnitTest name="C1008_Recycle_refuses_uninspectable_git" storage="/work/worktrees/task-b3777342/tests/antiphon.tests/bin-c1008-scripts/antiphon.tests.dll" id="b69ddeea-1ab2-d7e0-d7d5-d0a6b9d0eb48">
      <TestCategory>
        <TestCategoryItem TestCategory="Unit" />
      </TestCategory>
      <Execution id="69006524-ec86-407b-a0bb-f5d7f4c5e823" />
      <Properties>
        <Property>
          <Key>Unit</Key>
          <Value></Value>
        </Property>
      </Properties>
      <TestMethod codeBase="/work/worktrees/task-b3777342/tests/Antiphon.Tests/bin-c1008-scripts/Antiphon.Tests.dll" adapterTypeName="executor://TUnitExtension/1.44.0.0" className="Antiphon.Tests.Scripts.RemoteScriptContractTests" name="C1008_Recycle_refuses_uninspectable_git" />
    </UnitTest>
    <UnitTest name="C1008_Recycle_refuses_unpublished_and_dirty_work" storage="/work/worktrees/task-b3777342/tests/antiphon.tests/bin-c1008-scripts/antiphon.tests.dll" id="b7ae2b37-dff5-9d0c-91b3-3e7d4e46cd66">
      <TestCategory>
        <TestCategoryItem TestCategory="Unit" />
      </TestCategory>
      <Execution id="5b846472-503a-4f3e-a5fd-a94ba912c0e0" />
      <Properties>
        <Property>
          <Key>Unit</Key>
          <Value></Value>
        </Property>
      </Properties>
      <TestMethod codeBase="/work/worktrees/task-b3777342/tests/Antiphon.Tests/bin-c1008-scripts/Antiphon.Tests.dll" adapterTypeName="executor://TUnitExtension/1.44.0.0" className="Antiphon.Tests.Scripts.RemoteScriptContractTests" name="C1008_Recycle_refuses_unpublished_and_dirty_work" />
    </UnitTest>
    <UnitTest name="C1008_Recycle_audits_work_as_1654" storage="/work/worktrees/task-b3777342/tests/antiphon.tests/bin-c1008-scripts/antiphon.tests.dll" id="f544e5c1-e9ef-9576-94ed-8bad2837cce4">
      <TestCategory>
        <TestCategoryItem TestCategory="Unit" />
      </TestCategory>
      <Execution id="dd2321ab-81c9-4fdd-b8a0-883a301e0aab" />
      <Properties>
        <Property>
          <Key>Unit</Key>
          <Value></Value>
        </Property>
      </Properties>
      <TestMethod codeBase="/work/worktrees/task-b3777342/tests/Antiphon.Tests/bin-c1008-scripts/Antiphon.Tests.dll" adapterTypeName="executor://TUnitExtension/1.44.0.0" className="Antiphon.Tests.Scripts.RemoteScriptContractTests" name="C1008_Recycle_audits_work_as_1654" />
    </UnitTest>
    <UnitTest name="C1008_Recycle_refuses_references_and_unknown_census" storage="/work/worktrees/task-b3777342/tests/antiphon.tests/bin-c1008-scripts/antiphon.tests.dll" id="2fa1b4a9-b7f1-958d-d5b7-58564ac86db1">
      <TestCategory>
        <TestCategoryItem TestCategory="Unit" />
      </TestCategory>
      <Execution id="9fc834d4-743b-493d-b701-10917381edcc" />
      <Properties>
        <Property>
          <Key>Unit</Key>
          <Value></Value>
        </Property>
      </Properties>
      <TestMethod codeBase="/work/worktrees/task-b3777342/tests/Antiphon.Tests/bin-c1008-scripts/Antiphon.Tests.dll" adapterTypeName="executor://TUnitExtension/1.44.0.0" className="Antiphon.Tests.Scripts.RemoteScriptContractTests" name="C1008_Recycle_refuses_references_and_unknown_census" />
    </UnitTest>
    <UnitTest name="C1008_Recycle_preserves_tmp_copyup" storage="/work/worktrees/task-b3777342/tests/antiphon.tests/bin-c1008-scripts/antiphon.tests.dll" id="fb708800-8313-59f9-37b9-d0d390d91bef">
      <TestCategory>
        <TestCategoryItem TestCategory="Unit" />
      </TestCategory>
      <Execution id="1388af8f-cfd1-4d6a-97e8-59ccfe912b55" />
      <Properties>
        <Property>
          <Key>Unit</Key>
          <Value></Value>
        </Property>
      </Properties>
      <TestMethod codeBase="/work/worktrees/task-b3777342/tests/Antiphon.Tests/bin-c1008-scripts/Antiphon.Tests.dll" adapterTypeName="executor://TUnitExtension/1.44.0.0" className="Antiphon.Tests.Scripts.RemoteScriptContractTests" name="C1008_Recycle_preserves_tmp_copyup" />
    </UnitTest>
    <UnitTest name="C1008_Refusal_receipts_do_not_leak_secrets" storage="/work/worktrees/task-b3777342/tests/antiphon.tests/bin-c1008-scripts/antiphon.tests.dll" id="42a01e7a-b63c-9454-95fe-f294b24800cb">
      <TestCategory>
        <TestCategoryItem TestCategory="Unit" />
      </TestCategory>
      <Execution id="211ac7f8-59d6-48ae-8175-942f1c8c0cbc" />
      <Properties>
        <Property>
          <Key>Unit</Key>
          <Value></Value>
        </Property>
      </Properties>
      <TestMethod codeBase="/work/worktrees/task-b3777342/tests/Antiphon.Tests/bin-c1008-scripts/Antiphon.Tests.dll" adapterTypeName="executor://TUnitExtension/1.44.0.0" className="Antiphon.Tests.Scripts.RollingVolumeRecycleScriptTests" name="C1008_Refusal_receipts_do_not_leak_secrets" />
    </UnitTest>
    <UnitTest name="C1008_Present_or_unknown_temp_keeps_null_refusal" storage="/work/worktrees/task-b3777342/tests/antiphon.tests/bin-c1008-scripts/antiphon.tests.dll" id="5b773749-7d90-5180-31fd-76cd63a9d4fb">
      <TestCategory>
        <TestCategoryItem TestCategory="Unit" />
      </TestCategory>
      <Execution id="09fa4a00-6fc9-4c17-8a75-b5e00df5bacf" />
      <Properties>
        <Property>
          <Key>Unit</Key>
          <Value></Value>
        </Property>
      </Properties>
      <TestMethod codeBase="/work/worktrees/task-b3777342/tests/Antiphon.Tests/bin-c1008-scripts/Antiphon.Tests.dll" adapterTypeName="executor://TUnitExtension/1.44.0.0" className="Antiphon.Tests.Scripts.RollingVolumeRecycleScriptTests" name="C1008_Present_or_unknown_temp_keeps_null_refusal" />
    </UnitTest>
    <UnitTest name="C1008_Busy_routed_and_land_in_flight_refuse" storage="/work/worktrees/task-b3777342/tests/antiphon.tests/bin-c1008-scripts/antiphon.tests.dll" id="e452e890-fb23-a6c2-2350-e2d445747c9a">
      <TestCategory>
        <TestCategoryItem TestCategory="Unit" />
      </TestCategory>
      <Execution id="ede9a2fd-acea-48b0-b6bd-54fbad94da49" />
      <Properties>
        <Property>
          <Key>Unit</Key>
          <Value></Value>
        </Property>
      </Properties>
      <TestMethod codeBase="/work/worktrees/task-b3777342/tests/Antiphon.Tests/bin-c1008-scripts/Antiphon.Tests.dll" adapterTypeName="executor://TUnitExtension/1.44.0.0" className="Antiphon.Tests.Scripts.RollingVolumeRecycleScriptTests" name="C1008_Busy_routed_and_land_in_flight_refuse" />
    </UnitTest>
    <UnitTest name="C1008_Same_sha_and_partial_retries_are_safe" storage="/work/worktrees/task-b3777342/tests/antiphon.tests/bin-c1008-scripts/antiphon.tests.dll" id="391e2a0c-57ff-5633-2569-ac3606d38d0c">
      <TestCategory>
        <TestCategoryItem TestCategory="Unit" />
      </TestCategory>
      <Execution id="fb8034a1-1c2b-4bdc-b822-39524302bce9" />
      <Properties>
        <Property>
          <Key>Unit</Key>
          <Value></Value>
        </Property>
      </Properties>
      <TestMethod codeBase="/work/worktrees/task-b3777342/tests/Antiphon.Tests/bin-c1008-scripts/Antiphon.Tests.dll" adapterTypeName="executor://TUnitExtension/1.44.0.0" className="Antiphon.Tests.Scripts.RollingVolumeRecycleScriptTests" name="C1008_Same_sha_and_partial_retries_are_safe" />
    </UnitTest>
    <UnitTest name="C1008_Option_manifest_is_strict" storage="/work/worktrees/task-b3777342/tests/antiphon.tests/bin-c1008-scripts/antiphon.tests.dll" id="61df658c-0119-3839-1218-362d32be8023">
      <TestCategory>
        <TestCategoryItem TestCategory="Unit" />
      </TestCategory>
      <Execution id="79bf63dc-ba10-4b0b-bb3f-2ae4724c9730" />
      <Properties>
        <Property>
          <Key>Unit</Key>
          <Value></Value>
        </Property>
      </Properties>
      <TestMethod codeBase="/work/worktrees/task-b3777342/tests/Antiphon.Tests/bin-c1008-scripts/Antiphon.Tests.dll" adapterTypeName="executor://TUnitExtension/1.44.0.0" className="Antiphon.Tests.Scripts.RollingVolumeRecycleScriptTests" name="C1008_Option_manifest_is_strict" />
    </UnitTest>
    <UnitTest name="C1008_Legacy_rolling_and_jq_rosters_remain" storage="/work/worktrees/task-b3777342/tests/antiphon.tests/bin-c1008-scripts/antiphon.tests.dll" id="7cbb3e15-e822-a945-0488-a66f4cb733d0">
      <TestCategory>
        <TestCategoryItem TestCategory="Unit" />
      </TestCategory>
      <Execution id="7cc01bf6-6495-4493-a693-84e30283f961" />
      <Properties>
        <Property>
          <Key>Unit</Key>
          <Value></Value>
        </Property>
      </Properties>
      <TestMethod codeBase="/work/worktrees/task-b3777342/tests/Antiphon.Tests/bin-c1008-scripts/Antiphon.Tests.dll" adapterTypeName="executor://TUnitExtension/1.44.0.0" className="Antiphon.Tests.Scripts.RollingVolumeRecycleScriptTests" name="C1008_Legacy_rolling_and_jq_rosters_remain" />
    </UnitTest>
    <UnitTest name="C1008_Documentation_and_transport_pins_match" storage="/work/worktrees/task-b3777342/tests/antiphon.tests/bin-c1008-scripts/antiphon.tests.dll" id="fc0cba69-76a6-3dd7-3abc-f729d5ec91a1">
      <TestCategory>
        <TestCategoryItem TestCategory="Unit" />
      </TestCategory>
      <Execution id="ac4e7635-ad1b-468d-b881-72d1ec8fef2c" />
      <Properties>
        <Property>
          <Key>Unit</Key>
          <Value></Value>
        </Property>
      </Properties>
      <TestMethod codeBase="/work/worktrees/task-b3777342/tests/Antiphon.Tests/bin-c1008-scripts/Antiphon.Tests.dll" adapterTypeName="executor://TUnitExtension/1.44.0.0" className="Antiphon.Tests.Scripts.RollingVolumeRecycleScriptTests" name="C1008_Documentation_and_transport_pins_match" />
    </UnitTest>
    <UnitTest name="C1008_Retired_absent_null_is_accepted" storage="/work/worktrees/task-b3777342/tests/antiphon.tests/bin-c1008-scripts/antiphon.tests.dll" id="1b8cc7e9-cdc2-e441-832a-d35e5adc58fa">
      <TestCategory>
        <TestCategoryItem TestCategory="Unit" />
      </TestCategory>
      <Execution id="66c2876a-0cd1-4f9a-b7f1-a3ef95d07020" />
      <Properties>
        <Property>
          <Key>Unit</Key>
          <Value></Value>
        </Property>
      </Properties>
      <TestMethod codeBase="/work/worktrees/task-b3777342/tests/Antiphon.Tests/bin-c1008-scripts/Antiphon.Tests.dll" adapterTypeName="executor://TUnitExtension/1.44.0.0" className="Antiphon.Tests.Scripts.RollingVolumeRecycleScriptTests" name="C1008_Retired_absent_null_is_accepted" />
    </UnitTest>
  </TestDefinitions>
  <TestEntries>
    <TestEntry testId="c9cab0ea-23c1-ad6b-31c5-360f203fc656" executionId="8f37cba8-b064-4c84-ba03-9bc1ecc75d85" testListId="8C84FA94-04C1-424b-9868-57A2D4851A1D" />
    <TestEntry testId="2dec8b54-3489-2a31-1813-05bffc59d381" executionId="f41aa21c-8c34-48a2-9685-56915e3a3a55" testListId="8C84FA94-04C1-424b-9868-57A2D4851A1D" />
    <TestEntry testId="d0389f2e-ab2c-6ec8-c862-8ade0ba8fb4e" executionId="4add7e4a-7ce0-4820-bcf6-290c9107c5a8" testListId="8C84FA94-04C1-424b-9868-57A2D4851A1D" />
    <TestEntry testId="173ac385-6bf5-5da3-0191-8d889ffd0500" executionId="062e215a-db18-48f1-81e3-2efaf2dbd423" testListId="8C84FA94-04C1-424b-9868-57A2D4851A1D" />
    <TestEntry testId="a4a219c0-654a-2f43-db29-ba7f2ba45411" executionId="19c64079-76c5-4f24-a514-8aacfa35efd9" testListId="8C84FA94-04C1-424b-9868-57A2D4851A1D" />
    <TestEntry testId="6d7c8e6d-a9a8-4183-b2e6-84ee4e156d94" executionId="37643cad-b4ce-45f4-aa25-5b691841e5e1" testListId="8C84FA94-04C1-424b-9868-57A2D4851A1D" />
    <TestEntry testId="b69ddeea-1ab2-d7e0-d7d5-d0a6b9d0eb48" executionId="69006524-ec86-407b-a0bb-f5d7f4c5e823" testListId="8C84FA94-04C1-424b-9868-57A2D4851A1D" />
    <TestEntry testId="b7ae2b37-dff5-9d0c-91b3-3e7d4e46cd66" executionId="5b846472-503a-4f3e-a5fd-a94ba912c0e0" testListId="8C84FA94-04C1-424b-9868-57A2D4851A1D" />
    <TestEntry testId="f544e5c1-e9ef-9576-94ed-8bad2837cce4" executionId="dd2321ab-81c9-4fdd-b8a0-883a301e0aab" testListId="8C84FA94-04C1-424b-9868-57A2D4851A1D" />
    <TestEntry testId="2fa1b4a9-b7f1-958d-d5b7-58564ac86db1" executionId="9fc834d4-743b-493d-b701-10917381edcc" testListId="8C84FA94-04C1-424b-9868-57A2D4851A1D" />
    <TestEntry testId="fb708800-8313-59f9-37b9-d0d390d91bef" executionId="1388af8f-cfd1-4d6a-97e8-59ccfe912b55" testListId="8C84FA94-04C1-424b-9868-57A2D4851A1D" />
    <TestEntry testId="42a01e7a-b63c-9454-95fe-f294b24800cb" executionId="211ac7f8-59d6-48ae-8175-942f1c8c0cbc" testListId="8C84FA94-04C1-424b-9868-57A2D4851A1D" />
    <TestEntry testId="5b773749-7d90-5180-31fd-76cd63a9d4fb" executionId="09fa4a00-6fc9-4c17-8a75-b5e00df5bacf" testListId="8C84FA94-04C1-424b-9868-57A2D4851A1D" />
    <TestEntry testId="e452e890-fb23-a6c2-2350-e2d445747c9a" executionId="ede9a2fd-acea-48b0-b6bd-54fbad94da49" testListId="8C84FA94-04C1-424b-9868-57A2D4851A1D" />
    <TestEntry testId="391e2a0c-57ff-5633-2569-ac3606d38d0c" executionId="fb8034a1-1c2b-4bdc-b822-39524302bce9" testListId="8C84FA94-04C1-424b-9868-57A2D4851A1D" />
    <TestEntry testId="61df658c-0119-3839-1218-362d32be8023" executionId="79bf63dc-ba10-4b0b-bb3f-2ae4724c9730" testListId="8C84FA94-04C1-424b-9868-57A2D4851A1D" />
    <TestEntry testId="7cbb3e15-e822-a945-0488-a66f4cb733d0" executionId="7cc01bf6-6495-4493-a693-84e30283f961" testListId="8C84FA94-04C1-424b-9868-57A2D4851A1D" />
    <TestEntry testId="fc0cba69-76a6-3dd7-3abc-f729d5ec91a1" executionId="ac4e7635-ad1b-468d-b881-72d1ec8fef2c" testListId="8C84FA94-04C1-424b-9868-57A2D4851A1D" />
    <TestEntry testId="1b8cc7e9-cdc2-e441-832a-d35e5adc58fa" executionId="66c2876a-0cd1-4f9a-b7f1-a3ef95d07020" testListId="8C84FA94-04C1-424b-9868-57A2D4851A1D" />
  </TestEntries>
  <TestLists>
    <TestList name="Results Not in a List" id="8C84FA94-04C1-424b-9868-57A2D4851A1D" />
    <TestList name="All Loaded Results" id="19431567-8539-422a-85d7-44ee4e166bda" />
  </TestLists>
  <ResultSummary outcome="Completed">
    <Counters total="19" executed="19" passed="19" failed="0" error="0" timeout="0" aborted="0" inconclusive="0" passedButRunAborted="0" notRunnable="0" notExecuted="0" disconnected="0" warning="0" completed="0" inProgress="0" pending="0" />
    <CollectorDataEntries>
      <Collector agentName="5d9e09695ab3" uri="datacollector://TUnitExtensionHtmlReporter/1.44.0.0" collectorDisplayName="TUnit">
        <UriAttachments>
          <UriAttachment>
            <A href="5d9e09695ab3/Antiphon.Tests-linux-net9.0-report.html" />
          </UriAttachment>
        </UriAttachments>
      </Collector>
    </CollectorDataEntries>
  </ResultSummary>
</TestRun>