BUILD SLOT granted lease=ea95292b-71ed-42cd-9259-209a8b90f09c waited=0s maxcpucount=6

████████╗██╗   ██╗███╗   ██╗██╗████████╗
╚══██╔══╝██║   ██║████╗  ██║██║╚══██╔══╝
   ██║   ██║   ██║██╔██╗ ██║██║   ██║
   ██║   ██║   ██║██║╚██╗██║██║   ██║
   ██║   ╚██████╔╝██║ ╚████║██║   ██║
   ╚═╝    ╚═════╝ ╚═╝  ╚═══╝╚═╝   ╚═╝

   TUnit v1.44.0.0 | 64-bit | Debian GNU/Linux 12 (bookworm) | linux-x64 | .NET 9.0.20 | Microsoft Testing Platform v2.2.2

   Engine Mode: SourceGenerated

failed C1008_Recycle_refuses_references_and_unknown_census (19s 145ms)
  TUnit.Engine.Exceptions.TestFailedException: [Test Failure] ShouldAssertException: invalid.Trace.Any(a => a[0] == "stop")
      should be
  False
      but was
  True
  
  Additional Info:
      recycle-reference-refusal: inspected owned mount missing-work
    at Antiphon.Tests.Scripts.RemoteScriptContractTests.C1008_Recycle_refuses_references_and_unknown_census() in /work/worktrees/task-1b2e83e3/tests/Antiphon.Tests/Scripts/RemoteScriptContractTests.cs:106
    at System.Runtime.ExceptionServices.ExceptionDispatchInfo.Throw()
    at System.Runtime.CompilerServices.TaskAwaiter.ThrowForNonSuccess(Task task)
    at System.Runtime.CompilerServices.TaskAwaiter.HandleNonSuccessAndDebuggerNotification(Task task, ConfigureAwaitOptions options)
    at System.Runtime.ExceptionServices.ExceptionDispatchInfo.Throw()
    at System.Runtime.CompilerServices.TaskAwaiter.ThrowForNonSuccess(Task task)
    at System.Runtime.CompilerServices.TaskAwaiter.HandleNonSuccessAndDebuggerNotification(Task task, ConfigureAwaitOptions options)
    at System.Runtime.ExceptionServices.ExceptionDispatchInfo.Throw()
    at System.Runtime.CompilerServices.TaskAwaiter.ThrowForNonSuccess(Task task)
    at System.Runtime.CompilerServices.TaskAwaiter.HandleNonSuccessAndDebuggerNotification(Task task, ConfigureAwaitOptions options)
       --- TUnit internals omitted (run with --detailed-stacktrace for full trace) ---
  Standard output
    [CARD-0204] SessionRunner__BaseUrl=http://127.0.0.1:1, Delegation__CheckInterpreterEnabled=false, Delegation__DiagnoseEnabled=false and Delegation__OutputDistillerEnabled=false for every Program boot in this assembly (inherited SessionRunner__BaseUrl='<unset>') - test hosts never launch on the production session-runner.
    [CARD-0298] Hangfire__ServerEnabled=false for every Program boot in this assembly - test hosts never start a Hangfire worker (no WMI census, no production-runner list).
    [CARD-0045] cleared inherited ANTIPHON_PTY_BACKEND='inbox' — pty tests declare their backend; the suite means the same thing whoever launched it.
    
failed C1008_Recycle_resume_requires_matching_receipt (16s 962ms)
  TUnit.Engine.Exceptions.TestFailedException: [Test Failure] ShouldAssertException: receipt["phase"]!.GetValue<string>()
      should be
  "recreating"
      but was
  "volumesRemoved"
      difference
  Difference     |  |    |    |    |    |    |    |    |    |    |    |    |    |    |   
                 | \|/  \|/  \|/  \|/  \|/  \|/  \|/  \|/  \|/  \|/  \|/  \|/  \|/  \|/  
  Index          | 0    1    2    3    4    5    6    7    8    9    10   11   12   13   
  Expected Value | r    e    c    r    e    a    t    i    n    g                        
  Actual Value   | v    o    l    u    m    e    s    R    e    m    o    v    e    d    
  Expected Code  | 114  101  99   114  101  97   116  105  110  103                      
  Actual Code    | 118  111  108  117  109  101  115  82   101  109  111  118  101  100  
  
  Additional Info:
      recycle-resume-generation: creation intent precedes a failing seed
    at Antiphon.Tests.Scripts.RemoteScriptContractTests.C1008_Recycle_resume_requires_matching_receipt() in /work/worktrees/task-1b2e83e3/tests/Antiphon.Tests/Scripts/RemoteScriptContractTests.cs:265
    at System.Runtime.ExceptionServices.ExceptionDispatchInfo.Throw()
    at System.Runtime.CompilerServices.TaskAwaiter.ThrowForNonSuccess(Task task)
    at System.Runtime.CompilerServices.TaskAwaiter.HandleNonSuccessAndDebuggerNotification(Task task, ConfigureAwaitOptions options)
    at System.Runtime.ExceptionServices.ExceptionDispatchInfo.Throw()
    at System.Runtime.CompilerServices.TaskAwaiter.ThrowForNonSuccess(Task task)
    at System.Runtime.CompilerServices.TaskAwaiter.HandleNonSuccessAndDebuggerNotification(Task task, ConfigureAwaitOptions options)
    at System.Runtime.ExceptionServices.ExceptionDispatchInfo.Throw()
    at System.Runtime.CompilerServices.TaskAwaiter.ThrowForNonSuccess(Task task)
    at System.Runtime.CompilerServices.TaskAwaiter.HandleNonSuccessAndDebuggerNotification(Task task, ConfigureAwaitOptions options)
       --- TUnit internals omitted (run with --detailed-stacktrace for full trace) ---
failed C1008_Refusal_receipts_do_not_leak_secrets (21s 797ms)
  TUnit.Engine.Exceptions.TestFailedException: [Test Failure] FileNotFoundException: Could not find file '/tmp/c1008-host-3rnys3/server/recycle/c100800000000000000000000000000001.json'.
    at Interop.ThrowExceptionForIoErrno(ErrorInfo errorInfo, String path, Boolean isDirError)
    at Microsoft.Win32.SafeHandles.SafeFileHandle.Open(String fullPath, FileMode mode, FileAccess access, FileShare share, FileOptions options, Int64 preallocationSize, UnixFileMode openPermissions, Int64& fileLength, UnixFileMode& filePermissions, Boolean failForSymlink, Boolean& wasSymlink, Func`4 createOpenException)
    at System.IO.Strategies.OSFileStreamStrategy..ctor(String path, FileMode mode, FileAccess access, FileShare share, FileOptions options, Int64 preallocationSize, Nullable`1 unixCreateMode)
    at System.IO.StreamReader.ValidateArgsAndOpenPath(String path, Encoding encoding, Int32 bufferSize)
    at System.IO.File.ReadAllText(String path, Encoding encoding)
    at Antiphon.Tests.Scripts.RollingVolumeRecycleScriptTests.C1008_Refusal_receipts_do_not_leak_secrets() in /work/worktrees/task-1b2e83e3/tests/Antiphon.Tests/Scripts/RollingVolumeRecycleScriptTests.cs:198
       --- TUnit internals omitted (run with --detailed-stacktrace for full trace) ---
HTML test report written to: /work/worktrees/task-1b2e83e3/.antiphon/c1008-round2-evidence/C1008-guard-red-20261003-160019-0b47/Antiphon.Tests-linux-net9.0-report.html

  In process file artifacts produced:
    - /work/worktrees/task-1b2e83e3/.antiphon/c1008-round2-evidence/C1008-guard-red-20261003-160019-0b47/Antiphon.Tests-linux-net9.0-report.html
    - /work/worktrees/task-1b2e83e3/.antiphon/c1008-round2-evidence/C1008-guard-red-20261003-160019-0b47/run.trx

Test run summary: Failed! - /work/worktrees/task-1b2e83e3/tests/Antiphon.Tests/bin-c1008-guard-red/Antiphon.Tests.dll (net9.0|x64)
  total: 3
  failed: 3
  succeeded: 0
  skipped: 0
  duration: 1m 02s 141ms
BUILD SLOT released lease=ea95292b-71ed-42cd-9259-209a8b90f09c held=68s
MSBUILD PROPERTY UseAppHost=false
FAILED Antiphon.Tests.Scripts.RemoteScriptContractTests.C1008_Recycle_refuses_references_and_unknown_census
FAILED Antiphon.Tests.Scripts.RemoteScriptContractTests.C1008_Recycle_resume_requires_matching_receipt
FAILED Antiphon.Tests.Scripts.RollingVolumeRecycleScriptTests.C1008_Refusal_receipts_do_not_leak_secrets
EXECUTED Antiphon.Tests.Scripts.RemoteScriptContractTests.C1008_Recycle_refuses_references_and_unknown_census
EXECUTED Antiphon.Tests.Scripts.RemoteScriptContractTests.C1008_Recycle_resume_requires_matching_receipt
EXECUTED Antiphon.Tests.Scripts.RollingVolumeRecycleScriptTests.C1008_Refusal_receipts_do_not_leak_secrets
CHECKPOINT C1008-guard-red commit=435a6eeb1b229627e3ac30ecb7001c46cd740783 build=reused filter=/*/*/(RemoteScriptContractTests*)|(RollingVolumeRecycleScriptTests*)/(C1008_Recycle_refuses_references_and_unknown_census*)|(C1008_Recycle_resume_requires_matching_receipt*)|(C1008_Refusal_receipts_do_not_leak_secrets*) executed=3 passed=0 failed=3 skipped=0 trx=/work/worktrees/task-1b2e83e3/.antiphon/c1008-round2-evidence/C1008-guard-red-20261003-160019-0b47/run.trx slot=granted waited=0s dirty=0 source=435a6eeb1b229627e3ac30ecb7001c46cd740783 sourceState=clean buildSource=verified
CHECKPOINT C1008-guard-red EXIT CODE: 1
