BUILD SLOT granted lease=46ff4505-e2d2-46ee-8cbd-d6f4dcd74916 waited=0s maxcpucount=6

  Determining projects to restore...
  All projects are up-to-date for restore.
  Antiphon.HostCleanup -> /work/worktrees/task-1b2e83e3/src/Antiphon.HostCleanup/bin-c1008-unit/Antiphon.HostCleanup.dll
  Antiphon.Messaging -> /work/worktrees/task-1b2e83e3/src/Antiphon.Messaging/bin-c1008-unit/Antiphon.Messaging.dll
  Antiphon.Resilience -> /work/worktrees/task-1b2e83e3/src/Antiphon.Resilience/bin-c1008-unit/Antiphon.Resilience.dll
  Antiphon.Agents.Pty -> /work/worktrees/task-1b2e83e3/src/Antiphon.Agents.Pty/bin-c1008-unit/Antiphon.Agents.Pty.dll
  Antiphon.Checkpoints -> /work/worktrees/task-1b2e83e3/tools/Antiphon.Checkpoints/bin-c1008-unit/Antiphon.Checkpoints.dll
  Antiphon.SessionRunner.Contracts -> /work/worktrees/task-1b2e83e3/src/Antiphon.SessionRunner.Contracts/bin-c1008-unit/Antiphon.SessionRunner.Contracts.dll
  Antiphon.FakeLlmApi -> /work/worktrees/task-1b2e83e3/src/Antiphon.FakeLlmApi/bin-c1008-unit/Antiphon.FakeLlmApi.dll
  Antiphon.NightlyWatchdog -> /work/worktrees/task-1b2e83e3/src/Antiphon.NightlyWatchdog/bin-c1008-unit/Antiphon.NightlyWatchdog.dll
  Antiphon.Messaging.Client -> /work/worktrees/task-1b2e83e3/src/Antiphon.Messaging.Client/bin-c1008-unit/Antiphon.Messaging.Client.dll
  Antiphon.Messaging.Gateway -> /work/worktrees/task-1b2e83e3/src/Antiphon.Messaging.Gateway/bin-c1008-unit/Antiphon.Messaging.Gateway.dll
  Antiphon.PtyHost.Protocol -> /work/worktrees/task-1b2e83e3/src/Antiphon.PtyHost.Protocol/bin-c1008-unit/Antiphon.PtyHost.Protocol.dll
  Antiphon.Messaging.Client.Testing -> /work/worktrees/task-1b2e83e3/src/Antiphon.Messaging.Client.Testing/bin-c1008-unit/Antiphon.Messaging.Client.Testing.dll
  Antiphon.Messaging.Slack -> /work/worktrees/task-1b2e83e3/src/Antiphon.Messaging.Slack/bin-c1008-unit/Antiphon.Messaging.Slack.dll
  Antiphon.PtyHost.Client -> /work/worktrees/task-1b2e83e3/src/Antiphon.PtyHost.Client/bin-c1008-unit/Antiphon.PtyHost.Client.dll
  Antiphon.PtyHost -> /work/worktrees/task-1b2e83e3/src/Antiphon.PtyHost/bin-c1008-unit/Antiphon.PtyHost.dll
/work/worktrees/task-1b2e83e3/src/Antiphon.SessionRunner/RunnerWorkspaceService.cs(314,84): warning CS8604: Possible null reference argument for parameter 'args' in 'Task<(int ExitCode, string Stdout, string Stderr)> RunnerWorkspaceService.GitAsync(string workingDirectory, CancellationToken ct, params string[] args)'. [/work/worktrees/task-1b2e83e3/src/Antiphon.SessionRunner/Antiphon.SessionRunner.csproj]
  Antiphon.SessionRunner -> /work/worktrees/task-1b2e83e3/src/Antiphon.SessionRunner/bin-c1008-unit/Antiphon.SessionRunner.dll
/work/worktrees/task-1b2e83e3/server/Infrastructure/Git/LocalVerificationWorkspace.cs(17,91): warning CS9113: Parameter 'evidence' is unread. [/work/worktrees/task-1b2e83e3/server/Antiphon.Server.csproj]
/work/worktrees/task-1b2e83e3/server/Application/Services/AgentTaskLandService.cs(586,81): warning CS8602: Dereference of a possibly null reference. [/work/worktrees/task-1b2e83e3/server/Antiphon.Server.csproj]
/work/worktrees/task-1b2e83e3/server/Application/Services/AgentTaskLandService.cs(585,75): warning CS8604: Possible null reference argument for parameter 'git' in 'AgentTaskLandSourceResolver.AgentTaskLandSourceResolver(AppDbContext db, ILandingGit git, IRepositoryMutationLease leases, TimeProvider clock, IOptions<GitSettings>? gitSettings = null, ILandWorkspace? landWorkspace = null, LandDeliveryBoundary? boundary = null)'. [/work/worktrees/task-1b2e83e3/server/Antiphon.Server.csproj]
/work/worktrees/task-1b2e83e3/server/Application/Services/AgentTaskLandService.cs(585,88): warning CS8604: Possible null reference argument for parameter 'leases' in 'AgentTaskLandSourceResolver.AgentTaskLandSourceResolver(AppDbContext db, ILandingGit git, IRepositoryMutationLease leases, TimeProvider clock, IOptions<GitSettings>? gitSettings = null, ILandWorkspace? landWorkspace = null, LandDeliveryBoundary? boundary = null)'. [/work/worktrees/task-1b2e83e3/server/Antiphon.Server.csproj]
/work/worktrees/task-1b2e83e3/server/Application/Services/AgentTaskLandService.cs(603,28): warning CS8602: Dereference of a possibly null reference. [/work/worktrees/task-1b2e83e3/server/Antiphon.Server.csproj]
/work/worktrees/task-1b2e83e3/server/Application/Services/SessionStateStore.cs(284,42): warning CS9124: Parameter 'SessionStateStore.Entry entry' is captured into the state of the enclosing type and its value is also used to initialize a field, property, or event. [/work/worktrees/task-1b2e83e3/server/Antiphon.Server.csproj]
/work/worktrees/task-1b2e83e3/server/Application/Services/RemoteWorkspaceService.cs(380,32): warning CS8602: Dereference of a possibly null reference. [/work/worktrees/task-1b2e83e3/server/Antiphon.Server.csproj]
/work/worktrees/task-1b2e83e3/server/Application/Services/RemoteWorkspaceService.cs(385,68): warning CS8601: Possible null reference assignment. [/work/worktrees/task-1b2e83e3/server/Antiphon.Server.csproj]
/work/worktrees/task-1b2e83e3/server/Application/Services/RemoteWorkspaceService.cs(391,34): warning CS8602: Dereference of a possibly null reference. [/work/worktrees/task-1b2e83e3/server/Antiphon.Server.csproj]
/work/worktrees/task-1b2e83e3/server/Application/Services/RemoteWorkspaceService.cs(391,72): warning CS8604: Possible null reference argument for parameter 'descendantSha' in 'Task<bool?> ITaskProgressGit.IsAncestorAsync(string repository, string ancestorSha, string descendantSha, CancellationToken ct)'. [/work/worktrees/task-1b2e83e3/server/Antiphon.Server.csproj]
/work/worktrees/task-1b2e83e3/server/Application/Services/RemoteWorkspaceService.cs(407,32): warning CS8602: Dereference of a possibly null reference. [/work/worktrees/task-1b2e83e3/server/Antiphon.Server.csproj]
/work/worktrees/task-1b2e83e3/server/Application/Services/RemoteWorkspaceService.cs(407,70): warning CS8604: Possible null reference argument for parameter 'descendantSha' in 'Task<bool?> ITaskProgressGit.IsAncestorAsync(string repository, string ancestorSha, string descendantSha, CancellationToken ct)'. [/work/worktrees/task-1b2e83e3/server/Antiphon.Server.csproj]
/work/worktrees/task-1b2e83e3/server/Application/Services/HostStatsCache.cs(30,19): warning CS8602: Dereference of a possibly null reference. [/work/worktrees/task-1b2e83e3/server/Antiphon.Server.csproj]
/work/worktrees/task-1b2e83e3/server/Application/Services/AgentTaskLandSourceResolver.cs(17,28): warning CS9113: Parameter 'gitSettings' is unread. [/work/worktrees/task-1b2e83e3/server/Antiphon.Server.csproj]
/work/worktrees/task-1b2e83e3/server/Application/Services/CapacityRecoveryService.cs(1154,21): warning EF1002: Method 'ExecuteSqlRawAsync' inserts interpolated strings directly into the SQL, without any protection against SQL injection. Consider using 'ExecuteSqlAsync' instead, which protects against SQL injection, or make sure that the value is sanitized and suppress the warning. [/work/worktrees/task-1b2e83e3/server/Antiphon.Server.csproj]
  Antiphon.Server -> /work/worktrees/task-1b2e83e3/server/bin-c1008-unit/Antiphon.Server.dll
/usr/share/dotnet/sdk/10.0.401/Microsoft.Common.CurrentVersion.targets(2453,5): warning MSB3277: Found conflicts between different versions of "Microsoft.EntityFrameworkCore.Relational" that could not be resolved. [/work/worktrees/task-1b2e83e3/tests/Antiphon.DockerStack.Fixture/Antiphon.DockerStack.Fixture.csproj]
/usr/share/dotnet/sdk/10.0.401/Microsoft.Common.CurrentVersion.targets(2453,5): warning MSB3277: There was a conflict between "Microsoft.EntityFrameworkCore.Relational, Version=9.0.1.0, Culture=neutral, PublicKeyToken=adb9793829ddae60" and "Microsoft.EntityFrameworkCore.Relational, Version=9.0.20.0, Culture=neutral, PublicKeyToken=adb9793829ddae60". [/work/worktrees/task-1b2e83e3/tests/Antiphon.DockerStack.Fixture/Antiphon.DockerStack.Fixture.csproj]
/usr/share/dotnet/sdk/10.0.401/Microsoft.Common.CurrentVersion.targets(2453,5): warning MSB3277:     "Microsoft.EntityFrameworkCore.Relational, Version=9.0.1.0, Culture=neutral, PublicKeyToken=adb9793829ddae60" was chosen because it was primary and "Microsoft.EntityFrameworkCore.Relational, Version=9.0.20.0, Culture=neutral, PublicKeyToken=adb9793829ddae60" was not. [/work/worktrees/task-1b2e83e3/tests/Antiphon.DockerStack.Fixture/Antiphon.DockerStack.Fixture.csproj]
/usr/share/dotnet/sdk/10.0.401/Microsoft.Common.CurrentVersion.targets(2453,5): warning MSB3277:     References which depend on "Microsoft.EntityFrameworkCore.Relational, Version=9.0.1.0, Culture=neutral, PublicKeyToken=adb9793829ddae60" [/home/app/.nuget/packages/microsoft.entityframeworkcore.relational/9.0.1/lib/net8.0/Microsoft.EntityFrameworkCore.Relational.dll]. [/work/worktrees/task-1b2e83e3/tests/Antiphon.DockerStack.Fixture/Antiphon.DockerStack.Fixture.csproj]
/usr/share/dotnet/sdk/10.0.401/Microsoft.Common.CurrentVersion.targets(2453,5): warning MSB3277:         /home/app/.nuget/packages/microsoft.entityframeworkcore.relational/9.0.1/lib/net8.0/Microsoft.EntityFrameworkCore.Relational.dll [/work/worktrees/task-1b2e83e3/tests/Antiphon.DockerStack.Fixture/Antiphon.DockerStack.Fixture.csproj]
/usr/share/dotnet/sdk/10.0.401/Microsoft.Common.CurrentVersion.targets(2453,5): warning MSB3277:           Project file item includes which caused reference "/home/app/.nuget/packages/microsoft.entityframeworkcore.relational/9.0.1/lib/net8.0/Microsoft.EntityFrameworkCore.Relational.dll". [/work/worktrees/task-1b2e83e3/tests/Antiphon.DockerStack.Fixture/Antiphon.DockerStack.Fixture.csproj]
/usr/share/dotnet/sdk/10.0.401/Microsoft.Common.CurrentVersion.targets(2453,5): warning MSB3277:             /home/app/.nuget/packages/microsoft.entityframeworkcore.relational/9.0.1/lib/net8.0/Microsoft.EntityFrameworkCore.Relational.dll [/work/worktrees/task-1b2e83e3/tests/Antiphon.DockerStack.Fixture/Antiphon.DockerStack.Fixture.csproj]
/usr/share/dotnet/sdk/10.0.401/Microsoft.Common.CurrentVersion.targets(2453,5): warning MSB3277:     References which depend on or have been unified to "Microsoft.EntityFrameworkCore.Relational, Version=9.0.20.0, Culture=neutral, PublicKeyToken=adb9793829ddae60" []. [/work/worktrees/task-1b2e83e3/tests/Antiphon.DockerStack.Fixture/Antiphon.DockerStack.Fixture.csproj]
/usr/share/dotnet/sdk/10.0.401/Microsoft.Common.CurrentVersion.targets(2453,5): warning MSB3277:         /work/worktrees/task-1b2e83e3/server/bin-c1008-unit/Antiphon.Server.dll [/work/worktrees/task-1b2e83e3/tests/Antiphon.DockerStack.Fixture/Antiphon.DockerStack.Fixture.csproj]
/usr/share/dotnet/sdk/10.0.401/Microsoft.Common.CurrentVersion.targets(2453,5): warning MSB3277:           Project file item includes which caused reference "/work/worktrees/task-1b2e83e3/server/bin-c1008-unit/Antiphon.Server.dll". [/work/worktrees/task-1b2e83e3/tests/Antiphon.DockerStack.Fixture/Antiphon.DockerStack.Fixture.csproj]
/usr/share/dotnet/sdk/10.0.401/Microsoft.Common.CurrentVersion.targets(2453,5): warning MSB3277:             /work/worktrees/task-1b2e83e3/server/bin-c1008-unit/Antiphon.Server.dll [/work/worktrees/task-1b2e83e3/tests/Antiphon.DockerStack.Fixture/Antiphon.DockerStack.Fixture.csproj]
  Antiphon.DockerStack.Fixture -> /work/worktrees/task-1b2e83e3/tests/Antiphon.DockerStack.Fixture/bin-c1008-unit/Antiphon.DockerStack.Fixture.dll
  Antiphon.CustodyTestChild -> /work/worktrees/task-1b2e83e3/tests/Antiphon.CustodyTestChild/bin-c1008-unit/Antiphon.CustodyTestChild.dll
  Antiphon.FakeClaude -> /work/worktrees/task-1b2e83e3/src/Antiphon.FakeClaude/bin-c1008-unit/fakeclaude.dll
  Antiphon.Checkpoints.FilterHost -> /work/worktrees/task-1b2e83e3/tests/Antiphon.Checkpoints.FilterHost/bin-c1008-unit/Antiphon.Checkpoints.FilterHost.dll
  Antiphon.Checkpoints.RepeatHost -> /work/worktrees/task-1b2e83e3/tests/Antiphon.Checkpoints.RepeatHost/bin-c1008-unit/Antiphon.Checkpoints.RepeatHost.dll
  Antiphon.FakeGrok -> /work/worktrees/task-1b2e83e3/src/Antiphon.FakeGrok/bin-c1008-unit/fakegrok.dll
  Antiphon.Checkpoints.LifecycleHost -> /work/worktrees/task-1b2e83e3/tests/Antiphon.Checkpoints.LifecycleHost/bin-c1008-unit/Antiphon.Checkpoints.LifecycleHost.dll
  Antiphon.ChannelOutbound.Probe -> /work/worktrees/task-1b2e83e3/tests/Antiphon.ChannelOutbound.Probe/bin-c1008-unit/Antiphon.ChannelOutbound.Probe.dll
/work/worktrees/task-1b2e83e3/tests/Antiphon.Tests/Scripts/RemoteScriptContractTests.cs(537,96): error CS9007: The interpolated raw string literal does not start with enough '$' characters to allow this many consecutive closing braces as content. [/work/worktrees/task-1b2e83e3/tests/Antiphon.Tests/Antiphon.Tests.csproj]

Build FAILED.

/work/worktrees/task-1b2e83e3/src/Antiphon.SessionRunner/RunnerWorkspaceService.cs(314,84): warning CS8604: Possible null reference argument for parameter 'args' in 'Task<(int ExitCode, string Stdout, string Stderr)> RunnerWorkspaceService.GitAsync(string workingDirectory, CancellationToken ct, params string[] args)'. [/work/worktrees/task-1b2e83e3/src/Antiphon.SessionRunner/Antiphon.SessionRunner.csproj]
/work/worktrees/task-1b2e83e3/server/Infrastructure/Git/LocalVerificationWorkspace.cs(17,91): warning CS9113: Parameter 'evidence' is unread. [/work/worktrees/task-1b2e83e3/server/Antiphon.Server.csproj]
/work/worktrees/task-1b2e83e3/server/Application/Services/AgentTaskLandService.cs(586,81): warning CS8602: Dereference of a possibly null reference. [/work/worktrees/task-1b2e83e3/server/Antiphon.Server.csproj]
/work/worktrees/task-1b2e83e3/server/Application/Services/AgentTaskLandService.cs(585,75): warning CS8604: Possible null reference argument for parameter 'git' in 'AgentTaskLandSourceResolver.AgentTaskLandSourceResolver(AppDbContext db, ILandingGit git, IRepositoryMutationLease leases, TimeProvider clock, IOptions<GitSettings>? gitSettings = null, ILandWorkspace? landWorkspace = null, LandDeliveryBoundary? boundary = null)'. [/work/worktrees/task-1b2e83e3/server/Antiphon.Server.csproj]
/work/worktrees/task-1b2e83e3/server/Application/Services/AgentTaskLandService.cs(585,88): warning CS8604: Possible null reference argument for parameter 'leases' in 'AgentTaskLandSourceResolver.AgentTaskLandSourceResolver(AppDbContext db, ILandingGit git, IRepositoryMutationLease leases, TimeProvider clock, IOptions<GitSettings>? gitSettings = null, ILandWorkspace? landWorkspace = null, LandDeliveryBoundary? boundary = null)'. [/work/worktrees/task-1b2e83e3/server/Antiphon.Server.csproj]
/work/worktrees/task-1b2e83e3/server/Application/Services/AgentTaskLandService.cs(603,28): warning CS8602: Dereference of a possibly null reference. [/work/worktrees/task-1b2e83e3/server/Antiphon.Server.csproj]
/work/worktrees/task-1b2e83e3/server/Application/Services/SessionStateStore.cs(284,42): warning CS9124: Parameter 'SessionStateStore.Entry entry' is captured into the state of the enclosing type and its value is also used to initialize a field, property, or event. [/work/worktrees/task-1b2e83e3/server/Antiphon.Server.csproj]
/work/worktrees/task-1b2e83e3/server/Application/Services/RemoteWorkspaceService.cs(380,32): warning CS8602: Dereference of a possibly null reference. [/work/worktrees/task-1b2e83e3/server/Antiphon.Server.csproj]
/work/worktrees/task-1b2e83e3/server/Application/Services/RemoteWorkspaceService.cs(385,68): warning CS8601: Possible null reference assignment. [/work/worktrees/task-1b2e83e3/server/Antiphon.Server.csproj]
/work/worktrees/task-1b2e83e3/server/Application/Services/RemoteWorkspaceService.cs(391,34): warning CS8602: Dereference of a possibly null reference. [/work/worktrees/task-1b2e83e3/server/Antiphon.Server.csproj]
/work/worktrees/task-1b2e83e3/server/Application/Services/RemoteWorkspaceService.cs(391,72): warning CS8604: Possible null reference argument for parameter 'descendantSha' in 'Task<bool?> ITaskProgressGit.IsAncestorAsync(string repository, string ancestorSha, string descendantSha, CancellationToken ct)'. [/work/worktrees/task-1b2e83e3/server/Antiphon.Server.csproj]
/work/worktrees/task-1b2e83e3/server/Application/Services/RemoteWorkspaceService.cs(407,32): warning CS8602: Dereference of a possibly null reference. [/work/worktrees/task-1b2e83e3/server/Antiphon.Server.csproj]
/work/worktrees/task-1b2e83e3/server/Application/Services/RemoteWorkspaceService.cs(407,70): warning CS8604: Possible null reference argument for parameter 'descendantSha' in 'Task<bool?> ITaskProgressGit.IsAncestorAsync(string repository, string ancestorSha, string descendantSha, CancellationToken ct)'. [/work/worktrees/task-1b2e83e3/server/Antiphon.Server.csproj]
/work/worktrees/task-1b2e83e3/server/Application/Services/HostStatsCache.cs(30,19): warning CS8602: Dereference of a possibly null reference. [/work/worktrees/task-1b2e83e3/server/Antiphon.Server.csproj]
/work/worktrees/task-1b2e83e3/server/Application/Services/AgentTaskLandSourceResolver.cs(17,28): warning CS9113: Parameter 'gitSettings' is unread. [/work/worktrees/task-1b2e83e3/server/Antiphon.Server.csproj]
/work/worktrees/task-1b2e83e3/server/Application/Services/CapacityRecoveryService.cs(1154,21): warning EF1002: Method 'ExecuteSqlRawAsync' inserts interpolated strings directly into the SQL, without any protection against SQL injection. Consider using 'ExecuteSqlAsync' instead, which protects against SQL injection, or make sure that the value is sanitized and suppress the warning. [/work/worktrees/task-1b2e83e3/server/Antiphon.Server.csproj]
/usr/share/dotnet/sdk/10.0.401/Microsoft.Common.CurrentVersion.targets(2453,5): warning MSB3277: Found conflicts between different versions of "Microsoft.EntityFrameworkCore.Relational" that could not be resolved. [/work/worktrees/task-1b2e83e3/tests/Antiphon.DockerStack.Fixture/Antiphon.DockerStack.Fixture.csproj]
/usr/share/dotnet/sdk/10.0.401/Microsoft.Common.CurrentVersion.targets(2453,5): warning MSB3277: There was a conflict between "Microsoft.EntityFrameworkCore.Relational, Version=9.0.1.0, Culture=neutral, PublicKeyToken=adb9793829ddae60" and "Microsoft.EntityFrameworkCore.Relational, Version=9.0.20.0, Culture=neutral, PublicKeyToken=adb9793829ddae60". [/work/worktrees/task-1b2e83e3/tests/Antiphon.DockerStack.Fixture/Antiphon.DockerStack.Fixture.csproj]
/usr/share/dotnet/sdk/10.0.401/Microsoft.Common.CurrentVersion.targets(2453,5): warning MSB3277:     "Microsoft.EntityFrameworkCore.Relational, Version=9.0.1.0, Culture=neutral, PublicKeyToken=adb9793829ddae60" was chosen because it was primary and "Microsoft.EntityFrameworkCore.Relational, Version=9.0.20.0, Culture=neutral, PublicKeyToken=adb9793829ddae60" was not. [/work/worktrees/task-1b2e83e3/tests/Antiphon.DockerStack.Fixture/Antiphon.DockerStack.Fixture.csproj]
/usr/share/dotnet/sdk/10.0.401/Microsoft.Common.CurrentVersion.targets(2453,5): warning MSB3277:     References which depend on "Microsoft.EntityFrameworkCore.Relational, Version=9.0.1.0, Culture=neutral, PublicKeyToken=adb9793829ddae60" [/home/app/.nuget/packages/microsoft.entityframeworkcore.relational/9.0.1/lib/net8.0/Microsoft.EntityFrameworkCore.Relational.dll]. [/work/worktrees/task-1b2e83e3/tests/Antiphon.DockerStack.Fixture/Antiphon.DockerStack.Fixture.csproj]
/usr/share/dotnet/sdk/10.0.401/Microsoft.Common.CurrentVersion.targets(2453,5): warning MSB3277:         /home/app/.nuget/packages/microsoft.entityframeworkcore.relational/9.0.1/lib/net8.0/Microsoft.EntityFrameworkCore.Relational.dll [/work/worktrees/task-1b2e83e3/tests/Antiphon.DockerStack.Fixture/Antiphon.DockerStack.Fixture.csproj]
/usr/share/dotnet/sdk/10.0.401/Microsoft.Common.CurrentVersion.targets(2453,5): warning MSB3277:           Project file item includes which caused reference "/home/app/.nuget/packages/microsoft.entityframeworkcore.relational/9.0.1/lib/net8.0/Microsoft.EntityFrameworkCore.Relational.dll". [/work/worktrees/task-1b2e83e3/tests/Antiphon.DockerStack.Fixture/Antiphon.DockerStack.Fixture.csproj]
/usr/share/dotnet/sdk/10.0.401/Microsoft.Common.CurrentVersion.targets(2453,5): warning MSB3277:             /home/app/.nuget/packages/microsoft.entityframeworkcore.relational/9.0.1/lib/net8.0/Microsoft.EntityFrameworkCore.Relational.dll [/work/worktrees/task-1b2e83e3/tests/Antiphon.DockerStack.Fixture/Antiphon.DockerStack.Fixture.csproj]
/usr/share/dotnet/sdk/10.0.401/Microsoft.Common.CurrentVersion.targets(2453,5): warning MSB3277:     References which depend on or have been unified to "Microsoft.EntityFrameworkCore.Relational, Version=9.0.20.0, Culture=neutral, PublicKeyToken=adb9793829ddae60" []. [/work/worktrees/task-1b2e83e3/tests/Antiphon.DockerStack.Fixture/Antiphon.DockerStack.Fixture.csproj]
/usr/share/dotnet/sdk/10.0.401/Microsoft.Common.CurrentVersion.targets(2453,5): warning MSB3277:         /work/worktrees/task-1b2e83e3/server/bin-c1008-unit/Antiphon.Server.dll [/work/worktrees/task-1b2e83e3/tests/Antiphon.DockerStack.Fixture/Antiphon.DockerStack.Fixture.csproj]
/usr/share/dotnet/sdk/10.0.401/Microsoft.Common.CurrentVersion.targets(2453,5): warning MSB3277:           Project file item includes which caused reference "/work/worktrees/task-1b2e83e3/server/bin-c1008-unit/Antiphon.Server.dll". [/work/worktrees/task-1b2e83e3/tests/Antiphon.DockerStack.Fixture/Antiphon.DockerStack.Fixture.csproj]
/usr/share/dotnet/sdk/10.0.401/Microsoft.Common.CurrentVersion.targets(2453,5): warning MSB3277:             /work/worktrees/task-1b2e83e3/server/bin-c1008-unit/Antiphon.Server.dll [/work/worktrees/task-1b2e83e3/tests/Antiphon.DockerStack.Fixture/Antiphon.DockerStack.Fixture.csproj]
/work/worktrees/task-1b2e83e3/tests/Antiphon.Tests/Scripts/RemoteScriptContractTests.cs(537,96): error CS9007: The interpolated raw string literal does not start with enough '$' characters to allow this many consecutive closing braces as content. [/work/worktrees/task-1b2e83e3/tests/Antiphon.Tests/Antiphon.Tests.csproj]
    17 Warning(s)
    1 Error(s)

Time Elapsed 00:01:26.18
BUILD SLOT released lease=46ff4505-e2d2-46ee-8cbd-d6f4dcd74916 held=87s
CHECKPOINT FINAL-Unit build=failed project=tests/Antiphon.Tests outputPath=bin-c1008-unit/ exit=1 slot=granted waited=0s
MSBUILD PROPERTY UseAppHost=false
CHECKPOINT FINAL-Unit commit=640ba90601dfd2829455a6aebd58fb2a04d7a2d2 build=failed filter=/*/*/*/*[Category=Unit] executed=0 passed=0 failed=0 skipped=0 trx=/work/worktrees/task-1b2e83e3/.antiphon/c1008-round2-evidence/FINAL-Unit-20261003-170837-98ba/run.trx slot=granted waited=0s dirty=0 source=640ba90601dfd2829455a6aebd58fb2a04d7a2d2 sourceState=clean buildSource=unknown
CHECKPOINT FINAL-Unit EXIT CODE: 2
