
████████╗██╗   ██╗███╗   ██╗██╗████████╗
╚══██╔══╝██║   ██║████╗  ██║██║╚══██╔══╝
   ██║   ██║   ██║██╔██╗ ██║██║   ██║
   ██║   ██║   ██║██║╚██╗██║██║   ██║
   ██║   ╚██████╔╝██║ ╚████║██║   ██║
   ╚═╝    ╚═════╝ ╚═╝  ╚═══╝╚═╝   ╚═╝

   TUnit v1.44.0.0 | 64-bit | Debian GNU/Linux 12 (bookworm) | linux-x64 | .NET 9.0.20 | Microsoft Testing Platform v2.2.2

   Engine Mode: SourceGenerated

failed C1008_Recycle_refuses_uninspectable_git (2m 07s 318ms)
  TUnit.Engine.Exceptions.TestFailedException: [Test Failure] ShouldAssertException: await bad.Run(); bad.Removed
      should be empty but had
  3
      items and was
  ["antiphon-runner_work", "antiphon-runner_runner-tmp", "antiphon-runner_dind-data"]
  
  Additional Info:
      recycle-git-unknown-refuses: origin-failed
    at Antiphon.Tests.Scripts.RemoteScriptContractTests.C1008_Recycle_refuses_uninspectable_git() in /work/worktrees/task-52bffc69/tests/Antiphon.Tests/Scripts/RemoteScriptContractTests.cs:309
    at System.Runtime.ExceptionServices.ExceptionDispatchInfo.Throw()
    at System.Runtime.CompilerServices.TaskAwaiter.ThrowForNonSuccess(Task task)
    at System.Runtime.CompilerServices.TaskAwaiter.HandleNonSuccessAndDebuggerNotification(Task task, ConfigureAwaitOptions options)
    at System.Runtime.ExceptionServices.ExceptionDispatchInfo.Throw()
    at System.Runtime.CompilerServices.TaskAwaiter.ThrowForNonSuccess(Task task)
    at System.Runtime.CompilerServices.TaskAwaiter.HandleNonSuccessAndDebuggerNotification(Task task, ConfigureAwaitOptions options)
    at System.Runtime.ExceptionServices.ExceptionDispatchInfo.Throw()
    at System.Runtime.CompilerServices.TaskAwaiter.ThrowForNonSuccess(Task task)
    at System.Runtime.CompilerServices.TaskAwaiter.HandleNonSuccessAndDebuggerNotification(Task task, ConfigureAwaitOptions options)
       --- TUnit internals omitted (run with --detailed-stacktrace for full trace) ---
failed C1008_Busy_routed_and_land_in_flight_refuse (5s 920ms)
  TUnit.Engine.Exceptions.TestFailedException: [Test Failure] ShouldAssertException: result.Exit
      should be
  0
      but was
  2
  
  Additional Info:
      recycle-work-gates: actual scoped closure closed; Rolling deploy stopped: RecycleLandUnknown
  
    at Antiphon.Tests.Scripts.RollingVolumeRecycleScriptTests.C1008_Busy_routed_and_land_in_flight_refuse() in /work/worktrees/task-52bffc69/tests/Antiphon.Tests/Scripts/RollingVolumeRecycleScriptTests.cs:81
    at System.Runtime.ExceptionServices.ExceptionDispatchInfo.Throw()
    at System.Runtime.CompilerServices.TaskAwaiter.ThrowForNonSuccess(Task task)
    at System.Runtime.CompilerServices.TaskAwaiter.HandleNonSuccessAndDebuggerNotification(Task task, ConfigureAwaitOptions options)
    at System.Runtime.ExceptionServices.ExceptionDispatchInfo.Throw()
    at System.Runtime.CompilerServices.TaskAwaiter.ThrowForNonSuccess(Task task)
    at System.Runtime.CompilerServices.TaskAwaiter.HandleNonSuccessAndDebuggerNotification(Task task, ConfigureAwaitOptions options)
    at System.Runtime.ExceptionServices.ExceptionDispatchInfo.Throw()
    at System.Runtime.CompilerServices.TaskAwaiter.ThrowForNonSuccess(Task task)
    at System.Runtime.CompilerServices.TaskAwaiter.HandleNonSuccessAndDebuggerNotification(Task task, ConfigureAwaitOptions options)
       --- TUnit internals omitted (run with --detailed-stacktrace for full trace) ---
