BUILD SLOT granted lease=f7d53ddd-edc0-4b42-9377-30e568ef9e25 waited=0s maxcpucount=6

████████╗██╗   ██╗███╗   ██╗██╗████████╗
╚══██╔══╝██║   ██║████╗  ██║██║╚══██╔══╝
   ██║   ██║   ██║██╔██╗ ██║██║   ██║
   ██║   ██║   ██║██║╚██╗██║██║   ██║
   ██║   ╚██████╔╝██║ ╚████║██║   ██║
   ╚═╝    ╚═════╝ ╚═╝  ╚═══╝╚═╝   ╚═╝

   TUnit v1.44.0.0 | 64-bit | Debian GNU/Linux 12 (bookworm) | linux-x64 | .NET 9.0.20 | Microsoft Testing Platform v2.2.2

   Engine Mode: SourceGenerated

HTML test report written to: /work/worktrees/task-5fcba512/.antiphon/c1008-evidence-round5/targeted/CP-2-custody-rerun-20261003-223932-9aba/Antiphon.Tests-linux-net9.0-report.html

  In process file artifacts produced:
    - /work/worktrees/task-5fcba512/.antiphon/c1008-evidence-round5/targeted/CP-2-custody-rerun-20261003-223932-9aba/Antiphon.Tests-linux-net9.0-report.html
    - /work/worktrees/task-5fcba512/.antiphon/c1008-evidence-round5/targeted/CP-2-custody-rerun-20261003-223932-9aba/run.trx

Test run summary: Passed! - /work/worktrees/task-5fcba512/tests/Antiphon.Tests/bin-c1008-final-unit/Antiphon.Tests.dll (net9.0|x64)
  total: 1
  failed: 0
  succeeded: 1
  skipped: 0
  duration: 25s 425ms
BUILD SLOT released lease=f7d53ddd-edc0-4b42-9377-30e568ef9e25 held=30s
MSBUILD PROPERTY UseAppHost=false
EXECUTED Antiphon.Tests.Scripts.RollingVolumeRecycleScriptTests.C1008_Refusal_receipts_do_not_leak_secrets
CHECKPOINT CP-2-custody-rerun commit=78dc9321ceb990f30238319f3b5fa0a3af68f434 build=reused filter=/*/*/RollingVolumeRecycleScriptTests/C1008_Refusal_receipts_do_not_leak_secrets executed=1 passed=1 failed=0 skipped=0 trx=/work/worktrees/task-5fcba512/.antiphon/c1008-evidence-round5/targeted/CP-2-custody-rerun-20261003-223932-9aba/run.trx slot=granted waited=0s dirty=0 source=78dc9321ceb990f30238319f3b5fa0a3af68f434 sourceState=clean buildSource=verified
CHECKPOINT CP-2-custody-rerun EXIT CODE: 0
