BUILD SLOT granted lease=a7e87673-3557-4f19-9a0a-7b851ed3f0ac waited=0s maxcpucount=6

████████╗██╗   ██╗███╗   ██╗██╗████████╗
╚══██╔══╝██║   ██║████╗  ██║██║╚══██╔══╝
   ██║   ██║   ██║██╔██╗ ██║██║   ██║
   ██║   ██║   ██║██║╚██╗██║██║   ██║
   ██║   ╚██████╔╝██║ ╚████║██║   ██║
   ╚═╝    ╚═════╝ ╚═╝  ╚═══╝╚═╝   ╚═╝

   TUnit v1.44.0.0 | 64-bit | Debian GNU/Linux 12 (bookworm) | linux-x64 | .NET 9.0.20 | Microsoft Testing Platform v2.2.2

   Engine Mode: SourceGenerated

HTML test report written to: /work/worktrees/task-5fcba512/.antiphon/c1008-evidence-round5/base-proof/C1008-ownership-base-20261003-223807-c764/Antiphon.Tests-linux-net9.0-report.html

  In process file artifacts produced:
    - /work/worktrees/task-5fcba512/.antiphon/c1008-evidence-round5/base-proof/C1008-ownership-base-20261003-223807-c764/Antiphon.Tests-linux-net9.0-report.html
    - /work/worktrees/task-5fcba512/.antiphon/c1008-evidence-round5/base-proof/C1008-ownership-base-20261003-223807-c764/run.trx

Test run summary: Passed! - /work/worktrees/task-5fcba512-base-proof/tests/Antiphon.Tests/bin-c1008-custody-base/Antiphon.Tests.dll (net9.0|x64)
  total: 1
  failed: 0
  succeeded: 1
  skipped: 0
  duration: 1s 137ms
BUILD SLOT released lease=a7e87673-3557-4f19-9a0a-7b851ed3f0ac held=5s
MSBUILD PROPERTY UseAppHost=false
EXECUTED Antiphon.Tests.Checkpoints.CheckpointRunOwnershipTests.current_executor_image_is_always_retained
CHECKPOINT C1008-ownership-base commit=d8343f3b8c3a55dbca59aca6ff3646379bf994a1 build=reused filter=/*/*/CheckpointRunOwnershipTests/current_executor_image_is_always_retained executed=1 passed=1 failed=0 skipped=0 trx=/work/worktrees/task-5fcba512/.antiphon/c1008-evidence-round5/base-proof/C1008-ownership-base-20261003-223807-c764/run.trx slot=granted waited=0s dirty=0 source=d8343f3b8c3a55dbca59aca6ff3646379bf994a1 sourceState=clean buildSource=verified
CHECKPOINT C1008-ownership-base EXIT CODE: 0
