
████████╗██╗   ██╗███╗   ██╗██╗████████╗
╚══██╔══╝██║   ██║████╗  ██║██║╚══██╔══╝
   ██║   ██║   ██║██╔██╗ ██║██║   ██║
   ██║   ██║   ██║██║╚██╗██║██║   ██║
   ██║   ╚██████╔╝██║ ╚████║██║   ██║
   ╚═╝    ╚═════╝ ╚═╝  ╚═══╝╚═╝   ╚═╝

   TUnit v1.44.0.0 | 64-bit | Debian GNU/Linux 12 (bookworm) | linux-x64 | .NET 9.0.20 | Microsoft Testing Platform v2.2.2

   Engine Mode: SourceGenerated

failed census_reports_unmapped_selection_without_dynamic_discovery (323ms)
  TUnit.Engine.Exceptions.TestFailedException: [Test Failure] ShouldAssertException: Run(conditionalSibling).ExitCode
      should be
  0
      but was
  1
  
  Additional Info:
      c1005-conditional-sibling
    at Antiphon.Tests.Checkpoints.PlanCoverageCensusTests.census_reports_unmapped_selection_without_dynamic_discovery() in /work/worktrees/task-b288ec96/tests/Antiphon.Tests/Checkpoints/PlanCoverageCensusTests.cs:286
    at System.Runtime.ExceptionServices.ExceptionDispatchInfo.Throw()
    at System.Runtime.CompilerServices.TaskAwaiter.ThrowForNonSuccess(Task task)
    at System.Runtime.CompilerServices.TaskAwaiter.HandleNonSuccessAndDebuggerNotification(Task task, ConfigureAwaitOptions options)
    at System.Runtime.ExceptionServices.ExceptionDispatchInfo.Throw()
    at System.Runtime.CompilerServices.TaskAwaiter.ThrowForNonSuccess(Task task)
    at System.Runtime.CompilerServices.TaskAwaiter.HandleNonSuccessAndDebuggerNotification(Task task, ConfigureAwaitOptions options)
    at System.Runtime.ExceptionServices.ExceptionDispatchInfo.Throw()
    at System.Runtime.CompilerServices.TaskAwaiter.ThrowForNonSuccess(Task task)
    at System.Runtime.CompilerServices.TaskAwaiter.HandleNonSuccessAndDebuggerNotification(Task task, ConfigureAwaitOptions options)
       --- TUnit internals omitted (run with --detailed-stacktrace for full trace) ---
HTML test report written to: /work/worktrees/task-b288ec96/.antiphon/checkpoints/20261003-162835-0116/rows/CP-1/Antiphon.Tests-linux-net9.0-report.html

  In process file artifacts produced:
    - /work/worktrees/task-b288ec96/.antiphon/checkpoints/20261003-162835-0116/rows/CP-1/Antiphon.Tests-linux-net9.0-report.html
    - /work/worktrees/task-b288ec96/.antiphon/checkpoints/20261003-162835-0116/rows/CP-1/run.trx

Test run summary: Failed! - /work/worktrees/task-b288ec96/tests/Antiphon.Tests/bin-c1005-final/Antiphon.Tests.dll (net9.0|x64)
  total: 86
  failed: 1
  succeeded: 85
  skipped: 0
  duration: 12s 897ms
