<?xml version="1.0" encoding="utf-8"?>
<TestRun id="27bb5d0c-ce12-440d-8dde-99eafbba6c44" name="@5d9e09695ab3 2026-10-03 12:16:30.8407119" xmlns="http://microsoft.com/schemas/VisualStudio/TeamTest/2010">
  <Times creation="2026-10-03T12:15:39.3856253Z" queuing="2026-10-03T12:15:39.3856253Z" start="2026-10-03T12:15:39.3856253Z" finish="2026-10-03T12:16:30.8414265Z" />
  <TestSettings name="default" id="8e9032ba-8bec-4d60-8a9b-070b4d8f7a3f">
    <Deployment runDeploymentRoot="_5d9e09695ab3_2026-10-03_12_16_30.8407119" />
  </TestSettings>
  <Results>
    <UnitTestResult executionId="d20694af-1219-4f11-93f4-801dbdabb23b" testId="5346e967-58e7-f4c0-65fc-cef5f5ae14ec" testName="Own_assistant_read_complaint_appears_while_working" computerName="5d9e09695ab3" duration="00:00:08.0364774" startTime="2026-10-03T12:16:16.4486017+00:00" endTime="2026-10-03T12:16:24.4850791+00:00" testType="13CDC9D9-DDB5-4fa4-A97D-D965CCFC6D4B" outcome="Passed" testListId="8C84FA94-04C1-424b-9868-57A2D4851A1D" relativeResultsDirectory="d20694af-1219-4f11-93f4-801dbdabb23b">
      <Output>
        <StdOut>[CARD-0204] SessionRunner__BaseUrl=http://127.0.0.1:1, Delegation__CheckInterpreterEnabled=false, Delegation__DiagnoseEnabled=false and Delegation__OutputDistillerEnabled=false for every Program boot in this assembly (inherited SessionRunner__BaseUrl='&lt;unset&gt;') - test hosts never launch on the production session-runner.
[CARD-0298] Hangfire__ServerEnabled=false for every Program boot in this assembly - test hosts never start a Hangfire worker (no WMI census, no production-runner list).
[CARD-0045] cleared inherited ANTIPHON_PTY_BACKEND='inbox' — pty tests declare their backend; the suite means the same thing whoever launched it.
[testcontainers.org 00:00:00.55] Connected to Docker:
  Host: unix:///var/run/docker.sock
  Server Version: 27.5.1
  Kernel Version: 4.15.0-213-generic
  API Version: 1.47
  Operating System: Debian GNU/Linux 12 (bookworm) (containerized)
  Total Memory: 125.90 GB
[testcontainers.org 00:00:01.25] Docker container 6ce5b77a1b4c created
[testcontainers.org 00:00:01.38] Start Docker container 6ce5b77a1b4c
[testcontainers.org 00:00:01.70] Wait for Docker container 6ce5b77a1b4c to complete readiness checks
[testcontainers.org 00:00:02.74] Docker container 6ce5b77a1b4c ready
[testcontainers.org 00:00:02.85] Docker container f5bb346646f3 created
[testcontainers.org 00:00:02.86] Start Docker container f5bb346646f3
[testcontainers.org 00:00:03.25] Wait for Docker container f5bb346646f3 to complete readiness checks
[testcontainers.org 00:00:03.26] Execute "pg_isready --host localhost --dbname antiphon_test --username test" at Docker container f5bb346646f3
[testcontainers.org 00:00:04.40] Execute "pg_isready --host localhost --dbname antiphon_test --username test" at Docker container f5bb346646f3
[testcontainers.org 00:00:05.49] Execute "pg_isready --host localhost --dbname antiphon_test --username test" at Docker container f5bb346646f3
[testcontainers.org 00:00:06.58] Execute "pg_isready --host localhost --dbname antiphon_test --username test" at Docker container f5bb346646f3
[testcontainers.org 00:00:06.69] Docker container f5bb346646f3 ready
</StdOut>
        <StdErr>[TUnit] External span cap of 100 reached; subsequent spans will be dropped. Set TUNIT_OTEL_MAX_EXTERNAL_SPANS to raise the limit.
</StdErr>
      </Output>
    </UnitTestResult>
    <UnitTestResult executionId="8c135768-009c-4840-bbc9-cc5eb2f4a6f1" testId="a25e4a18-2a25-f071-725f-3698282bb2d0" testName="Legacy_windows_pointer_complaint_is_visible" computerName="5d9e09695ab3" duration="00:00:00.8666849" startTime="2026-10-03T12:16:24.5224589+00:00" endTime="2026-10-03T12:16:25.3891438+00:00" testType="13CDC9D9-DDB5-4fa4-A97D-D965CCFC6D4B" outcome="Passed" testListId="8C84FA94-04C1-424b-9868-57A2D4851A1D" relativeResultsDirectory="8c135768-009c-4840-bbc9-cc5eb2f4a6f1" />
    <UnitTestResult executionId="7f3f8025-026e-49bf-aae0-03b02ec9a862" testId="435edb30-c3cf-7d2d-15f8-7239a63f3535" testName="Other_task_path_or_turn_does_not_create_attention" computerName="5d9e09695ab3" duration="00:00:00.5244449" startTime="2026-10-03T12:16:25.3901176+00:00" endTime="2026-10-03T12:16:25.9145625+00:00" testType="13CDC9D9-DDB5-4fa4-A97D-D965CCFC6D4B" outcome="Passed" testListId="8C84FA94-04C1-424b-9868-57A2D4851A1D" relativeResultsDirectory="7f3f8025-026e-49bf-aae0-03b02ec9a862" />
    <UnitTestResult executionId="2ef29f77-dbf4-4d68-843a-fe0554473aea" testId="95be316b-4509-79c6-f5a2-79bba38566cb" testName="Quoted_user_tool_text_and_provider_silence_do_not_create_attention" computerName="5d9e09695ab3" duration="00:00:00.4853924" startTime="2026-10-03T12:16:25.9150998+00:00" endTime="2026-10-03T12:16:26.4004922+00:00" testType="13CDC9D9-DDB5-4fa4-A97D-D965CCFC6D4B" outcome="Passed" testListId="8C84FA94-04C1-424b-9868-57A2D4851A1D" relativeResultsDirectory="2ef29f77-dbf4-4d68-843a-fe0554473aea" />
    <UnitTestResult executionId="3859f19e-838f-47c4-8e3e-989c85cd4b06" testId="c97f9172-dedb-daf6-3b79-9edd5518dbca" testName="Repeated_attention_reads_keep_one_stable_condition" computerName="5d9e09695ab3" duration="00:00:01.6565027" startTime="2026-10-03T12:16:26.4011952+00:00" endTime="2026-10-03T12:16:28.0576979+00:00" testType="13CDC9D9-DDB5-4fa4-A97D-D965CCFC6D4B" outcome="Passed" testListId="8C84FA94-04C1-424b-9868-57A2D4851A1D" relativeResultsDirectory="3859f19e-838f-47c4-8e3e-989c85cd4b06" />
    <UnitTestResult executionId="64697ff3-d9db-4e74-9e85-4e0d85dfeab4" testId="e8c643f1-2d6b-476a-3f2e-c8b74969ec03" testName="Unrelated_assistant_progress_does_not_hide_the_complaint" computerName="5d9e09695ab3" duration="00:00:00.3973176" startTime="2026-10-03T12:16:28.0582261+00:00" endTime="2026-10-03T12:16:28.4555437+00:00" testType="13CDC9D9-DDB5-4fa4-A97D-D965CCFC6D4B" outcome="Passed" testListId="8C84FA94-04C1-424b-9868-57A2D4851A1D" relativeResultsDirectory="64697ff3-d9db-4e74-9e85-4e0d85dfeab4" />
    <UnitTestResult executionId="988c3ce7-0216-4da8-b622-45828d3c3d96" testId="e9fc1ad8-3e20-2527-eab6-a4cb4a516da5" testName="Later_delivered_input_supersedes_the_old_complaint" computerName="5d9e09695ab3" duration="00:00:00.6271557" startTime="2026-10-03T12:16:28.4561984+00:00" endTime="2026-10-03T12:16:29.0833541+00:00" testType="13CDC9D9-DDB5-4fa4-A97D-D965CCFC6D4B" outcome="Passed" testListId="8C84FA94-04C1-424b-9868-57A2D4851A1D" relativeResultsDirectory="988c3ce7-0216-4da8-b622-45828d3c3d96" />
    <UnitTestResult executionId="95cddfed-e123-4c00-88ed-30507150f60b" testId="c9694e92-8e6a-10d5-bd17-52e784c3c8b7" testName="Terminal_task_removes_open_input_attention" computerName="5d9e09695ab3" duration="00:00:00.6281519" startTime="2026-10-03T12:16:29.0838910+00:00" endTime="2026-10-03T12:16:29.7120429+00:00" testType="13CDC9D9-DDB5-4fa4-A97D-D965CCFC6D4B" outcome="Passed" testListId="8C84FA94-04C1-424b-9868-57A2D4851A1D" relativeResultsDirectory="95cddfed-e123-4c00-88ed-30507150f60b">
      <Output>
        <StdOut>[testcontainers.org 00:00:48.50] Delete Docker container f5bb346646f3
</StdOut>
      </Output>
    </UnitTestResult>
  </Results>
  <TestDefinitions>
    <UnitTest name="Own_assistant_read_complaint_appears_while_working" storage="/work/worktrees/task-4c1697dc/tests/antiphon.tests/bin-c965-attention/antiphon.tests.dll" id="5346e967-58e7-f4c0-65fc-cef5f5ae14ec">
      <TestCategory>
        <TestCategoryItem TestCategory="Integration" />
      </TestCategory>
      <Execution id="d20694af-1219-4f11-93f4-801dbdabb23b" />
      <Properties>
        <Property>
          <Key>Integration</Key>
          <Value></Value>
        </Property>
      </Properties>
      <TestMethod codeBase="/work/worktrees/task-4c1697dc/tests/Antiphon.Tests/bin-c965-attention/Antiphon.Tests.dll" adapterTypeName="executor://TUnitExtension/1.44.0.0" className="Antiphon.Tests.Application.TaskInputReadFailureTests" name="Own_assistant_read_complaint_appears_while_working" />
    </UnitTest>
    <UnitTest name="Legacy_windows_pointer_complaint_is_visible" storage="/work/worktrees/task-4c1697dc/tests/antiphon.tests/bin-c965-attention/antiphon.tests.dll" id="a25e4a18-2a25-f071-725f-3698282bb2d0">
      <TestCategory>
        <TestCategoryItem TestCategory="Integration" />
      </TestCategory>
      <Execution id="8c135768-009c-4840-bbc9-cc5eb2f4a6f1" />
      <Properties>
        <Property>
          <Key>Integration</Key>
          <Value></Value>
        </Property>
      </Properties>
      <TestMethod codeBase="/work/worktrees/task-4c1697dc/tests/Antiphon.Tests/bin-c965-attention/Antiphon.Tests.dll" adapterTypeName="executor://TUnitExtension/1.44.0.0" className="Antiphon.Tests.Application.TaskInputReadFailureTests" name="Legacy_windows_pointer_complaint_is_visible" />
    </UnitTest>
    <UnitTest name="Other_task_path_or_turn_does_not_create_attention" storage="/work/worktrees/task-4c1697dc/tests/antiphon.tests/bin-c965-attention/antiphon.tests.dll" id="435edb30-c3cf-7d2d-15f8-7239a63f3535">
      <TestCategory>
        <TestCategoryItem TestCategory="Integration" />
      </TestCategory>
      <Execution id="7f3f8025-026e-49bf-aae0-03b02ec9a862" />
      <Properties>
        <Property>
          <Key>Integration</Key>
          <Value></Value>
        </Property>
      </Properties>
      <TestMethod codeBase="/work/worktrees/task-4c1697dc/tests/Antiphon.Tests/bin-c965-attention/Antiphon.Tests.dll" adapterTypeName="executor://TUnitExtension/1.44.0.0" className="Antiphon.Tests.Application.TaskInputReadFailureTests" name="Other_task_path_or_turn_does_not_create_attention" />
    </UnitTest>
    <UnitTest name="Quoted_user_tool_text_and_provider_silence_do_not_create_attention" storage="/work/worktrees/task-4c1697dc/tests/antiphon.tests/bin-c965-attention/antiphon.tests.dll" id="95be316b-4509-79c6-f5a2-79bba38566cb">
      <TestCategory>
        <TestCategoryItem TestCategory="Integration" />
      </TestCategory>
      <Execution id="2ef29f77-dbf4-4d68-843a-fe0554473aea" />
      <Properties>
        <Property>
          <Key>Integration</Key>
          <Value></Value>
        </Property>
      </Properties>
      <TestMethod codeBase="/work/worktrees/task-4c1697dc/tests/Antiphon.Tests/bin-c965-attention/Antiphon.Tests.dll" adapterTypeName="executor://TUnitExtension/1.44.0.0" className="Antiphon.Tests.Application.TaskInputReadFailureTests" name="Quoted_user_tool_text_and_provider_silence_do_not_create_attention" />
    </UnitTest>
    <UnitTest name="Repeated_attention_reads_keep_one_stable_condition" storage="/work/worktrees/task-4c1697dc/tests/antiphon.tests/bin-c965-attention/antiphon.tests.dll" id="c97f9172-dedb-daf6-3b79-9edd5518dbca">
      <TestCategory>
        <TestCategoryItem TestCategory="Integration" />
      </TestCategory>
      <Execution id="3859f19e-838f-47c4-8e3e-989c85cd4b06" />
      <Properties>
        <Property>
          <Key>Integration</Key>
          <Value></Value>
        </Property>
      </Properties>
      <TestMethod codeBase="/work/worktrees/task-4c1697dc/tests/Antiphon.Tests/bin-c965-attention/Antiphon.Tests.dll" adapterTypeName="executor://TUnitExtension/1.44.0.0" className="Antiphon.Tests.Application.TaskInputReadFailureTests" name="Repeated_attention_reads_keep_one_stable_condition" />
    </UnitTest>
    <UnitTest name="Unrelated_assistant_progress_does_not_hide_the_complaint" storage="/work/worktrees/task-4c1697dc/tests/antiphon.tests/bin-c965-attention/antiphon.tests.dll" id="e8c643f1-2d6b-476a-3f2e-c8b74969ec03">
      <TestCategory>
        <TestCategoryItem TestCategory="Integration" />
      </TestCategory>
      <Execution id="64697ff3-d9db-4e74-9e85-4e0d85dfeab4" />
      <Properties>
        <Property>
          <Key>Integration</Key>
          <Value></Value>
        </Property>
      </Properties>
      <TestMethod codeBase="/work/worktrees/task-4c1697dc/tests/Antiphon.Tests/bin-c965-attention/Antiphon.Tests.dll" adapterTypeName="executor://TUnitExtension/1.44.0.0" className="Antiphon.Tests.Application.TaskInputReadFailureTests" name="Unrelated_assistant_progress_does_not_hide_the_complaint" />
    </UnitTest>
    <UnitTest name="Later_delivered_input_supersedes_the_old_complaint" storage="/work/worktrees/task-4c1697dc/tests/antiphon.tests/bin-c965-attention/antiphon.tests.dll" id="e9fc1ad8-3e20-2527-eab6-a4cb4a516da5">
      <TestCategory>
        <TestCategoryItem TestCategory="Integration" />
      </TestCategory>
      <Execution id="988c3ce7-0216-4da8-b622-45828d3c3d96" />
      <Properties>
        <Property>
          <Key>Integration</Key>
          <Value></Value>
        </Property>
      </Properties>
      <TestMethod codeBase="/work/worktrees/task-4c1697dc/tests/Antiphon.Tests/bin-c965-attention/Antiphon.Tests.dll" adapterTypeName="executor://TUnitExtension/1.44.0.0" className="Antiphon.Tests.Application.TaskInputReadFailureTests" name="Later_delivered_input_supersedes_the_old_complaint" />
    </UnitTest>
    <UnitTest name="Terminal_task_removes_open_input_attention" storage="/work/worktrees/task-4c1697dc/tests/antiphon.tests/bin-c965-attention/antiphon.tests.dll" id="c9694e92-8e6a-10d5-bd17-52e784c3c8b7">
      <TestCategory>
        <TestCategoryItem TestCategory="Integration" />
      </TestCategory>
      <Execution id="95cddfed-e123-4c00-88ed-30507150f60b" />
      <Properties>
        <Property>
          <Key>Integration</Key>
          <Value></Value>
        </Property>
      </Properties>
      <TestMethod codeBase="/work/worktrees/task-4c1697dc/tests/Antiphon.Tests/bin-c965-attention/Antiphon.Tests.dll" adapterTypeName="executor://TUnitExtension/1.44.0.0" className="Antiphon.Tests.Application.TaskInputReadFailureTests" name="Terminal_task_removes_open_input_attention" />
    </UnitTest>
  </TestDefinitions>
  <TestEntries>
    <TestEntry testId="5346e967-58e7-f4c0-65fc-cef5f5ae14ec" executionId="d20694af-1219-4f11-93f4-801dbdabb23b" testListId="8C84FA94-04C1-424b-9868-57A2D4851A1D" />
    <TestEntry testId="a25e4a18-2a25-f071-725f-3698282bb2d0" executionId="8c135768-009c-4840-bbc9-cc5eb2f4a6f1" testListId="8C84FA94-04C1-424b-9868-57A2D4851A1D" />
    <TestEntry testId="435edb30-c3cf-7d2d-15f8-7239a63f3535" executionId="7f3f8025-026e-49bf-aae0-03b02ec9a862" testListId="8C84FA94-04C1-424b-9868-57A2D4851A1D" />
    <TestEntry testId="95be316b-4509-79c6-f5a2-79bba38566cb" executionId="2ef29f77-dbf4-4d68-843a-fe0554473aea" testListId="8C84FA94-04C1-424b-9868-57A2D4851A1D" />
    <TestEntry testId="c97f9172-dedb-daf6-3b79-9edd5518dbca" executionId="3859f19e-838f-47c4-8e3e-989c85cd4b06" testListId="8C84FA94-04C1-424b-9868-57A2D4851A1D" />
    <TestEntry testId="e8c643f1-2d6b-476a-3f2e-c8b74969ec03" executionId="64697ff3-d9db-4e74-9e85-4e0d85dfeab4" testListId="8C84FA94-04C1-424b-9868-57A2D4851A1D" />
    <TestEntry testId="e9fc1ad8-3e20-2527-eab6-a4cb4a516da5" executionId="988c3ce7-0216-4da8-b622-45828d3c3d96" testListId="8C84FA94-04C1-424b-9868-57A2D4851A1D" />
    <TestEntry testId="c9694e92-8e6a-10d5-bd17-52e784c3c8b7" executionId="95cddfed-e123-4c00-88ed-30507150f60b" testListId="8C84FA94-04C1-424b-9868-57A2D4851A1D" />
  </TestEntries>
  <TestLists>
    <TestList name="Results Not in a List" id="8C84FA94-04C1-424b-9868-57A2D4851A1D" />
    <TestList name="All Loaded Results" id="19431567-8539-422a-85d7-44ee4e166bda" />
  </TestLists>
  <ResultSummary outcome="Completed">
    <Counters total="8" executed="8" passed="8" failed="0" error="0" timeout="0" aborted="0" inconclusive="0" passedButRunAborted="0" notRunnable="0" notExecuted="0" disconnected="0" warning="0" completed="0" inProgress="0" pending="0" />
    <CollectorDataEntries>
      <Collector agentName="5d9e09695ab3" uri="datacollector://TUnitExtensionHtmlReporter/1.44.0.0" collectorDisplayName="TUnit">
        <UriAttachments>
          <UriAttachment>
            <A href="5d9e09695ab3/Antiphon.Tests-linux-net9.0-report.html" />
          </UriAttachment>
        </UriAttachments>
      </Collector>
    </CollectorDataEntries>
  </ResultSummary>
</TestRun>