<?xml version="1.0" encoding="utf-8"?>
<TestRun id="e99dc1ca-14dd-4601-adaa-bd1916f583f9" name="@5d9e09695ab3 2026-10-03 16:19:58.0178561" xmlns="http://microsoft.com/schemas/VisualStudio/TeamTest/2010">
  <Times creation="2026-10-03T16:19:56.8424039Z" queuing="2026-10-03T16:19:56.8424039Z" start="2026-10-03T16:19:56.8424039Z" finish="2026-10-03T16:19:58.0185721Z" />
  <TestSettings name="default" id="f0aebe4d-995a-46eb-a7c9-83d3cf50c101">
    <Deployment runDeploymentRoot="_5d9e09695ab3_2026-10-03_16_19_58.0178561" />
  </TestSettings>
  <Results>
    <UnitTestResult executionId="6df450fc-989a-4ce9-bba4-a85aacc217e1" testId="a70f04ca-cfba-7817-ffe3-c3e7d685959b" testName="opt_out_preserves_legacy_reports_and_declared_counts" computerName="5d9e09695ab3" duration="00:00:00.4568098" startTime="2026-10-03T16:19:57.2997267+00:00" endTime="2026-10-03T16:19:57.7565365+00:00" testType="13CDC9D9-DDB5-4fa4-A97D-D965CCFC6D4B" outcome="Failed" testListId="8C84FA94-04C1-424b-9868-57A2D4851A1D" relativeResultsDirectory="6df450fc-989a-4ce9-bba4-a85aacc217e1">
      <Output>
        <StdOut>CHECKPOINT TEMP examined=1 deleted=0 bytes=0 remainingEligible=0 retained=1 budget=False elapsedMs=116
[CARD-0204] SessionRunner__BaseUrl=http://127.0.0.1:1, Delegation__CheckInterpreterEnabled=false, Delegation__DiagnoseEnabled=false and Delegation__OutputDistillerEnabled=false for every Program boot in this assembly (inherited SessionRunner__BaseUrl='&lt;unset&gt;') - test hosts never launch on the production session-runner.
[CARD-0298] Hangfire__ServerEnabled=false for every Program boot in this assembly - test hosts never start a Hangfire worker (no WMI census, no production-runner list).
[CARD-0045] cleared inherited ANTIPHON_PTY_BACKEND='inbox' — pty tests declare their backend; the suite means the same thing whoever launched it.
</StdOut>
        <ErrorInfo>
          <Message>ShouldAssertException: Run(w).Diagnostics
    should contain an element satisfying the condition
((d.Code == "CHECKLIST_COUNT_MISMATCH") &amp;&amp; (d.Detail == "results expected=3 actual=2"))
    but does not

Additional Info:
    c1005-pc-73</Message>
          <StackTrace>   at Antiphon.Tests.Checkpoints.PlanCoverageCensusTests.opt_out_preserves_legacy_reports_and_declared_counts() in /work/worktrees/task-b288ec96/.antiphon/c1005-baseline/tests/Antiphon.Tests/Checkpoints/PlanCoverageCensusTests.cs:line 299
   at System.Runtime.ExceptionServices.ExceptionDispatchInfo.Throw()
   at System.Runtime.CompilerServices.TaskAwaiter.ThrowForNonSuccess(Task task)
   at System.Runtime.CompilerServices.TaskAwaiter.HandleNonSuccessAndDebuggerNotification(Task task, ConfigureAwaitOptions options)
   at System.Runtime.ExceptionServices.ExceptionDispatchInfo.Throw()
   at System.Runtime.CompilerServices.TaskAwaiter.ThrowForNonSuccess(Task task)
   at System.Runtime.CompilerServices.TaskAwaiter.HandleNonSuccessAndDebuggerNotification(Task task, ConfigureAwaitOptions options)
   at System.Runtime.ExceptionServices.ExceptionDispatchInfo.Throw()
   at System.Runtime.CompilerServices.TaskAwaiter.ThrowForNonSuccess(Task task)
   at System.Runtime.CompilerServices.TaskAwaiter.HandleNonSuccessAndDebuggerNotification(Task task, ConfigureAwaitOptions options)
   --- TUnit internals omitted (run with --detailed-stacktrace for full trace) ---</StackTrace>
        </ErrorInfo>
      </Output>
    </UnitTestResult>
  </Results>
  <TestDefinitions>
    <UnitTest name="opt_out_preserves_legacy_reports_and_declared_counts" storage="/work/worktrees/task-b288ec96/.antiphon/c1005-baseline/tests/antiphon.tests/bin-c1005-red-r1/antiphon.tests.dll" id="a70f04ca-cfba-7817-ffe3-c3e7d685959b">
      <TestCategory>
        <TestCategoryItem TestCategory="Unit" />
      </TestCategory>
      <Execution id="6df450fc-989a-4ce9-bba4-a85aacc217e1" />
      <Properties>
        <Property>
          <Key>Unit</Key>
          <Value></Value>
        </Property>
      </Properties>
      <TestMethod codeBase="/work/worktrees/task-b288ec96/.antiphon/c1005-baseline/tests/Antiphon.Tests/bin-c1005-red-r1/Antiphon.Tests.dll" adapterTypeName="executor://TUnitExtension/1.44.0.0" className="Antiphon.Tests.Checkpoints.PlanCoverageCensusTests" name="opt_out_preserves_legacy_reports_and_declared_counts" />
    </UnitTest>
  </TestDefinitions>
  <TestEntries>
    <TestEntry testId="a70f04ca-cfba-7817-ffe3-c3e7d685959b" executionId="6df450fc-989a-4ce9-bba4-a85aacc217e1" testListId="8C84FA94-04C1-424b-9868-57A2D4851A1D" />
  </TestEntries>
  <TestLists>
    <TestList name="Results Not in a List" id="8C84FA94-04C1-424b-9868-57A2D4851A1D" />
    <TestList name="All Loaded Results" id="19431567-8539-422a-85d7-44ee4e166bda" />
  </TestLists>
  <ResultSummary outcome="Failed">
    <Counters total="1" executed="1" passed="0" failed="1" error="0" timeout="0" aborted="0" inconclusive="0" passedButRunAborted="0" notRunnable="0" notExecuted="0" disconnected="0" warning="0" completed="0" inProgress="0" pending="0" />
    <RunInfos>
      <RunInfo computerName="5d9e09695ab3" outcome="Error" timestamp="2026-10-03T16:19:58.0310216">
        <Text>Exit code indicates failure: '2'. Please refer to https://aka.ms/testingplatform/exitcodes for more information.</Text>
      </RunInfo>
    </RunInfos>
    <CollectorDataEntries>
      <Collector agentName="5d9e09695ab3" uri="datacollector://TUnitExtensionHtmlReporter/1.44.0.0" collectorDisplayName="TUnit">
        <UriAttachments>
          <UriAttachment>
            <A href="5d9e09695ab3/Antiphon.Tests-linux-net9.0-report.html" />
          </UriAttachment>
        </UriAttachments>
      </Collector>
    </CollectorDataEntries>
  </ResultSummary>
</TestRun>