<?xml version="1.0" encoding="utf-8"?>
<TestRun id="0b9fcbad-1a15-4e58-95a8-f40348e6d20f" name="@5d9e09695ab3 2026-10-03 11:52:48.6022672" xmlns="http://microsoft.com/schemas/VisualStudio/TeamTest/2010">
  <Times creation="2026-10-03T11:51:56.3460767Z" queuing="2026-10-03T11:51:56.3460767Z" start="2026-10-03T11:51:56.3460767Z" finish="2026-10-03T11:52:48.6037624Z" />
  <TestSettings name="default" id="f64a928a-86e8-4a05-bb79-e0113db930c7">
    <Deployment runDeploymentRoot="_5d9e09695ab3_2026-10-03_11_52_48.6022672" />
  </TestSettings>
  <Results>
    <UnitTestResult executionId="986764b8-1cd7-4287-968f-88b505e79a77" testId="c9694e92-8e6a-10d5-bd17-52e784c3c8b7" testName="Terminal_task_removes_open_input_attention" computerName="5d9e09695ab3" duration="00:00:07.9172493" startTime="2026-10-03T11:52:39.8114805+00:00" endTime="2026-10-03T11:52:47.7287298+00:00" testType="13CDC9D9-DDB5-4fa4-A97D-D965CCFC6D4B" outcome="Failed" testListId="8C84FA94-04C1-424b-9868-57A2D4851A1D" relativeResultsDirectory="986764b8-1cd7-4287-968f-88b505e79a77">
      <Output>
        <StdOut>[CARD-0204] SessionRunner__BaseUrl=http://127.0.0.1:1, Delegation__CheckInterpreterEnabled=false, Delegation__DiagnoseEnabled=false and Delegation__OutputDistillerEnabled=false for every Program boot in this assembly (inherited SessionRunner__BaseUrl='&lt;unset&gt;') - test hosts never launch on the production session-runner.
[CARD-0298] Hangfire__ServerEnabled=false for every Program boot in this assembly - test hosts never start a Hangfire worker (no WMI census, no production-runner list).
[CARD-0045] cleared inherited ANTIPHON_PTY_BACKEND='inbox' — pty tests declare their backend; the suite means the same thing whoever launched it.
[testcontainers.org 00:00:01.20] Connected to Docker:
  Host: unix:///var/run/docker.sock
  Server Version: 27.5.1
  Kernel Version: 4.15.0-213-generic
  API Version: 1.47
  Operating System: Debian GNU/Linux 12 (bookworm) (containerized)
  Total Memory: 125.90 GB
[testcontainers.org 00:00:02.00] Docker container 0ec78ee82663 created
[testcontainers.org 00:00:02.22] Start Docker container 0ec78ee82663
[testcontainers.org 00:00:03.30] Wait for Docker container 0ec78ee82663 to complete readiness checks
[testcontainers.org 00:00:04.41] Docker container 0ec78ee82663 ready
[testcontainers.org 00:00:04.74] Docker container 5d0239d00f35 created
[testcontainers.org 00:00:04.74] Start Docker container 5d0239d00f35
[testcontainers.org 00:00:05.85] Wait for Docker container 5d0239d00f35 to complete readiness checks
[testcontainers.org 00:00:05.86] Execute "pg_isready --host localhost --dbname antiphon_test --username test" at Docker container 5d0239d00f35
[testcontainers.org 00:00:07.23] Execute "pg_isready --host localhost --dbname antiphon_test --username test" at Docker container 5d0239d00f35
[testcontainers.org 00:00:08.50] Execute "pg_isready --host localhost --dbname antiphon_test --username test" at Docker container 5d0239d00f35
[testcontainers.org 00:00:09.57] Execute "pg_isready --host localhost --dbname antiphon_test --username test" at Docker container 5d0239d00f35
[testcontainers.org 00:00:09.68] Docker container 5d0239d00f35 ready
[testcontainers.org 00:00:47.60] Delete Docker container 5d0239d00f35
</StdOut>
        <StdErr>[TUnit] External span cap of 100 reached; subsequent spans will be dropped. Set TUNIT_OTEL_MAX_EXTERNAL_SPANS to raise the limit.
</StdErr>
        <ErrorInfo>
          <Message>ShouldAssertException: after.Count(i =&gt; i.Kind == AttentionKind.TaskInputUnreadable)
    should be
0
    but was
1

Additional Info:
    terminal-input-condition-count=0</Message>
          <StackTrace>   at Antiphon.Tests.Application.TaskInputReadFailureTests.Terminal_task_removes_open_input_attention() in /work/worktrees/task-4c1697dc/tests/Antiphon.Tests/Application/TaskInputReadFailureTests.cs:line 196
   at System.Runtime.ExceptionServices.ExceptionDispatchInfo.Throw()
   at Antiphon.Tests.Application.TaskInputReadFailureTests.Terminal_task_removes_open_input_attention() in /work/worktrees/task-4c1697dc/tests/Antiphon.Tests/Application/TaskInputReadFailureTests.cs:line 196
   at System.Runtime.ExceptionServices.ExceptionDispatchInfo.Throw()
   at System.Runtime.CompilerServices.TaskAwaiter.ThrowForNonSuccess(Task task)
   at System.Runtime.CompilerServices.TaskAwaiter.HandleNonSuccessAndDebuggerNotification(Task task, ConfigureAwaitOptions options)
   at System.Runtime.ExceptionServices.ExceptionDispatchInfo.Throw()
   at System.Runtime.CompilerServices.TaskAwaiter.ThrowForNonSuccess(Task task)
   at System.Runtime.CompilerServices.TaskAwaiter.HandleNonSuccessAndDebuggerNotification(Task task, ConfigureAwaitOptions options)
   at System.Runtime.ExceptionServices.ExceptionDispatchInfo.Throw()
   at System.Runtime.CompilerServices.TaskAwaiter.ThrowForNonSuccess(Task task)
   at System.Runtime.CompilerServices.TaskAwaiter.HandleNonSuccessAndDebuggerNotification(Task task, ConfigureAwaitOptions options)
   --- TUnit internals omitted (run with --detailed-stacktrace for full trace) ---</StackTrace>
        </ErrorInfo>
      </Output>
    </UnitTestResult>
  </Results>
  <TestDefinitions>
    <UnitTest name="Terminal_task_removes_open_input_attention" storage="/work/worktrees/task-4c1697dc/tests/antiphon.tests/bin-c965-strength/antiphon.tests.dll" id="c9694e92-8e6a-10d5-bd17-52e784c3c8b7">
      <TestCategory>
        <TestCategoryItem TestCategory="Integration" />
      </TestCategory>
      <Execution id="986764b8-1cd7-4287-968f-88b505e79a77" />
      <Properties>
        <Property>
          <Key>Integration</Key>
          <Value></Value>
        </Property>
      </Properties>
      <TestMethod codeBase="/work/worktrees/task-4c1697dc/tests/Antiphon.Tests/bin-c965-strength/Antiphon.Tests.dll" adapterTypeName="executor://TUnitExtension/1.44.0.0" className="Antiphon.Tests.Application.TaskInputReadFailureTests" name="Terminal_task_removes_open_input_attention" />
    </UnitTest>
  </TestDefinitions>
  <TestEntries>
    <TestEntry testId="c9694e92-8e6a-10d5-bd17-52e784c3c8b7" executionId="986764b8-1cd7-4287-968f-88b505e79a77" testListId="8C84FA94-04C1-424b-9868-57A2D4851A1D" />
  </TestEntries>
  <TestLists>
    <TestList name="Results Not in a List" id="8C84FA94-04C1-424b-9868-57A2D4851A1D" />
    <TestList name="All Loaded Results" id="19431567-8539-422a-85d7-44ee4e166bda" />
  </TestLists>
  <ResultSummary outcome="Failed">
    <Counters total="1" executed="1" passed="0" failed="1" error="0" timeout="0" aborted="0" inconclusive="0" passedButRunAborted="0" notRunnable="0" notExecuted="0" disconnected="0" warning="0" completed="0" inProgress="0" pending="0" />
    <RunInfos>
      <RunInfo computerName="5d9e09695ab3" outcome="Error" timestamp="2026-10-03T11:52:48.6281993">
        <Text>Exit code indicates failure: '2'. Please refer to https://aka.ms/testingplatform/exitcodes for more information.</Text>
      </RunInfo>
    </RunInfos>
    <CollectorDataEntries>
      <Collector agentName="5d9e09695ab3" uri="datacollector://TUnitExtensionHtmlReporter/1.44.0.0" collectorDisplayName="TUnit">
        <UriAttachments>
          <UriAttachment>
            <A href="5d9e09695ab3/Antiphon.Tests-linux-net9.0-report.html" />
          </UriAttachment>
        </UriAttachments>
      </Collector>
    </CollectorDataEntries>
  </ResultSummary>
</TestRun>