BUILD SLOT granted lease=39f9fa08-2bb2-4853-839c-3e7d7ca86948 waited=0s maxcpucount=6

████████╗██╗   ██╗███╗   ██╗██╗████████╗
╚══██╔══╝██║   ██║████╗  ██║██║╚══██╔══╝
   ██║   ██║   ██║██╔██╗ ██║██║   ██║
   ██║   ██║   ██║██║╚██╗██║██║   ██║
   ██║   ╚██████╔╝██║ ╚████║██║   ██║
   ╚═╝    ╚═════╝ ╚═╝  ╚═══╝╚═╝   ╚═╝

   TUnit v1.44.0.0 | 64-bit | Debian GNU/Linux 12 (bookworm) | linux-x64 | .NET 9.0.20 | Microsoft Testing Platform v2.2.2

   Engine Mode: SourceGenerated

HTML test report written to: /work/worktrees/task-3aebd909/.antiphon/c1008-evidence-round3/cp3-qualified/CP-3-20261003-175412-2e97/Antiphon.Tests-linux-net9.0-report.html

  In process file artifacts produced:
    - /work/worktrees/task-3aebd909/.antiphon/c1008-evidence-round3/cp3-qualified/CP-3-20261003-175412-2e97/Antiphon.Tests-linux-net9.0-report.html
    - /work/worktrees/task-3aebd909/.antiphon/c1008-evidence-round3/cp3-qualified/CP-3-20261003-175412-2e97/run.trx

Test run summary: Passed! - /work/worktrees/task-3aebd909/tests/Antiphon.Tests/bin-c1008-cache/Antiphon.Tests.dll (net9.0|x64)
  total: 54
  failed: 0
  succeeded: 54
  skipped: 0
  duration: 2m 36s 493ms
BUILD SLOT released lease=39f9fa08-2bb2-4853-839c-3e7d7ca86948 held=160s
MSBUILD PROPERTY UseAppHost=false
EXECUTED Antiphon.Tests.Scripts.RemoteScriptContractTests.C944_All_cache_loop_variables_are_local
EXECUTED Antiphon.Tests.Scripts.RemoteScriptContractTests.C849_Docker_volume_paths_have_no_bare_host_reads
EXECUTED Antiphon.Tests.Scripts.RemoteScriptContractTests.C849_Prune_preview_is_read_only_and_bounded
EXECUTED Antiphon.Tests.Scripts.RemoteScriptContractTests.C849_Prune_and_rollback_retain_roots_and_recovery
EXECUTED Antiphon.Tests.Scripts.RemoteScriptContractTests.C849_Cache_receipts_exclude_credentials_and_payloads
EXECUTED Antiphon.Tests.Scripts.RemoteScriptContractTests.C912_Cold_seed_with_unrelated_bind_initializes_only_three_labelled_roots
EXECUTED Antiphon.Tests.Scripts.RemoteScriptContractTests.C912_Cold_seed_refuses_when_created_volume_disappears_before_init
EXECUTED Antiphon.Tests.Scripts.RemoteScriptContractTests.C912_Cold_volumes_seed_accepts_busy_main_without_packages
EXECUTED Antiphon.Tests.Scripts.RemoteScriptContractTests.C912_Cold_volumes_seed_refuses_unknown_mounted_or_populated_targets
EXECUTED Antiphon.Tests.Scripts.RemoteScriptContractTests.C912_Cold_volumes_seed_rechecks_initialization_and_probe_boundaries
EXECUTED Antiphon.Tests.Scripts.RemoteScriptContractTests.C912_Cold_cache_probe_requires_uid_writes_cleanup_and_bounded_exit
EXECUTED Antiphon.Tests.Scripts.RemoteScriptContractTests.C912_Cold_marker_has_distinct_validation_and_full_context_refusal
EXECUTED Antiphon.Tests.Scripts.RemoteScriptContractTests.C912_Cold_runner_verification_uses_mounts_and_writability_not_payloads
EXECUTED Antiphon.Tests.Scripts.RemoteScriptContractTests.C912_Cold_exception_never_weakens_maintenance_or_donor_gates
EXECUTED Antiphon.Tests.Scripts.RemoteScriptContractTests.C973_Cold_marker_readers_accept_pruned_seed_image_and_refuse_invalid_markers
EXECUTED Antiphon.Tests.Scripts.RemoteScriptContractTests.C973_Cold_marker_readers_accept_pruned_seed_image_and_refuse_invalid_markers
EXECUTED Antiphon.Tests.Scripts.RemoteScriptContractTests.C973_Cold_marker_readers_accept_pruned_seed_image_and_refuse_invalid_markers
EXECUTED Antiphon.Tests.Scripts.RemoteScriptContractTests.C973_Cold_marker_readers_accept_pruned_seed_image_and_refuse_invalid_markers
EXECUTED Antiphon.Tests.Scripts.RemoteScriptContractTests.C973_Cold_marker_readers_accept_pruned_seed_image_and_refuse_invalid_markers
EXECUTED Antiphon.Tests.Scripts.RemoteScriptContractTests.C973_Cold_marker_readers_accept_pruned_seed_image_and_refuse_invalid_markers
EXECUTED Antiphon.Tests.Scripts.RemoteScriptContractTests.C973_Cold_helper_readers_resolve_current_main_after_seed_image_prune
EXECUTED Antiphon.Tests.Scripts.RemoteScriptContractTests.C973_Cold_helper_readers_resolve_current_main_after_seed_image_prune
EXECUTED Antiphon.Tests.Scripts.RemoteScriptContractTests.C973_Cold_helper_readers_resolve_current_main_after_seed_image_prune
EXECUTED Antiphon.Tests.Scripts.RemoteScriptContractTests.C973_Cold_helper_readers_resolve_current_main_after_seed_image_prune
EXECUTED Antiphon.Tests.Scripts.RemoteScriptContractTests.C849_Deploy_temp_observes_inaccessible_docker_mountpoints_with_sudo
EXECUTED Antiphon.Tests.Scripts.RemoteScriptContractTests.C849_Deploy_prepares_and_verifies_before_acceptance
EXECUTED Antiphon.Tests.Scripts.RemoteScriptContractTests.C849_Deploy_temp_names_saved_import_when_seed_is_missing
EXECUTED Antiphon.Tests.Scripts.RemoteScriptContractTests.C849_Retired_guard_refuses_docker_ps_errors
EXECUTED Antiphon.Tests.Scripts.RemoteScriptContractTests.C951_Cache_paths_refuse_symlinked_mountpoints_and_refusing_sudo
EXECUTED Antiphon.Tests.Scripts.RemoteScriptContractTests.C951_Cache_paths_refuse_symlinked_mountpoints_and_refusing_sudo
EXECUTED Antiphon.Tests.Scripts.RemoteScriptContractTests.C951_Cache_paths_refuse_symlinked_mountpoints_and_refusing_sudo
EXECUTED Antiphon.Tests.Scripts.RemoteScriptContractTests.C951_Cache_paths_refuse_symlinked_mountpoints_and_refusing_sudo
EXECUTED Antiphon.Tests.Scripts.RemoteScriptContractTests.C951_Cache_paths_refuse_symlinked_mountpoints_and_refusing_sudo
EXECUTED Antiphon.Tests.Scripts.RemoteScriptContractTests.C951_Cache_paths_refuse_symlinked_mountpoints_and_refusing_sudo
EXECUTED Antiphon.Tests.Scripts.RemoteScriptContractTests.C951_Cache_paths_refuse_symlinked_mountpoints_and_refusing_sudo
EXECUTED Antiphon.Tests.Scripts.RemoteScriptContractTests.C951_Cache_paths_refuse_symlinked_mountpoints_and_refusing_sudo
EXECUTED Antiphon.Tests.Scripts.RemoteScriptContractTests.C976_Missing_helper_image_preserves_final_receipt_diagnosis
EXECUTED Antiphon.Tests.Scripts.RemoteScriptContractTests.C946_Rolling_harness_cleans_only_its_owned_success_root
EXECUTED Antiphon.Tests.Scripts.RemoteScriptContractTests.C957_Scratch_mutation_controls_go_red_and_restore
EXECUTED Antiphon.Tests.Scripts.RemoteScriptContractTests.C973_Cold_helper_readers_resolve_current_main_after_seed_image_prune
EXECUTED Antiphon.Tests.Scripts.RemoteScriptContractTests.C957_Scratch_mutation_controls_go_red_and_restore
EXECUTED Antiphon.Tests.Scripts.RemoteScriptContractTests.C946_Green_harness_removes_root_and_failed_keep_run_retains_evidence
EXECUTED Antiphon.Tests.Scripts.RemoteScriptContractTests.C849_front_door_passes_every_full_case_name_to_the_invoker
EXECUTED Antiphon.Tests.Scripts.RemoteScriptContractTests.C849_Cache_cases_use_only_the_validated_host_lane
EXECUTED Antiphon.Tests.Scripts.RemoteScriptContractTests.C849_Cache_prepare_is_idempotent_and_preserves_payloads
EXECUTED Antiphon.Tests.Scripts.RemoteScriptContractTests.C849_Cache_prepare_refuses_foreign_or_unsafe_roots
EXECUTED Antiphon.Tests.Scripts.RemoteScriptContractTests.C849_Prune_refuses_stale_or_busy_authority
EXECUTED Antiphon.Tests.Scripts.RemoteScriptContractTests.C849_Seed_publishes_complete_payloads_before_its_marker
EXECUTED Antiphon.Tests.Scripts.RemoteScriptContractTests.C849_Seed_refuses_invalid_donors_and_partial_payloads
EXECUTED Antiphon.Tests.Scripts.RemoteScriptContractTests.C849_Saved_donor_archive_is_checked_and_imported_without_a_container
EXECUTED Antiphon.Tests.Scripts.RemoteScriptContractTests.C849_Saved_donor_rejects_unsafe_archives_missing_pack_and_busy_counters
EXECUTED Antiphon.Tests.Scripts.RemoteScriptContractTests.C849_Saved_donor_rejects_declared_size_bomb_before_writing
EXECUTED Antiphon.Tests.Scripts.RemoteScriptContractTests.C957_Scratch_mutation_controls_go_red_and_restore
EXECUTED Antiphon.Tests.Scripts.RemoteScriptContractTests.C973_Prune_and_saved_donor_still_require_full_after_seed_image_prune
CHECKPOINT CP-3 commit=5bd903e34d6857e0cad31a99d1c54d14c7c9b0fe build=reused filter=/*/*/RemoteScriptContractTests*/(C849_*)|(C912_*)|(C973_*)|(C944_*)|(C951_*)|(C976_*)|(C946_*)|(C957_*) executed=54 passed=54 failed=0 skipped=0 trx=/work/worktrees/task-3aebd909/.antiphon/c1008-evidence-round3/cp3-qualified/CP-3-20261003-175412-2e97/run.trx slot=granted waited=0s dirty=0 source=5bd903e34d6857e0cad31a99d1c54d14c7c9b0fe sourceState=clean buildSource=verified
CHECKPOINT CP-3 EXIT CODE: 0
