
████████╗██╗   ██╗███╗   ██╗██╗████████╗
╚══██╔══╝██║   ██║████╗  ██║██║╚══██╔══╝
   ██║   ██║   ██║██╔██╗ ██║██║   ██║
   ██║   ██║   ██║██║╚██╗██║██║   ██║
   ██║   ╚██████╔╝██║ ╚████║██║   ██║
   ╚═╝    ╚═════╝ ╚═╝  ╚═══╝╚═╝   ╚═╝

   TUnit v1.44.0.0 | 64-bit | Debian GNU/Linux 12 (bookworm) | linux-x64 | .NET 9.0.20 | Microsoft Testing Platform v2.2.2

   Engine Mode: SourceGenerated

skipped The_shipped_codex_definition_resolves_to_a_real_executable_on_this_machine (4ms)
  The npm shim layout is Windows-specific
skipped Resolves_sibling_flavor_when_configured_one_is_gone (52ms)
  Sibling executable flavors (.exe/.cmd/.bat) are resolved only on Windows
skipped V01_canonical_cwd_uses_windows_separators_and_drops_trailing_slash (58ms)
  Canonical pin cwd is a Windows drive-rooted path
skipped Off_settings_path_round_trips_through_LaunchArgvGuard (2ms)
  CommandLineToArgvW is Windows-only
skipped reported_repository_paths_normalize_relative_and_absolute_windows_forms (1ms)
  Drive-letter report paths resolve only against a Windows repo root
skipped trailing_slash_lists_children_of_that_directory (26ms)
  Drive-letter directory listing needs a Windows MockFileSystem
skipped partial_leaf_matches_substring_within_child_name (26ms)
  Drive-letter directory listing needs a Windows MockFileSystem
skipped existing_path_reports_exists_true (26ms)
  Drive-letter directory listing needs a Windows MockFileSystem
skipped prefix_returns_matching_child_directories (26ms)
  Drive-letter directory listing needs a Windows MockFileSystem
skipped caches_within_ttl_and_refreshes_after (26ms)
  Drive-letter directory listing needs a Windows MockFileSystem
skipped Unsafe_raw_rules_are_refused_server_side_before_runner_calls(lf) (49ms)
  CARD-0382 Grok rules argv guard is Windows-only by design
skipped Unsafe_raw_rules_are_refused_server_side_before_runner_calls(duplicate_first) (1ms)
  CARD-0382 Grok rules argv guard is Windows-only by design
skipped Unsafe_raw_rules_are_refused_server_side_before_runner_calls(nul) (1ms)
  CARD-0382 Grok rules argv guard is Windows-only by design
skipped Unsafe_raw_rules_are_refused_server_side_before_runner_calls(env_flag) (7ms)
  CARD-0382 Grok rules argv guard is Windows-only by design
skipped Unsafe_raw_rules_are_refused_server_side_before_runner_calls(braced_env) (6ms)
  CARD-0382 Grok rules argv guard is Windows-only by design
skipped Unsafe_raw_rules_are_refused_server_side_before_runner_calls(duplicate_second) (4ms)
  CARD-0382 Grok rules argv guard is Windows-only by design
skipped Unsafe_raw_rules_are_refused_server_side_before_runner_calls(alias) (6ms)
  CARD-0382 Grok rules argv guard is Windows-only by design
skipped Unsafe_raw_rules_are_refused_server_side_before_runner_calls(equals) (8ms)
  CARD-0382 Grok rules argv guard is Windows-only by design
skipped Unsafe_raw_rules_are_refused_server_side_before_runner_calls(cr) (10ms)
  CARD-0382 Grok rules argv guard is Windows-only by design
skipped Unsafe_raw_rules_are_refused_server_side_before_runner_calls(env) (1ms)
  CARD-0382 Grok rules argv guard is Windows-only by design
skipped Unsafe_raw_rules_are_refused_server_side_before_runner_calls(crlf) (9ms)
  CARD-0382 Grok rules argv guard is Windows-only by design
skipped Unsafe_raw_rules_are_refused_server_side_before_runner_calls(missing) (9ms)
  CARD-0382 Grok rules argv guard is Windows-only by design
Initialized empty Git repository in /tmp/antiphon-plans-baea320f885242a1b7bb825acf0a0f7a/checkout/.git/
Initialized empty Git repository in /tmp/antiphon-plans-2159ed1d37f648bc8e4289724791a734/checkout/.git/
[main (root-commit) 545f71a] initial
 1 file changed, 1 insertion(+)
 create mode 100644 docs/superpowers/specs/2026-08-16-card-0035-stuck-work-view.md
[main (root-commit) 545f71a] initial
 1 file changed, 1 insertion(+)
 create mode 100644 docs/superpowers/specs/2026-08-16-card-0035-stuck-work-view.md
[feat/card-0034 d576109] branch plan
 1 file changed, 3 insertions(+)
 create mode 100644 docs/superpowers/plans/2026-08-26-card-0034-review-and-react-plan.md
skipped A_runner_on_the_modern_backend_confirms_the_raised_ceilings (3ms)
  no shipped conpty.dll: not Windows — there is no pseudoconsole to redirect
skipped A_runner_on_the_inbox_conhost_downgrades_a_modern_server (3ms)
  no shipped conpty.dll: not Windows — there is no pseudoconsole to redirect
skipped A_silent_runner_leaves_this_processes_own_decision_standing (125ms)
  no shipped conpty.dll: not Windows — there is no pseudoconsole to redirect
skipped Phone_home_Claude_keeps_the_inbox_ceiling_for_its_own_kind (7ms)
  ConPTY only on Windows
skipped Phone_home_Grok_never_uses_local_modern_evidence (5ms)
  ConPTY only on Windows
skipped C665_LockedFileMidDeleteResumesOnLaterPass (28ms)
  Sharing-mode locks are a Windows file-system behaviour.
skipped C721_HeldHandleDuringCleanupStaysRegisteredOrRecorded (5ms)
  Sharing-mode locks are a Windows file-system behaviour.
skipped windows_quick_row_finishes_beside_a_slow_row (3ms)
  Concurrent Windows row processes must not inherit each other's stdout pipes.
skipped windows_row_arguments_round_trip_intact (1ms)
  Windows row arguments are delivered by ProcessStartInfo.ArgumentList.
skipped windows_chatty_row_drains_interleaved_stdout_and_stderr (1ms)
  Windows row pipes must drain a large interleaved stdout and stderr.
skipped windows_row_timeout_kills_the_start_b_grandchild (2ms)
  The descendant sweep kills a start /b grandchild on Windows.
skipped C973_Prune_and_saved_donor_still_require_full_after_seed_image_prune (10ms)
  CARD-0912: jq is not on the Linux shell PATH; install jq in the runner or WSL to run C912 cold-seed tests.
skipped C973_Cold_helper_readers_resolve_current_main_after_seed_image_prune(runner-cache-reset) (1ms)
  CARD-0912: jq is not on the Linux shell PATH; install jq in the runner or WSL to run C912 cold-seed tests.
skipped C973_Cold_helper_readers_resolve_current_main_after_seed_image_prune(runner-cache-prune-preview) (1ms)
  CARD-0912: jq is not on the Linux shell PATH; install jq in the runner or WSL to run C912 cold-seed tests.
skipped C973_Cold_helper_readers_resolve_current_main_after_seed_image_prune(runner-cache-fixture) (1ms)
  CARD-0912: jq is not on the Linux shell PATH; install jq in the runner or WSL to run C912 cold-seed tests.
skipped C973_Cold_helper_readers_resolve_current_main_after_seed_image_prune(runner-cache-inventory) (1ms)
  CARD-0912: jq is not on the Linux shell PATH; install jq in the runner or WSL to run C912 cold-seed tests.
skipped C973_Cold_helper_readers_resolve_current_main_after_seed_image_prune(runner-cache-seed) (1ms)
  CARD-0912: jq is not on the Linux shell PATH; install jq in the runner or WSL to run C912 cold-seed tests.
skipped C973_Cold_marker_readers_accept_pruned_seed_image_and_refuse_invalid_markers(case_verify_runner_caches_retired) (1ms)
  CARD-0912: jq is not on the Linux shell PATH; install jq in the runner or WSL to run C912 cold-seed tests.
skipped C973_Cold_marker_readers_accept_pruned_seed_image_and_refuse_invalid_markers(case_verify_runner_caches) (0ms)
  CARD-0912: jq is not on the Linux shell PATH; install jq in the runner or WSL to run C912 cold-seed tests.
skipped C973_Cold_marker_readers_accept_pruned_seed_image_and_refuse_invalid_markers(case_deploy_temp_runner) (0ms)
  CARD-0912: jq is not on the Linux shell PATH; install jq in the runner or WSL to run C912 cold-seed tests.
skipped C973_Cold_marker_readers_accept_pruned_seed_image_and_refuse_invalid_markers(case_retire_temp_runner) (0ms)
  CARD-0912: jq is not on the Linux shell PATH; install jq in the runner or WSL to run C912 cold-seed tests.
skipped C973_Cold_marker_readers_accept_pruned_seed_image_and_refuse_invalid_markers(case_deploy_parent) (0ms)
  CARD-0912: jq is not on the Linux shell PATH; install jq in the runner or WSL to run C912 cold-seed tests.
skipped C973_Cold_marker_readers_accept_pruned_seed_image_and_refuse_invalid_markers(c849_seed) (0ms)
  CARD-0912: jq is not on the Linux shell PATH; install jq in the runner or WSL to run C912 cold-seed tests.
skipped C912_Cold_marker_has_distinct_validation_and_full_context_refusal (0ms)
  CARD-0912: jq is not on the Linux shell PATH; install jq in the runner or WSL to run C912 cold-seed tests.
skipped C912_Cold_cache_probe_requires_uid_writes_cleanup_and_bounded_exit (0ms)
  CARD-0912: jq is not on the Linux shell PATH; install jq in the runner or WSL to run C912 cold-seed tests.
skipped C912_Cold_volumes_seed_rechecks_initialization_and_probe_boundaries (0ms)
  CARD-0912: jq is not on the Linux shell PATH; install jq in the runner or WSL to run C912 cold-seed tests.
skipped C912_Cold_volumes_seed_refuses_unknown_mounted_or_populated_targets (0ms)
  CARD-0912: jq is not on the Linux shell PATH; install jq in the runner or WSL to run C912 cold-seed tests.
skipped C912_Cold_volumes_seed_accepts_busy_main_without_packages (0ms)
  CARD-0912: jq is not on the Linux shell PATH; install jq in the runner or WSL to run C912 cold-seed tests.
skipped C912_Cold_seed_refuses_when_created_volume_disappears_before_init (1ms)
  CARD-0912: jq is not on the Linux shell PATH; install jq in the runner or WSL to run C912 cold-seed tests.
skipped C912_Cold_seed_with_unrelated_bind_initializes_only_three_labelled_roots (1ms)
  CARD-0912: jq is not on the Linux shell PATH; install jq in the runner or WSL to run C912 cold-seed tests.
HTML test report written to: /work/worktrees/task-3eceba1b/.antiphon/c998-checkpoints/20261003-105757-9594/rows/CP-5/Antiphon.Tests-linux-net9.0-report.html

  In process file artifacts produced:
    - /work/worktrees/task-3eceba1b/.antiphon/c998-checkpoints/20261003-105757-9594/rows/CP-5/Antiphon.Tests-linux-net9.0-report.html
    - /work/worktrees/task-3eceba1b/.antiphon/c998-checkpoints/20261003-105757-9594/rows/CP-5/run.trx

Test run summary: Passed! - /work/worktrees/task-3eceba1b/tests/Antiphon.Tests/bin-c998-unit-repair/Antiphon.Tests.dll (net9.0|x64)
  total: 3963
  failed: 0
  succeeded: 3911
  skipped: 52
  duration: 4m 06s 161ms
