deleted /work/worktrees/task-1a73906f/src/Antiphon.PtyHost.Protocol/bin-c959-models
deleted /work/worktrees/task-1a73906f/src/Antiphon.PtyHost.Protocol/bin-c959-admission
deleted /work/worktrees/task-1a73906f/src/Antiphon.PtyHost.Protocol/bin-c959-auth
deleted /work/worktrees/task-1a73906f/src/Antiphon.PtyHost.Protocol/bin-c959-directory
deleted /work/worktrees/task-1a73906f/src/Antiphon.PtyHost.Protocol/bin-c959-evidence
deleted /work/worktrees/task-1a73906f/src/Antiphon.PtyHost.Protocol/bin-c959-probe
deleted /work/worktrees/task-1a73906f/src/Antiphon.FakeGrok/bin-c959-models
deleted /work/worktrees/task-1a73906f/src/Antiphon.FakeGrok/bin-c959-admission
deleted /work/worktrees/task-1a73906f/src/Antiphon.FakeGrok/bin-c959-auth
deleted /work/worktrees/task-1a73906f/src/Antiphon.FakeGrok/bin-c959-directory
deleted /work/worktrees/task-1a73906f/src/Antiphon.FakeGrok/bin-c959-evidence
deleted /work/worktrees/task-1a73906f/src/Antiphon.Messaging.Client/bin-c959-models
deleted /work/worktrees/task-1a73906f/src/Antiphon.Messaging.Client/bin-c959-admission
deleted /work/worktrees/task-1a73906f/src/Antiphon.Messaging.Client/bin-c959-auth
deleted /work/worktrees/task-1a73906f/src/Antiphon.Messaging.Client/bin-c959-directory
deleted /work/worktrees/task-1a73906f/src/Antiphon.Messaging.Client/bin-c959-evidence
deleted /work/worktrees/task-1a73906f/src/Antiphon.HostCleanup/bin-c959-models
deleted /work/worktrees/task-1a73906f/src/Antiphon.HostCleanup/bin-c959-admission
deleted /work/worktrees/task-1a73906f/src/Antiphon.HostCleanup/bin-c959-auth
deleted /work/worktrees/task-1a73906f/src/Antiphon.HostCleanup/bin-c959-directory
deleted /work/worktrees/task-1a73906f/src/Antiphon.HostCleanup/bin-c959-evidence
deleted /work/worktrees/task-1a73906f/src/Antiphon.Agents.Pty/bin-c959-models
deleted /work/worktrees/task-1a73906f/src/Antiphon.Agents.Pty/bin-c959-admission
deleted /work/worktrees/task-1a73906f/src/Antiphon.Agents.Pty/bin-c959-auth
deleted /work/worktrees/task-1a73906f/src/Antiphon.Agents.Pty/bin-c959-directory
deleted /work/worktrees/task-1a73906f/src/Antiphon.Agents.Pty/bin-c959-evidence
deleted /work/worktrees/task-1a73906f/src/Antiphon.Agents.Pty/bin-c959-probe
deleted /work/worktrees/task-1a73906f/src/Antiphon.PtyHost/bin-c959-models
deleted /work/worktrees/task-1a73906f/src/Antiphon.PtyHost/bin-c959-admission
deleted /work/worktrees/task-1a73906f/src/Antiphon.PtyHost/bin-c959-auth
deleted /work/worktrees/task-1a73906f/src/Antiphon.PtyHost/bin-c959-directory
deleted /work/worktrees/task-1a73906f/src/Antiphon.PtyHost/bin-c959-evidence
deleted /work/worktrees/task-1a73906f/src/Antiphon.PtyHost/bin-c959-probe
deleted /work/worktrees/task-1a73906f/src/Antiphon.NightlyWatchdog/bin-c959-models
deleted /work/worktrees/task-1a73906f/src/Antiphon.NightlyWatchdog/bin-c959-admission
deleted /work/worktrees/task-1a73906f/src/Antiphon.NightlyWatchdog/bin-c959-auth
deleted /work/worktrees/task-1a73906f/src/Antiphon.NightlyWatchdog/bin-c959-directory
deleted /work/worktrees/task-1a73906f/src/Antiphon.NightlyWatchdog/bin-c959-evidence
deleted /work/worktrees/task-1a73906f/src/Antiphon.Messaging.Client.Testing/bin-c959-models
deleted /work/worktrees/task-1a73906f/src/Antiphon.Messaging.Client.Testing/bin-c959-admission
deleted /work/worktrees/task-1a73906f/src/Antiphon.Messaging.Client.Testing/bin-c959-auth
deleted /work/worktrees/task-1a73906f/src/Antiphon.Messaging.Client.Testing/bin-c959-directory
deleted /work/worktrees/task-1a73906f/src/Antiphon.Messaging.Client.Testing/bin-c959-evidence
deleted /work/worktrees/task-1a73906f/src/Antiphon.Resilience/bin-c959-models
deleted /work/worktrees/task-1a73906f/src/Antiphon.Resilience/bin-c959-admission
deleted /work/worktrees/task-1a73906f/src/Antiphon.Resilience/bin-c959-auth
deleted /work/worktrees/task-1a73906f/src/Antiphon.Resilience/bin-c959-directory
deleted /work/worktrees/task-1a73906f/src/Antiphon.Resilience/bin-c959-evidence
deleted /work/worktrees/task-1a73906f/src/Antiphon.FakeClaude/bin-c959-models
deleted /work/worktrees/task-1a73906f/src/Antiphon.FakeClaude/bin-c959-admission
deleted /work/worktrees/task-1a73906f/src/Antiphon.FakeClaude/bin-c959-auth
deleted /work/worktrees/task-1a73906f/src/Antiphon.FakeClaude/bin-c959-directory
deleted /work/worktrees/task-1a73906f/src/Antiphon.FakeClaude/bin-c959-evidence
deleted /work/worktrees/task-1a73906f/src/Antiphon.Messaging.Gateway/bin-c959-models
deleted /work/worktrees/task-1a73906f/src/Antiphon.Messaging.Gateway/bin-c959-admission
deleted /work/worktrees/task-1a73906f/src/Antiphon.Messaging.Gateway/bin-c959-auth
deleted /work/worktrees/task-1a73906f/src/Antiphon.Messaging.Gateway/bin-c959-directory
deleted /work/worktrees/task-1a73906f/src/Antiphon.Messaging.Gateway/bin-c959-evidence
deleted /work/worktrees/task-1a73906f/src/Antiphon.Messaging/bin-c959-models
deleted /work/worktrees/task-1a73906f/src/Antiphon.Messaging/bin-c959-admission
deleted /work/worktrees/task-1a73906f/src/Antiphon.Messaging/bin-c959-auth
deleted /work/worktrees/task-1a73906f/src/Antiphon.Messaging/bin-c959-directory
deleted /work/worktrees/task-1a73906f/src/Antiphon.Messaging/bin-c959-evidence
deleted /work/worktrees/task-1a73906f/src/Antiphon.Messaging.Slack/bin-c959-models
deleted /work/worktrees/task-1a73906f/src/Antiphon.Messaging.Slack/bin-c959-admission
deleted /work/worktrees/task-1a73906f/src/Antiphon.Messaging.Slack/bin-c959-auth
deleted /work/worktrees/task-1a73906f/src/Antiphon.Messaging.Slack/bin-c959-directory
deleted /work/worktrees/task-1a73906f/src/Antiphon.Messaging.Slack/bin-c959-evidence
deleted /work/worktrees/task-1a73906f/src/Antiphon.SessionRunner/bin-c959-models
deleted /work/worktrees/task-1a73906f/src/Antiphon.SessionRunner/bin-c959-admission
deleted /work/worktrees/task-1a73906f/src/Antiphon.SessionRunner/bin-c959-auth
deleted /work/worktrees/task-1a73906f/src/Antiphon.SessionRunner/bin-c959-directory
deleted /work/worktrees/task-1a73906f/src/Antiphon.SessionRunner/bin-c959-evidence
deleted /work/worktrees/task-1a73906f/src/Antiphon.SessionRunner/bin-c959-probe
deleted /work/worktrees/task-1a73906f/src/Antiphon.PtyHost.Client/bin-c959-models
deleted /work/worktrees/task-1a73906f/src/Antiphon.PtyHost.Client/bin-c959-admission
deleted /work/worktrees/task-1a73906f/src/Antiphon.PtyHost.Client/bin-c959-auth
deleted /work/worktrees/task-1a73906f/src/Antiphon.PtyHost.Client/bin-c959-directory
deleted /work/worktrees/task-1a73906f/src/Antiphon.PtyHost.Client/bin-c959-evidence
deleted /work/worktrees/task-1a73906f/src/Antiphon.PtyHost.Client/bin-c959-probe
deleted /work/worktrees/task-1a73906f/src/Antiphon.SessionRunner.Contracts/bin-c959-models
deleted /work/worktrees/task-1a73906f/src/Antiphon.SessionRunner.Contracts/bin-c959-admission
deleted /work/worktrees/task-1a73906f/src/Antiphon.SessionRunner.Contracts/bin-c959-auth
deleted /work/worktrees/task-1a73906f/src/Antiphon.SessionRunner.Contracts/bin-c959-directory
deleted /work/worktrees/task-1a73906f/src/Antiphon.SessionRunner.Contracts/bin-c959-evidence
deleted /work/worktrees/task-1a73906f/src/Antiphon.SessionRunner.Contracts/bin-c959-probe
deleted /work/worktrees/task-1a73906f/src/Antiphon.FakeLlmApi/bin-c959-models
deleted /work/worktrees/task-1a73906f/src/Antiphon.FakeLlmApi/bin-c959-admission
deleted /work/worktrees/task-1a73906f/src/Antiphon.FakeLlmApi/bin-c959-auth
deleted /work/worktrees/task-1a73906f/src/Antiphon.FakeLlmApi/bin-c959-directory
deleted /work/worktrees/task-1a73906f/src/Antiphon.FakeLlmApi/bin-c959-evidence
deleted /work/worktrees/task-1a73906f/src/Antiphon.FakeLlmApi/bin-c959-probe
deleted /work/worktrees/task-1a73906f/tools/Antiphon.Checkpoints/bin-c959-models
deleted /work/worktrees/task-1a73906f/tools/Antiphon.Checkpoints/bin-c959-admission
deleted /work/worktrees/task-1a73906f/tools/Antiphon.Checkpoints/bin-c959-auth
deleted /work/worktrees/task-1a73906f/tools/Antiphon.Checkpoints/bin-c959-directory
deleted /work/worktrees/task-1a73906f/tools/Antiphon.Checkpoints/bin-c959-evidence
deleted /work/worktrees/task-1a73906f/server/bin-c959-models
deleted /work/worktrees/task-1a73906f/server/bin-c959-admission
deleted /work/worktrees/task-1a73906f/server/bin-c959-auth
deleted /work/worktrees/task-1a73906f/server/bin-c959-directory
deleted /work/worktrees/task-1a73906f/server/bin-c959-evidence
deleted /work/worktrees/task-1a73906f/tests/Antiphon.DockerStack.Fixture/bin-c959-models
deleted /work/worktrees/task-1a73906f/tests/Antiphon.DockerStack.Fixture/bin-c959-admission
deleted /work/worktrees/task-1a73906f/tests/Antiphon.DockerStack.Fixture/bin-c959-auth
deleted /work/worktrees/task-1a73906f/tests/Antiphon.DockerStack.Fixture/bin-c959-directory
deleted /work/worktrees/task-1a73906f/tests/Antiphon.DockerStack.Fixture/bin-c959-evidence
deleted /work/worktrees/task-1a73906f/tests/Antiphon.Tests/bin-c959-models
deleted /work/worktrees/task-1a73906f/tests/Antiphon.Tests/bin-c959-admission
deleted /work/worktrees/task-1a73906f/tests/Antiphon.Tests/bin-c959-auth
deleted /work/worktrees/task-1a73906f/tests/Antiphon.Tests/bin-c959-directory
deleted /work/worktrees/task-1a73906f/tests/Antiphon.Tests/bin-c959-evidence
deleted /work/worktrees/task-1a73906f/tests/Antiphon.SessionRunner.Tests/bin-c959-probe
deleted /work/worktrees/task-1a73906f/tests/Antiphon.ChannelOutbound.Probe/bin-c959-models
deleted /work/worktrees/task-1a73906f/tests/Antiphon.ChannelOutbound.Probe/bin-c959-admission
deleted /work/worktrees/task-1a73906f/tests/Antiphon.ChannelOutbound.Probe/bin-c959-auth
deleted /work/worktrees/task-1a73906f/tests/Antiphon.ChannelOutbound.Probe/bin-c959-directory
deleted /work/worktrees/task-1a73906f/tests/Antiphon.ChannelOutbound.Probe/bin-c959-evidence
deleted /work/worktrees/task-1a73906f/tests/Antiphon.CustodyTestChild/bin-c959-models
deleted /work/worktrees/task-1a73906f/tests/Antiphon.CustodyTestChild/bin-c959-admission
deleted /work/worktrees/task-1a73906f/tests/Antiphon.CustodyTestChild/bin-c959-auth
deleted /work/worktrees/task-1a73906f/tests/Antiphon.CustodyTestChild/bin-c959-directory
deleted /work/worktrees/task-1a73906f/tests/Antiphon.CustodyTestChild/bin-c959-evidence
deleted /work/worktrees/task-1a73906f/tests/Antiphon.CustodyTestChild/bin-c959-probe
deleted /work/worktrees/task-1a73906f/tests/Antiphon.Checkpoints.LifecycleHost/bin-c959-models
deleted /work/worktrees/task-1a73906f/tests/Antiphon.Checkpoints.LifecycleHost/bin-c959-admission
deleted /work/worktrees/task-1a73906f/tests/Antiphon.Checkpoints.LifecycleHost/bin-c959-auth
deleted /work/worktrees/task-1a73906f/tests/Antiphon.Checkpoints.LifecycleHost/bin-c959-directory
deleted /work/worktrees/task-1a73906f/tests/Antiphon.Checkpoints.LifecycleHost/bin-c959-evidence
deleted /work/worktrees/task-1a73906f/tests/Antiphon.Checkpoints.FilterHost/bin-c959-models
deleted /work/worktrees/task-1a73906f/tests/Antiphon.Checkpoints.FilterHost/bin-c959-admission
deleted /work/worktrees/task-1a73906f/tests/Antiphon.Checkpoints.FilterHost/bin-c959-auth
deleted /work/worktrees/task-1a73906f/tests/Antiphon.Checkpoints.FilterHost/bin-c959-directory
deleted /work/worktrees/task-1a73906f/tests/Antiphon.Checkpoints.FilterHost/bin-c959-evidence
deleted /work/worktrees/task-1a73906f/tests/Antiphon.Checkpoints.RepeatHost/bin-c959-models
deleted /work/worktrees/task-1a73906f/tests/Antiphon.Checkpoints.RepeatHost/bin-c959-admission
deleted /work/worktrees/task-1a73906f/tests/Antiphon.Checkpoints.RepeatHost/bin-c959-auth
deleted /work/worktrees/task-1a73906f/tests/Antiphon.Checkpoints.RepeatHost/bin-c959-directory
deleted /work/worktrees/task-1a73906f/tests/Antiphon.Checkpoints.RepeatHost/bin-c959-evidence
BOOTSTRAP CLEANUP Removed path=/work/worktrees/task-1a73906f/tools/Antiphon.Checkpoints/bin-c959-tool
