<?xml version="1.0" encoding="utf-8"?>
<TestRun id="aeb6d670-0385-4ee6-a142-69993e49ab38" name="@5d9e09695ab3 2026-10-03 12:22:40.6359555" xmlns="http://microsoft.com/schemas/VisualStudio/TeamTest/2010">
  <Times creation="2026-10-03T12:21:39.9302909Z" queuing="2026-10-03T12:21:39.9302909Z" start="2026-10-03T12:21:39.9302909Z" finish="2026-10-03T12:22:40.6375732Z" />
  <TestSettings name="default" id="852ee11f-254e-4f2b-a869-cb6ed3f6b859">
    <Deployment runDeploymentRoot="_5d9e09695ab3_2026-10-03_12_22_40.6359555" />
  </TestSettings>
  <Results>
    <UnitTestResult executionId="dd49236f-20fc-4c01-9d25-2c4c9a5e8992" testId="524b95d4-fdc2-38be-458b-8d7840da6e6a" testName="Working_with_open_question_tool_types_Now_without_a_marker_and_confirms_on_ToolResult" computerName="5d9e09695ab3" duration="00:00:08.9418153" startTime="2026-10-03T12:22:17.7836495+00:00" endTime="2026-10-03T12:22:26.7254648+00:00" testType="13CDC9D9-DDB5-4fa4-A97D-D965CCFC6D4B" outcome="Passed" testListId="8C84FA94-04C1-424b-9868-57A2D4851A1D" relativeResultsDirectory="dd49236f-20fc-4c01-9d25-2c4c9a5e8992" />
    <UnitTestResult executionId="a7f09020-0c8d-4f08-8307-0425d95b5557" testId="79d87c3b-5e94-b0b1-b9ad-a5dc3bd334fc" testName="Pending_refinement_age_remains_visible_without_delivery_attempts" computerName="5d9e09695ab3" duration="00:00:08.9317944" startTime="2026-10-03T12:22:17.7836528+00:00" endTime="2026-10-03T12:22:26.7154472+00:00" testType="13CDC9D9-DDB5-4fa4-A97D-D965CCFC6D4B" outcome="Passed" testListId="8C84FA94-04C1-424b-9868-57A2D4851A1D" relativeResultsDirectory="a7f09020-0c8d-4f08-8307-0425d95b5557">
      <Output>
        <StdOut>[CARD-0204] SessionRunner__BaseUrl=http://127.0.0.1:1, Delegation__CheckInterpreterEnabled=false, Delegation__DiagnoseEnabled=false and Delegation__OutputDistillerEnabled=false for every Program boot in this assembly (inherited SessionRunner__BaseUrl='&lt;unset&gt;') - test hosts never launch on the production session-runner.
[CARD-0298] Hangfire__ServerEnabled=false for every Program boot in this assembly - test hosts never start a Hangfire worker (no WMI census, no production-runner list).
[CARD-0045] cleared inherited ANTIPHON_PTY_BACKEND='inbox' — pty tests declare their backend; the suite means the same thing whoever launched it.
[testcontainers.org 00:00:00.56] Connected to Docker:
  Host: unix:///var/run/docker.sock
  Server Version: 27.5.1
  Kernel Version: 4.15.0-213-generic
  API Version: 1.47
  Operating System: Debian GNU/Linux 12 (bookworm) (containerized)
  Total Memory: 125.90 GB
[testcontainers.org 00:00:01.07] Docker container 8bdc50b58541 created
[testcontainers.org 00:00:01.20] Start Docker container 8bdc50b58541
[testcontainers.org 00:00:01.53] Wait for Docker container 8bdc50b58541 to complete readiness checks
[testcontainers.org 00:00:02.57] Docker container 8bdc50b58541 ready
[testcontainers.org 00:00:02.70] Docker container 06ff408780df created
[testcontainers.org 00:00:02.71] Start Docker container 06ff408780df
[testcontainers.org 00:00:03.09] Wait for Docker container 06ff408780df to complete readiness checks
[testcontainers.org 00:00:03.11] Execute "pg_isready --host localhost --dbname antiphon_test --username test" at Docker container 06ff408780df
[testcontainers.org 00:00:04.25] Execute "pg_isready --host localhost --dbname antiphon_test --username test" at Docker container 06ff408780df
[testcontainers.org 00:00:05.35] Execute "pg_isready --host localhost --dbname antiphon_test --username test" at Docker container 06ff408780df
[testcontainers.org 00:00:06.43] Execute "pg_isready --host localhost --dbname antiphon_test --username test" at Docker container 06ff408780df
[testcontainers.org 00:00:06.55] Docker container 06ff408780df ready
</StdOut>
        <StdErr>[TUnit] External span cap of 100 reached; subsequent spans will be dropped. Set TUNIT_OTEL_MAX_EXTERNAL_SPANS to raise the limit.
</StdErr>
      </Output>
    </UnitTestResult>
    <UnitTestResult executionId="8239be40-42a6-4899-b883-65efe88f2b2e" testId="1cb40e34-ff4f-2188-86e2-e2f903576083" testName="Refine_on_Blocked_is_still_refused" computerName="5d9e09695ab3" duration="00:00:00.1506365" startTime="2026-10-03T12:22:26.7514014+00:00" endTime="2026-10-03T12:22:26.9020379+00:00" testType="13CDC9D9-DDB5-4fa4-A97D-D965CCFC6D4B" outcome="Passed" testListId="8C84FA94-04C1-424b-9868-57A2D4851A1D" relativeResultsDirectory="8239be40-42a6-4899-b883-65efe88f2b2e" />
    <UnitTestResult executionId="9cfc76d7-5f0b-4ae3-ba1d-2f762ba07392" testId="42cfb1f7-a4e4-2a16-7170-836c83c93bfb" testName="Refine_on_Working_is_still_WhenIdle_with_BuildRefinement" computerName="5d9e09695ab3" duration="00:00:00.1541215" startTime="2026-10-03T12:22:26.9028425+00:00" endTime="2026-10-03T12:22:27.0569640+00:00" testType="13CDC9D9-DDB5-4fa4-A97D-D965CCFC6D4B" outcome="Passed" testListId="8C84FA94-04C1-424b-9868-57A2D4851A1D" relativeResultsDirectory="9cfc76d7-5f0b-4ae3-ba1d-2f762ba07392" />
    <UnitTestResult executionId="0e79b7b5-fa7b-43d5-a740-6ca9d24b7110" testId="f24a6c15-4232-1894-48f2-9dd328aee02f" testName="Closed_question_tool_is_not_open" computerName="5d9e09695ab3" duration="00:00:00.0962623" startTime="2026-10-03T12:22:27.0575665+00:00" endTime="2026-10-03T12:22:27.1538288+00:00" testType="13CDC9D9-DDB5-4fa4-A97D-D965CCFC6D4B" outcome="Passed" testListId="8C84FA94-04C1-424b-9868-57A2D4851A1D" relativeResultsDirectory="0e79b7b5-fa7b-43d5-a740-6ca9d24b7110" />
    <UnitTestResult executionId="13329f3a-8dd5-43cf-ab97-5ddba50982b7" testId="696dd5f2-4ec4-853f-7bcc-3e05a0bde285" testName="Dispatched_without_an_open_question_tool_is_the_same_409" computerName="5d9e09695ab3" duration="00:00:00.0964464" startTime="2026-10-03T12:22:27.1544570+00:00" endTime="2026-10-03T12:22:27.2509034+00:00" testType="13CDC9D9-DDB5-4fa4-A97D-D965CCFC6D4B" outcome="Passed" testListId="8C84FA94-04C1-424b-9868-57A2D4851A1D" relativeResultsDirectory="13329f3a-8dd5-43cf-ab97-5ddba50982b7" />
    <UnitTestResult executionId="22ad812b-f3b6-482c-b022-1e90e5469b62" testId="da899a4a-9657-5ac9-1a1a-cc07710d23e6" testName="Working_without_an_open_question_tool_is_a_409_pointing_at_Refine" computerName="5d9e09695ab3" duration="00:00:00.1004266" startTime="2026-10-03T12:22:27.2514563+00:00" endTime="2026-10-03T12:22:27.3518829+00:00" testType="13CDC9D9-DDB5-4fa4-A97D-D965CCFC6D4B" outcome="Passed" testListId="8C84FA94-04C1-424b-9868-57A2D4851A1D" relativeResultsDirectory="22ad812b-f3b6-482c-b022-1e90e5469b62" />
    <UnitTestResult executionId="35532580-f093-406a-bc67-18c3f88ebde9" testId="9e0959db-31e3-8d41-2adf-00c9ce4c1f00" testName="Blocked_answer_still_queues_WhenIdle_with_the_task_marker" computerName="5d9e09695ab3" duration="00:00:00.1954804" startTime="2026-10-03T12:22:27.3524459+00:00" endTime="2026-10-03T12:22:27.5479263+00:00" testType="13CDC9D9-DDB5-4fa4-A97D-D965CCFC6D4B" outcome="Passed" testListId="8C84FA94-04C1-424b-9868-57A2D4851A1D" relativeResultsDirectory="35532580-f093-406a-bc67-18c3f88ebde9" />
    <UnitTestResult executionId="4cde73a0-0817-4b20-adbf-970a5ab27b69" testId="06cb3a0f-3592-4ab0-64bd-034d86cedbcd" testName="Fallback_input_body_survives_complete_prompt_and_restart" computerName="5d9e09695ab3" duration="00:00:02.7973911" startTime="2026-10-03T12:22:26.7513999+00:00" endTime="2026-10-03T12:22:29.5487910+00:00" testType="13CDC9D9-DDB5-4fa4-A97D-D965CCFC6D4B" outcome="Passed" testListId="8C84FA94-04C1-424b-9868-57A2D4851A1D" relativeResultsDirectory="4cde73a0-0817-4b20-adbf-970a5ab27b69" />
    <UnitTestResult executionId="92feefd5-0758-4eb8-bb66-1998489daa84" testId="0470cc94-011e-cce7-3c05-bc890419e010" testName="Runner_codex_refinement_writes_complete_body_before_pointer" computerName="5d9e09695ab3" duration="00:00:00.4688489" startTime="2026-10-03T12:22:29.5494262+00:00" endTime="2026-10-03T12:22:30.0182751+00:00" testType="13CDC9D9-DDB5-4fa4-A97D-D965CCFC6D4B" outcome="Passed" testListId="8C84FA94-04C1-424b-9868-57A2D4851A1D" relativeResultsDirectory="92feefd5-0758-4eb8-bb66-1998489daa84" />
    <UnitTestResult executionId="b9b4db15-53de-4c1c-a984-3f176c5c518c" testId="0eb098dd-a629-37d1-0a31-cdf6c66aa3d5" testName="Runner_claude_refinement_uses_the_same_inbox_route" computerName="5d9e09695ab3" duration="00:00:00.4663452" startTime="2026-10-03T12:22:30.0189883+00:00" endTime="2026-10-03T12:22:30.4853335+00:00" testType="13CDC9D9-DDB5-4fa4-A97D-D965CCFC6D4B" outcome="Passed" testListId="8C84FA94-04C1-424b-9868-57A2D4851A1D" relativeResultsDirectory="b9b4db15-53de-4c1c-a984-3f176c5c518c" />
    <UnitTestResult executionId="2f1f2df3-6314-457d-b63a-a892002b62c9" testId="65b0152a-6425-0b51-6063-c75aeefb7f69" testName="Runner_grok_refinement_is_forced_to_a_join_safe_pointer" computerName="5d9e09695ab3" duration="00:00:00.3486716" startTime="2026-10-03T12:22:30.4859020+00:00" endTime="2026-10-03T12:22:30.8345736+00:00" testType="13CDC9D9-DDB5-4fa4-A97D-D965CCFC6D4B" outcome="Passed" testListId="8C84FA94-04C1-424b-9868-57A2D4851A1D" relativeResultsDirectory="2f1f2df3-6314-457d-b63a-a892002b62c9" />
    <UnitTestResult executionId="520d7746-dbaf-4628-a5c1-8cdb0886ea33" testId="a79cb18e-e49c-526c-b30b-218dbb5483bb" testName="Runner_ceiling_ignores_the_modern_desktop_profile" computerName="5d9e09695ab3" duration="00:00:00.3609845" startTime="2026-10-03T12:22:30.8351019+00:00" endTime="2026-10-03T12:22:31.1960864+00:00" testType="13CDC9D9-DDB5-4fa4-A97D-D965CCFC6D4B" outcome="Passed" testListId="8C84FA94-04C1-424b-9868-57A2D4851A1D" relativeResultsDirectory="520d7746-dbaf-4628-a5c1-8cdb0886ea33" />
    <UnitTestResult executionId="65118a39-467f-4000-a656-b8dd85c139fe" testId="c090c9e6-c48a-c176-d9be-c4d66fdf06a3" testName="Two_same_tick_refinements_keep_distinct_paths_and_bodies" computerName="5d9e09695ab3" duration="00:00:00.4074151" startTime="2026-10-03T12:22:31.1965920+00:00" endTime="2026-10-03T12:22:31.6040071+00:00" testType="13CDC9D9-DDB5-4fa4-A97D-D965CCFC6D4B" outcome="Passed" testListId="8C84FA94-04C1-424b-9868-57A2D4851A1D" relativeResultsDirectory="65118a39-467f-4000-a656-b8dd85c139fe" />
    <UnitTestResult executionId="22dd673e-32b3-4a0d-81cd-3667eb74c464" testId="ea59a089-b798-2983-1bd6-3858423ed7b0" testName="Bound_pointer_measures_utf8_after_guid_path_rewrite" computerName="5d9e09695ab3" duration="00:00:00.0007724" startTime="2026-10-03T12:22:31.6046621+00:00" endTime="2026-10-03T12:22:31.6054345+00:00" testType="13CDC9D9-DDB5-4fa4-A97D-D965CCFC6D4B" outcome="Passed" testListId="8C84FA94-04C1-424b-9868-57A2D4851A1D" relativeResultsDirectory="22dd673e-32b3-4a0d-81cd-3667eb74c464" />
    <UnitTestResult executionId="3df3e703-6edd-48be-b9d7-0c339a842c65" testId="298a1ba8-7cbe-bb73-706e-3280c3007c69" testName="Runner_blocked_reply_reaches_the_inbox_with_task_attribution" computerName="5d9e09695ab3" duration="00:00:00.4422515" startTime="2026-10-03T12:22:31.6057838+00:00" endTime="2026-10-03T12:22:32.0480353+00:00" testType="13CDC9D9-DDB5-4fa4-A97D-D965CCFC6D4B" outcome="Passed" testListId="8C84FA94-04C1-424b-9868-57A2D4851A1D" relativeResultsDirectory="3df3e703-6edd-48be-b9d7-0c339a842c65" />
    <UnitTestResult executionId="13e4cbde-71b8-406d-85d0-f11b559ea287" testId="b3eb5e82-4f42-1401-efd9-2f978a2ecc41" testName="Runner_small_reply_remains_inline" computerName="5d9e09695ab3" duration="00:00:00.3659194" startTime="2026-10-03T12:22:32.0494138+00:00" endTime="2026-10-03T12:22:32.4153332+00:00" testType="13CDC9D9-DDB5-4fa4-A97D-D965CCFC6D4B" outcome="Passed" testListId="8C84FA94-04C1-424b-9868-57A2D4851A1D" relativeResultsDirectory="13e4cbde-71b8-406d-85d0-f11b559ea287" />
    <UnitTestResult executionId="bea1ce23-cea1-4757-8c39-2c2e88d1ec19" testId="020b3ef3-b2e9-d197-2be6-73d5428b0658" testName="Open_question_reply_remains_unmarked_now_and_toolresult_confirmed" computerName="5d9e09695ab3" duration="00:00:01.1599716" startTime="2026-10-03T12:22:32.4160492+00:00" endTime="2026-10-03T12:22:33.5760208+00:00" testType="13CDC9D9-DDB5-4fa4-A97D-D965CCFC6D4B" outcome="Passed" testListId="8C84FA94-04C1-424b-9868-57A2D4851A1D" relativeResultsDirectory="bea1ce23-cea1-4757-8c39-2c2e88d1ec19" />
    <UnitTestResult executionId="23d4e2f6-617d-4d27-bf67-8573e70eef0f" testId="84b9dcf7-bb48-169e-e457-a35104fa6ad7" testName="Refinement_send_now_upgrades_the_same_owned_row" computerName="5d9e09695ab3" duration="00:00:01.1852096" startTime="2026-10-03T12:22:33.5765792+00:00" endTime="2026-10-03T12:22:34.7617888+00:00" testType="13CDC9D9-DDB5-4fa4-A97D-D965CCFC6D4B" outcome="Passed" testListId="8C84FA94-04C1-424b-9868-57A2D4851A1D" relativeResultsDirectory="23d4e2f6-617d-4d27-bf67-8573e70eef0f" />
    <UnitTestResult executionId="e784a612-4514-4327-90dd-32c8c13102cc" testId="1f055b22-c6a9-f690-1951-67da040f796d" testName="Queued_refinement_still_amends_the_goal" computerName="5d9e09695ab3" duration="00:00:00.3383118" startTime="2026-10-03T12:22:34.7624865+00:00" endTime="2026-10-03T12:22:35.1007983+00:00" testType="13CDC9D9-DDB5-4fa4-A97D-D965CCFC6D4B" outcome="Passed" testListId="8C84FA94-04C1-424b-9868-57A2D4851A1D" relativeResultsDirectory="e784a612-4514-4327-90dd-32c8c13102cc" />
    <UnitTestResult executionId="66487fec-6ace-4bfd-8e58-c9f4095b8e29" testId="b185d31c-1d98-2fa9-bbcb-d2b057ba9159" testName="Missing_runner_cwd_selects_api_without_a_server_write" computerName="5d9e09695ab3" duration="00:00:00.3977155" startTime="2026-10-03T12:22:35.1014510+00:00" endTime="2026-10-03T12:22:35.4991665+00:00" testType="13CDC9D9-DDB5-4fa4-A97D-D965CCFC6D4B" outcome="Passed" testListId="8C84FA94-04C1-424b-9868-57A2D4851A1D" relativeResultsDirectory="66487fec-6ace-4bfd-8e58-c9f4095b8e29" />
    <UnitTestResult executionId="88227877-0b67-4306-9d50-04222eadad06" testId="15494f37-5eeb-932f-65a1-6a699b8507bf" testName="Local_desktop_refinement_keeps_its_file_and_pointer_contract" computerName="5d9e09695ab3" duration="00:00:00.3576644" startTime="2026-10-03T12:22:35.4996263+00:00" endTime="2026-10-03T12:22:35.8572907+00:00" testType="13CDC9D9-DDB5-4fa4-A97D-D965CCFC6D4B" outcome="Passed" testListId="8C84FA94-04C1-424b-9868-57A2D4851A1D" relativeResultsDirectory="88227877-0b67-4306-9d50-04222eadad06" />
    <UnitTestResult executionId="2a641c45-2b41-45d3-a033-752a490891b0" testId="ab438f84-5854-cc9e-b14e-3fe67aecbc16" testName="a_refinement_to_a_dispatched_task_is_accepted_too" computerName="5d9e09695ab3" duration="00:00:00.0703392" startTime="2026-10-03T12:22:35.8592425+00:00" endTime="2026-10-03T12:22:35.9295817+00:00" testType="13CDC9D9-DDB5-4fa4-A97D-D965CCFC6D4B" outcome="Passed" testListId="8C84FA94-04C1-424b-9868-57A2D4851A1D" relativeResultsDirectory="2a641c45-2b41-45d3-a033-752a490891b0" />
    <UnitTestResult executionId="96016524-306d-4db1-a9da-d569191d4273" testId="759aa585-cc80-bca3-c86a-ce2bea510f5d" testName="an_empty_refinement_is_rejected" computerName="5d9e09695ab3" duration="00:00:00.0108053" startTime="2026-10-03T12:22:35.9300519+00:00" endTime="2026-10-03T12:22:35.9408572+00:00" testType="13CDC9D9-DDB5-4fa4-A97D-D965CCFC6D4B" outcome="Passed" testListId="8C84FA94-04C1-424b-9868-57A2D4851A1D" relativeResultsDirectory="96016524-306d-4db1-a9da-d569191d4273" />
    <UnitTestResult executionId="d7fe644f-9a18-4e3f-8c2c-d0d6829dbb15" testId="15464853-1444-34dc-0e91-8137eaa422b1" testName="a_refinement_to_a_running_task_queues_a_marked_message_and_changes_no_state" computerName="5d9e09695ab3" duration="00:00:00.1006063" startTime="2026-10-03T12:22:35.9411518+00:00" endTime="2026-10-03T12:22:36.0417581+00:00" testType="13CDC9D9-DDB5-4fa4-A97D-D965CCFC6D4B" outcome="Passed" testListId="8C84FA94-04C1-424b-9868-57A2D4851A1D" relativeResultsDirectory="d7fe644f-9a18-4e3f-8c2c-d0d6829dbb15" />
    <UnitTestResult executionId="83f6ef72-2b06-42c8-b71e-9ddef2370a10" testId="85090f0a-741d-99cc-642f-ad02e44edad9" testName="a_refinement_to_a_queued_task_amends_the_brief_instead_of_queueing_a_message" computerName="5d9e09695ab3" duration="00:00:00.0445971" startTime="2026-10-03T12:22:36.0423169+00:00" endTime="2026-10-03T12:22:36.0869140+00:00" testType="13CDC9D9-DDB5-4fa4-A97D-D965CCFC6D4B" outcome="Passed" testListId="8C84FA94-04C1-424b-9868-57A2D4851A1D" relativeResultsDirectory="83f6ef72-2b06-42c8-b71e-9ddef2370a10" />
    <UnitTestResult executionId="b7adcb31-c696-4038-ba90-f0c4cb56a6b9" testId="8c368dd6-930b-9f94-0cdd-7bbf80574201" testName="an_oversized_refinement_spills_to_a_file_and_types_a_pointer" computerName="5d9e09695ab3" duration="00:00:00.0579937" startTime="2026-10-03T12:22:36.0872873+00:00" endTime="2026-10-03T12:22:36.1452810+00:00" testType="13CDC9D9-DDB5-4fa4-A97D-D965CCFC6D4B" outcome="Passed" testListId="8C84FA94-04C1-424b-9868-57A2D4851A1D" relativeResultsDirectory="b7adcb31-c696-4038-ba90-f0c4cb56a6b9" />
    <UnitTestResult executionId="6cd2cee3-4b54-44b5-88fb-e4e03741f876" testId="80bea738-d499-1dc6-21cc-f6b040cb1759" testName="a_settled_task_cannot_be_refined(Succeeded)" computerName="5d9e09695ab3" duration="00:00:00.0202917" startTime="2026-10-03T12:22:36.1467638+00:00" endTime="2026-10-03T12:22:36.1670555+00:00" testType="13CDC9D9-DDB5-4fa4-A97D-D965CCFC6D4B" outcome="Passed" testListId="8C84FA94-04C1-424b-9868-57A2D4851A1D" relativeResultsDirectory="6cd2cee3-4b54-44b5-88fb-e4e03741f876" />
    <UnitTestResult executionId="e339c518-cbe7-45e4-a725-fbec08905455" testId="fbc3d35c-9850-885b-6f8c-aebf650d06f7" testName="a_settled_task_cannot_be_refined(Failed)" computerName="5d9e09695ab3" duration="00:00:00.0147873" startTime="2026-10-03T12:22:36.1715701+00:00" endTime="2026-10-03T12:22:36.1863574+00:00" testType="13CDC9D9-DDB5-4fa4-A97D-D965CCFC6D4B" outcome="Passed" testListId="8C84FA94-04C1-424b-9868-57A2D4851A1D" relativeResultsDirectory="e339c518-cbe7-45e4-a725-fbec08905455" />
    <UnitTestResult executionId="46ad5314-8a74-4c0d-b0c1-003c66e2fe59" testId="21c8ea38-a938-35da-7018-9a0671926ab3" testName="a_settled_task_cannot_be_refined(Canceled)" computerName="5d9e09695ab3" duration="00:00:00.0156589" startTime="2026-10-03T12:22:36.1868021+00:00" endTime="2026-10-03T12:22:36.2024610+00:00" testType="13CDC9D9-DDB5-4fa4-A97D-D965CCFC6D4B" outcome="Passed" testListId="8C84FA94-04C1-424b-9868-57A2D4851A1D" relativeResultsDirectory="46ad5314-8a74-4c0d-b0c1-003c66e2fe59" />
    <UnitTestResult executionId="f50ab3e5-b9b1-4300-9663-2c601804e8c9" testId="fc8c955a-fa47-722a-9df0-67f73da0c268" testName="a_blocked_task_is_redirected_to_the_reply_verb" computerName="5d9e09695ab3" duration="00:00:00.0138191" startTime="2026-10-03T12:22:36.2028493+00:00" endTime="2026-10-03T12:22:36.2166684+00:00" testType="13CDC9D9-DDB5-4fa4-A97D-D965CCFC6D4B" outcome="Passed" testListId="8C84FA94-04C1-424b-9868-57A2D4851A1D" relativeResultsDirectory="f50ab3e5-b9b1-4300-9663-2c601804e8c9">
      <Output>
        <StdOut>[testcontainers.org 00:00:54.49] Delete Docker container 06ff408780df
</StdOut>
      </Output>
    </UnitTestResult>
  </Results>
  <TestDefinitions>
    <UnitTest name="Working_with_open_question_tool_types_Now_without_a_marker_and_confirms_on_ToolResult" storage="/work/worktrees/task-4c1697dc/tests/antiphon.tests/bin-c965-qualified/antiphon.tests.dll" id="524b95d4-fdc2-38be-458b-8d7840da6e6a">
      <TestCategory>
        <TestCategoryItem TestCategory="Integration" />
      </TestCategory>
      <Execution id="dd49236f-20fc-4c01-9d25-2c4c9a5e8992" />
      <Properties>
        <Property>
          <Key>Integration</Key>
          <Value></Value>
        </Property>
      </Properties>
      <TestMethod codeBase="/work/worktrees/task-4c1697dc/tests/Antiphon.Tests/bin-c965-qualified/Antiphon.Tests.dll" adapterTypeName="executor://TUnitExtension/1.44.0.0" className="Antiphon.Tests.Application.AgentTaskReplyOverlayTests" name="Working_with_open_question_tool_types_Now_without_a_marker_and_confirms_on_ToolResult" />
    </UnitTest>
    <UnitTest name="Pending_refinement_age_remains_visible_without_delivery_attempts" storage="/work/worktrees/task-4c1697dc/tests/antiphon.tests/bin-c965-qualified/antiphon.tests.dll" id="79d87c3b-5e94-b0b1-b9ad-a5dc3bd334fc">
      <TestCategory>
        <TestCategoryItem TestCategory="Integration" />
      </TestCategory>
      <Execution id="a7f09020-0c8d-4f08-8307-0425d95b5557" />
      <Properties>
        <Property>
          <Key>Integration</Key>
          <Value></Value>
        </Property>
      </Properties>
      <TestMethod codeBase="/work/worktrees/task-4c1697dc/tests/Antiphon.Tests/bin-c965-qualified/Antiphon.Tests.dll" adapterTypeName="executor://TUnitExtension/1.44.0.0" className="Antiphon.Tests.Application.AgentTaskInputSpillTests" name="Pending_refinement_age_remains_visible_without_delivery_attempts" />
    </UnitTest>
    <UnitTest name="Refine_on_Blocked_is_still_refused" storage="/work/worktrees/task-4c1697dc/tests/antiphon.tests/bin-c965-qualified/antiphon.tests.dll" id="1cb40e34-ff4f-2188-86e2-e2f903576083">
      <TestCategory>
        <TestCategoryItem TestCategory="Integration" />
      </TestCategory>
      <Execution id="8239be40-42a6-4899-b883-65efe88f2b2e" />
      <Properties>
        <Property>
          <Key>Integration</Key>
          <Value></Value>
        </Property>
      </Properties>
      <TestMethod codeBase="/work/worktrees/task-4c1697dc/tests/Antiphon.Tests/bin-c965-qualified/Antiphon.Tests.dll" adapterTypeName="executor://TUnitExtension/1.44.0.0" className="Antiphon.Tests.Application.AgentTaskReplyOverlayTests" name="Refine_on_Blocked_is_still_refused" />
    </UnitTest>
    <UnitTest name="Refine_on_Working_is_still_WhenIdle_with_BuildRefinement" storage="/work/worktrees/task-4c1697dc/tests/antiphon.tests/bin-c965-qualified/antiphon.tests.dll" id="42cfb1f7-a4e4-2a16-7170-836c83c93bfb">
      <TestCategory>
        <TestCategoryItem TestCategory="Integration" />
      </TestCategory>
      <Execution id="9cfc76d7-5f0b-4ae3-ba1d-2f762ba07392" />
      <Properties>
        <Property>
          <Key>Integration</Key>
          <Value></Value>
        </Property>
      </Properties>
      <TestMethod codeBase="/work/worktrees/task-4c1697dc/tests/Antiphon.Tests/bin-c965-qualified/Antiphon.Tests.dll" adapterTypeName="executor://TUnitExtension/1.44.0.0" className="Antiphon.Tests.Application.AgentTaskReplyOverlayTests" name="Refine_on_Working_is_still_WhenIdle_with_BuildRefinement" />
    </UnitTest>
    <UnitTest name="Closed_question_tool_is_not_open" storage="/work/worktrees/task-4c1697dc/tests/antiphon.tests/bin-c965-qualified/antiphon.tests.dll" id="f24a6c15-4232-1894-48f2-9dd328aee02f">
      <TestCategory>
        <TestCategoryItem TestCategory="Integration" />
      </TestCategory>
      <Execution id="0e79b7b5-fa7b-43d5-a740-6ca9d24b7110" />
      <Properties>
        <Property>
          <Key>Integration</Key>
          <Value></Value>
        </Property>
      </Properties>
      <TestMethod codeBase="/work/worktrees/task-4c1697dc/tests/Antiphon.Tests/bin-c965-qualified/Antiphon.Tests.dll" adapterTypeName="executor://TUnitExtension/1.44.0.0" className="Antiphon.Tests.Application.AgentTaskReplyOverlayTests" name="Closed_question_tool_is_not_open" />
    </UnitTest>
    <UnitTest name="Dispatched_without_an_open_question_tool_is_the_same_409" storage="/work/worktrees/task-4c1697dc/tests/antiphon.tests/bin-c965-qualified/antiphon.tests.dll" id="696dd5f2-4ec4-853f-7bcc-3e05a0bde285">
      <TestCategory>
        <TestCategoryItem TestCategory="Integration" />
      </TestCategory>
      <Execution id="13329f3a-8dd5-43cf-ab97-5ddba50982b7" />
      <Properties>
        <Property>
          <Key>Integration</Key>
          <Value></Value>
        </Property>
      </Properties>
      <TestMethod codeBase="/work/worktrees/task-4c1697dc/tests/Antiphon.Tests/bin-c965-qualified/Antiphon.Tests.dll" adapterTypeName="executor://TUnitExtension/1.44.0.0" className="Antiphon.Tests.Application.AgentTaskReplyOverlayTests" name="Dispatched_without_an_open_question_tool_is_the_same_409" />
    </UnitTest>
    <UnitTest name="Working_without_an_open_question_tool_is_a_409_pointing_at_Refine" storage="/work/worktrees/task-4c1697dc/tests/antiphon.tests/bin-c965-qualified/antiphon.tests.dll" id="da899a4a-9657-5ac9-1a1a-cc07710d23e6">
      <TestCategory>
        <TestCategoryItem TestCategory="Integration" />
      </TestCategory>
      <Execution id="22ad812b-f3b6-482c-b022-1e90e5469b62" />
      <Properties>
        <Property>
          <Key>Integration</Key>
          <Value></Value>
        </Property>
      </Properties>
      <TestMethod codeBase="/work/worktrees/task-4c1697dc/tests/Antiphon.Tests/bin-c965-qualified/Antiphon.Tests.dll" adapterTypeName="executor://TUnitExtension/1.44.0.0" className="Antiphon.Tests.Application.AgentTaskReplyOverlayTests" name="Working_without_an_open_question_tool_is_a_409_pointing_at_Refine" />
    </UnitTest>
    <UnitTest name="Blocked_answer_still_queues_WhenIdle_with_the_task_marker" storage="/work/worktrees/task-4c1697dc/tests/antiphon.tests/bin-c965-qualified/antiphon.tests.dll" id="9e0959db-31e3-8d41-2adf-00c9ce4c1f00">
      <TestCategory>
        <TestCategoryItem TestCategory="Integration" />
      </TestCategory>
      <Execution id="35532580-f093-406a-bc67-18c3f88ebde9" />
      <Properties>
        <Property>
          <Key>Integration</Key>
          <Value></Value>
        </Property>
      </Properties>
      <TestMethod codeBase="/work/worktrees/task-4c1697dc/tests/Antiphon.Tests/bin-c965-qualified/Antiphon.Tests.dll" adapterTypeName="executor://TUnitExtension/1.44.0.0" className="Antiphon.Tests.Application.AgentTaskReplyOverlayTests" name="Blocked_answer_still_queues_WhenIdle_with_the_task_marker" />
    </UnitTest>
    <UnitTest name="Fallback_input_body_survives_complete_prompt_and_restart" storage="/work/worktrees/task-4c1697dc/tests/antiphon.tests/bin-c965-qualified/antiphon.tests.dll" id="06cb3a0f-3592-4ab0-64bd-034d86cedbcd">
      <TestCategory>
        <TestCategoryItem TestCategory="Integration" />
      </TestCategory>
      <Execution id="4cde73a0-0817-4b20-adbf-970a5ab27b69" />
      <Properties>
        <Property>
          <Key>Integration</Key>
          <Value></Value>
        </Property>
      </Properties>
      <TestMethod codeBase="/work/worktrees/task-4c1697dc/tests/Antiphon.Tests/bin-c965-qualified/Antiphon.Tests.dll" adapterTypeName="executor://TUnitExtension/1.44.0.0" className="Antiphon.Tests.Application.AgentTaskInputSpillTests" name="Fallback_input_body_survives_complete_prompt_and_restart" />
    </UnitTest>
    <UnitTest name="Runner_codex_refinement_writes_complete_body_before_pointer" storage="/work/worktrees/task-4c1697dc/tests/antiphon.tests/bin-c965-qualified/antiphon.tests.dll" id="0470cc94-011e-cce7-3c05-bc890419e010">
      <TestCategory>
        <TestCategoryItem TestCategory="Integration" />
      </TestCategory>
      <Execution id="92feefd5-0758-4eb8-bb66-1998489daa84" />
      <Properties>
        <Property>
          <Key>Integration</Key>
          <Value></Value>
        </Property>
      </Properties>
      <TestMethod codeBase="/work/worktrees/task-4c1697dc/tests/Antiphon.Tests/bin-c965-qualified/Antiphon.Tests.dll" adapterTypeName="executor://TUnitExtension/1.44.0.0" className="Antiphon.Tests.Application.AgentTaskInputSpillTests" name="Runner_codex_refinement_writes_complete_body_before_pointer" />
    </UnitTest>
    <UnitTest name="Runner_claude_refinement_uses_the_same_inbox_route" storage="/work/worktrees/task-4c1697dc/tests/antiphon.tests/bin-c965-qualified/antiphon.tests.dll" id="0eb098dd-a629-37d1-0a31-cdf6c66aa3d5">
      <TestCategory>
        <TestCategoryItem TestCategory="Integration" />
      </TestCategory>
      <Execution id="b9b4db15-53de-4c1c-a984-3f176c5c518c" />
      <Properties>
        <Property>
          <Key>Integration</Key>
          <Value></Value>
        </Property>
      </Properties>
      <TestMethod codeBase="/work/worktrees/task-4c1697dc/tests/Antiphon.Tests/bin-c965-qualified/Antiphon.Tests.dll" adapterTypeName="executor://TUnitExtension/1.44.0.0" className="Antiphon.Tests.Application.AgentTaskInputSpillTests" name="Runner_claude_refinement_uses_the_same_inbox_route" />
    </UnitTest>
    <UnitTest name="Runner_grok_refinement_is_forced_to_a_join_safe_pointer" storage="/work/worktrees/task-4c1697dc/tests/antiphon.tests/bin-c965-qualified/antiphon.tests.dll" id="65b0152a-6425-0b51-6063-c75aeefb7f69">
      <TestCategory>
        <TestCategoryItem TestCategory="Integration" />
      </TestCategory>
      <Execution id="2f1f2df3-6314-457d-b63a-a892002b62c9" />
      <Properties>
        <Property>
          <Key>Integration</Key>
          <Value></Value>
        </Property>
      </Properties>
      <TestMethod codeBase="/work/worktrees/task-4c1697dc/tests/Antiphon.Tests/bin-c965-qualified/Antiphon.Tests.dll" adapterTypeName="executor://TUnitExtension/1.44.0.0" className="Antiphon.Tests.Application.AgentTaskInputSpillTests" name="Runner_grok_refinement_is_forced_to_a_join_safe_pointer" />
    </UnitTest>
    <UnitTest name="Runner_ceiling_ignores_the_modern_desktop_profile" storage="/work/worktrees/task-4c1697dc/tests/antiphon.tests/bin-c965-qualified/antiphon.tests.dll" id="a79cb18e-e49c-526c-b30b-218dbb5483bb">
      <TestCategory>
        <TestCategoryItem TestCategory="Integration" />
      </TestCategory>
      <Execution id="520d7746-dbaf-4628-a5c1-8cdb0886ea33" />
      <Properties>
        <Property>
          <Key>Integration</Key>
          <Value></Value>
        </Property>
      </Properties>
      <TestMethod codeBase="/work/worktrees/task-4c1697dc/tests/Antiphon.Tests/bin-c965-qualified/Antiphon.Tests.dll" adapterTypeName="executor://TUnitExtension/1.44.0.0" className="Antiphon.Tests.Application.AgentTaskInputSpillTests" name="Runner_ceiling_ignores_the_modern_desktop_profile" />
    </UnitTest>
    <UnitTest name="Two_same_tick_refinements_keep_distinct_paths_and_bodies" storage="/work/worktrees/task-4c1697dc/tests/antiphon.tests/bin-c965-qualified/antiphon.tests.dll" id="c090c9e6-c48a-c176-d9be-c4d66fdf06a3">
      <TestCategory>
        <TestCategoryItem TestCategory="Integration" />
      </TestCategory>
      <Execution id="65118a39-467f-4000-a656-b8dd85c139fe" />
      <Properties>
        <Property>
          <Key>Integration</Key>
          <Value></Value>
        </Property>
      </Properties>
      <TestMethod codeBase="/work/worktrees/task-4c1697dc/tests/Antiphon.Tests/bin-c965-qualified/Antiphon.Tests.dll" adapterTypeName="executor://TUnitExtension/1.44.0.0" className="Antiphon.Tests.Application.AgentTaskInputSpillTests" name="Two_same_tick_refinements_keep_distinct_paths_and_bodies" />
    </UnitTest>
    <UnitTest name="Bound_pointer_measures_utf8_after_guid_path_rewrite" storage="/work/worktrees/task-4c1697dc/tests/antiphon.tests/bin-c965-qualified/antiphon.tests.dll" id="ea59a089-b798-2983-1bd6-3858423ed7b0">
      <TestCategory>
        <TestCategoryItem TestCategory="Integration" />
      </TestCategory>
      <Execution id="22dd673e-32b3-4a0d-81cd-3667eb74c464" />
      <Properties>
        <Property>
          <Key>Integration</Key>
          <Value></Value>
        </Property>
      </Properties>
      <TestMethod codeBase="/work/worktrees/task-4c1697dc/tests/Antiphon.Tests/bin-c965-qualified/Antiphon.Tests.dll" adapterTypeName="executor://TUnitExtension/1.44.0.0" className="Antiphon.Tests.Application.AgentTaskInputSpillTests" name="Bound_pointer_measures_utf8_after_guid_path_rewrite" />
    </UnitTest>
    <UnitTest name="Runner_blocked_reply_reaches_the_inbox_with_task_attribution" storage="/work/worktrees/task-4c1697dc/tests/antiphon.tests/bin-c965-qualified/antiphon.tests.dll" id="298a1ba8-7cbe-bb73-706e-3280c3007c69">
      <TestCategory>
        <TestCategoryItem TestCategory="Integration" />
      </TestCategory>
      <Execution id="3df3e703-6edd-48be-b9d7-0c339a842c65" />
      <Properties>
        <Property>
          <Key>Integration</Key>
          <Value></Value>
        </Property>
      </Properties>
      <TestMethod codeBase="/work/worktrees/task-4c1697dc/tests/Antiphon.Tests/bin-c965-qualified/Antiphon.Tests.dll" adapterTypeName="executor://TUnitExtension/1.44.0.0" className="Antiphon.Tests.Application.AgentTaskInputSpillTests" name="Runner_blocked_reply_reaches_the_inbox_with_task_attribution" />
    </UnitTest>
    <UnitTest name="Runner_small_reply_remains_inline" storage="/work/worktrees/task-4c1697dc/tests/antiphon.tests/bin-c965-qualified/antiphon.tests.dll" id="b3eb5e82-4f42-1401-efd9-2f978a2ecc41">
      <TestCategory>
        <TestCategoryItem TestCategory="Integration" />
      </TestCategory>
      <Execution id="13e4cbde-71b8-406d-85d0-f11b559ea287" />
      <Properties>
        <Property>
          <Key>Integration</Key>
          <Value></Value>
        </Property>
      </Properties>
      <TestMethod codeBase="/work/worktrees/task-4c1697dc/tests/Antiphon.Tests/bin-c965-qualified/Antiphon.Tests.dll" adapterTypeName="executor://TUnitExtension/1.44.0.0" className="Antiphon.Tests.Application.AgentTaskInputSpillTests" name="Runner_small_reply_remains_inline" />
    </UnitTest>
    <UnitTest name="Open_question_reply_remains_unmarked_now_and_toolresult_confirmed" storage="/work/worktrees/task-4c1697dc/tests/antiphon.tests/bin-c965-qualified/antiphon.tests.dll" id="020b3ef3-b2e9-d197-2be6-73d5428b0658">
      <TestCategory>
        <TestCategoryItem TestCategory="Integration" />
      </TestCategory>
      <Execution id="bea1ce23-cea1-4757-8c39-2c2e88d1ec19" />
      <Properties>
        <Property>
          <Key>Integration</Key>
          <Value></Value>
        </Property>
      </Properties>
      <TestMethod codeBase="/work/worktrees/task-4c1697dc/tests/Antiphon.Tests/bin-c965-qualified/Antiphon.Tests.dll" adapterTypeName="executor://TUnitExtension/1.44.0.0" className="Antiphon.Tests.Application.AgentTaskInputSpillTests" name="Open_question_reply_remains_unmarked_now_and_toolresult_confirmed" />
    </UnitTest>
    <UnitTest name="Refinement_send_now_upgrades_the_same_owned_row" storage="/work/worktrees/task-4c1697dc/tests/antiphon.tests/bin-c965-qualified/antiphon.tests.dll" id="84b9dcf7-bb48-169e-e457-a35104fa6ad7">
      <TestCategory>
        <TestCategoryItem TestCategory="Integration" />
      </TestCategory>
      <Execution id="23d4e2f6-617d-4d27-bf67-8573e70eef0f" />
      <Properties>
        <Property>
          <Key>Integration</Key>
          <Value></Value>
        </Property>
      </Properties>
      <TestMethod codeBase="/work/worktrees/task-4c1697dc/tests/Antiphon.Tests/bin-c965-qualified/Antiphon.Tests.dll" adapterTypeName="executor://TUnitExtension/1.44.0.0" className="Antiphon.Tests.Application.AgentTaskInputSpillTests" name="Refinement_send_now_upgrades_the_same_owned_row" />
    </UnitTest>
    <UnitTest name="Queued_refinement_still_amends_the_goal" storage="/work/worktrees/task-4c1697dc/tests/antiphon.tests/bin-c965-qualified/antiphon.tests.dll" id="1f055b22-c6a9-f690-1951-67da040f796d">
      <TestCategory>
        <TestCategoryItem TestCategory="Integration" />
      </TestCategory>
      <Execution id="e784a612-4514-4327-90dd-32c8c13102cc" />
      <Properties>
        <Property>
          <Key>Integration</Key>
          <Value></Value>
        </Property>
      </Properties>
      <TestMethod codeBase="/work/worktrees/task-4c1697dc/tests/Antiphon.Tests/bin-c965-qualified/Antiphon.Tests.dll" adapterTypeName="executor://TUnitExtension/1.44.0.0" className="Antiphon.Tests.Application.AgentTaskInputSpillTests" name="Queued_refinement_still_amends_the_goal" />
    </UnitTest>
    <UnitTest name="Missing_runner_cwd_selects_api_without_a_server_write" storage="/work/worktrees/task-4c1697dc/tests/antiphon.tests/bin-c965-qualified/antiphon.tests.dll" id="b185d31c-1d98-2fa9-bbcb-d2b057ba9159">
      <TestCategory>
        <TestCategoryItem TestCategory="Integration" />
      </TestCategory>
      <Execution id="66487fec-6ace-4bfd-8e58-c9f4095b8e29" />
      <Properties>
        <Property>
          <Key>Integration</Key>
          <Value></Value>
        </Property>
      </Properties>
      <TestMethod codeBase="/work/worktrees/task-4c1697dc/tests/Antiphon.Tests/bin-c965-qualified/Antiphon.Tests.dll" adapterTypeName="executor://TUnitExtension/1.44.0.0" className="Antiphon.Tests.Application.AgentTaskInputSpillTests" name="Missing_runner_cwd_selects_api_without_a_server_write" />
    </UnitTest>
    <UnitTest name="Local_desktop_refinement_keeps_its_file_and_pointer_contract" storage="/work/worktrees/task-4c1697dc/tests/antiphon.tests/bin-c965-qualified/antiphon.tests.dll" id="15494f37-5eeb-932f-65a1-6a699b8507bf">
      <TestCategory>
        <TestCategoryItem TestCategory="Integration" />
      </TestCategory>
      <Execution id="88227877-0b67-4306-9d50-04222eadad06" />
      <Properties>
        <Property>
          <Key>Integration</Key>
          <Value></Value>
        </Property>
      </Properties>
      <TestMethod codeBase="/work/worktrees/task-4c1697dc/tests/Antiphon.Tests/bin-c965-qualified/Antiphon.Tests.dll" adapterTypeName="executor://TUnitExtension/1.44.0.0" className="Antiphon.Tests.Application.AgentTaskInputSpillTests" name="Local_desktop_refinement_keeps_its_file_and_pointer_contract" />
    </UnitTest>
    <UnitTest name="a_refinement_to_a_dispatched_task_is_accepted_too" storage="/work/worktrees/task-4c1697dc/tests/antiphon.tests/bin-c965-qualified/antiphon.tests.dll" id="ab438f84-5854-cc9e-b14e-3fe67aecbc16">
      <TestCategory>
        <TestCategoryItem TestCategory="Integration" />
      </TestCategory>
      <Execution id="2a641c45-2b41-45d3-a033-752a490891b0" />
      <Properties>
        <Property>
          <Key>Integration</Key>
          <Value></Value>
        </Property>
      </Properties>
      <TestMethod codeBase="/work/worktrees/task-4c1697dc/tests/Antiphon.Tests/bin-c965-qualified/Antiphon.Tests.dll" adapterTypeName="executor://TUnitExtension/1.44.0.0" className="Antiphon.Tests.Application.AgentTaskRefineTests" name="a_refinement_to_a_dispatched_task_is_accepted_too" />
    </UnitTest>
    <UnitTest name="an_empty_refinement_is_rejected" storage="/work/worktrees/task-4c1697dc/tests/antiphon.tests/bin-c965-qualified/antiphon.tests.dll" id="759aa585-cc80-bca3-c86a-ce2bea510f5d">
      <TestCategory>
        <TestCategoryItem TestCategory="Integration" />
      </TestCategory>
      <Execution id="96016524-306d-4db1-a9da-d569191d4273" />
      <Properties>
        <Property>
          <Key>Integration</Key>
          <Value></Value>
        </Property>
      </Properties>
      <TestMethod codeBase="/work/worktrees/task-4c1697dc/tests/Antiphon.Tests/bin-c965-qualified/Antiphon.Tests.dll" adapterTypeName="executor://TUnitExtension/1.44.0.0" className="Antiphon.Tests.Application.AgentTaskRefineTests" name="an_empty_refinement_is_rejected" />
    </UnitTest>
    <UnitTest name="a_refinement_to_a_running_task_queues_a_marked_message_and_changes_no_state" storage="/work/worktrees/task-4c1697dc/tests/antiphon.tests/bin-c965-qualified/antiphon.tests.dll" id="15464853-1444-34dc-0e91-8137eaa422b1">
      <TestCategory>
        <TestCategoryItem TestCategory="Integration" />
      </TestCategory>
      <Execution id="d7fe644f-9a18-4e3f-8c2c-d0d6829dbb15" />
      <Properties>
        <Property>
          <Key>Integration</Key>
          <Value></Value>
        </Property>
      </Properties>
      <TestMethod codeBase="/work/worktrees/task-4c1697dc/tests/Antiphon.Tests/bin-c965-qualified/Antiphon.Tests.dll" adapterTypeName="executor://TUnitExtension/1.44.0.0" className="Antiphon.Tests.Application.AgentTaskRefineTests" name="a_refinement_to_a_running_task_queues_a_marked_message_and_changes_no_state" />
    </UnitTest>
    <UnitTest name="a_refinement_to_a_queued_task_amends_the_brief_instead_of_queueing_a_message" storage="/work/worktrees/task-4c1697dc/tests/antiphon.tests/bin-c965-qualified/antiphon.tests.dll" id="85090f0a-741d-99cc-642f-ad02e44edad9">
      <TestCategory>
        <TestCategoryItem TestCategory="Integration" />
      </TestCategory>
      <Execution id="83f6ef72-2b06-42c8-b71e-9ddef2370a10" />
      <Properties>
        <Property>
          <Key>Integration</Key>
          <Value></Value>
        </Property>
      </Properties>
      <TestMethod codeBase="/work/worktrees/task-4c1697dc/tests/Antiphon.Tests/bin-c965-qualified/Antiphon.Tests.dll" adapterTypeName="executor://TUnitExtension/1.44.0.0" className="Antiphon.Tests.Application.AgentTaskRefineTests" name="a_refinement_to_a_queued_task_amends_the_brief_instead_of_queueing_a_message" />
    </UnitTest>
    <UnitTest name="an_oversized_refinement_spills_to_a_file_and_types_a_pointer" storage="/work/worktrees/task-4c1697dc/tests/antiphon.tests/bin-c965-qualified/antiphon.tests.dll" id="8c368dd6-930b-9f94-0cdd-7bbf80574201">
      <TestCategory>
        <TestCategoryItem TestCategory="Integration" />
      </TestCategory>
      <Execution id="b7adcb31-c696-4038-ba90-f0c4cb56a6b9" />
      <Properties>
        <Property>
          <Key>Integration</Key>
          <Value></Value>
        </Property>
      </Properties>
      <TestMethod codeBase="/work/worktrees/task-4c1697dc/tests/Antiphon.Tests/bin-c965-qualified/Antiphon.Tests.dll" adapterTypeName="executor://TUnitExtension/1.44.0.0" className="Antiphon.Tests.Application.AgentTaskRefineTests" name="an_oversized_refinement_spills_to_a_file_and_types_a_pointer" />
    </UnitTest>
    <UnitTest name="a_settled_task_cannot_be_refined(Succeeded)" storage="/work/worktrees/task-4c1697dc/tests/antiphon.tests/bin-c965-qualified/antiphon.tests.dll" id="80bea738-d499-1dc6-21cc-f6b040cb1759">
      <TestCategory>
        <TestCategoryItem TestCategory="Integration" />
      </TestCategory>
      <Execution id="6cd2cee3-4b54-44b5-88fb-e4e03741f876" />
      <Properties>
        <Property>
          <Key>Integration</Key>
          <Value></Value>
        </Property>
      </Properties>
      <TestMethod codeBase="/work/worktrees/task-4c1697dc/tests/Antiphon.Tests/bin-c965-qualified/Antiphon.Tests.dll" adapterTypeName="executor://TUnitExtension/1.44.0.0" className="Antiphon.Tests.Application.AgentTaskRefineTests" name="a_settled_task_cannot_be_refined" />
    </UnitTest>
    <UnitTest name="a_settled_task_cannot_be_refined(Failed)" storage="/work/worktrees/task-4c1697dc/tests/antiphon.tests/bin-c965-qualified/antiphon.tests.dll" id="fbc3d35c-9850-885b-6f8c-aebf650d06f7">
      <TestCategory>
        <TestCategoryItem TestCategory="Integration" />
      </TestCategory>
      <Execution id="e339c518-cbe7-45e4-a725-fbec08905455" />
      <Properties>
        <Property>
          <Key>Integration</Key>
          <Value></Value>
        </Property>
      </Properties>
      <TestMethod codeBase="/work/worktrees/task-4c1697dc/tests/Antiphon.Tests/bin-c965-qualified/Antiphon.Tests.dll" adapterTypeName="executor://TUnitExtension/1.44.0.0" className="Antiphon.Tests.Application.AgentTaskRefineTests" name="a_settled_task_cannot_be_refined" />
    </UnitTest>
    <UnitTest name="a_settled_task_cannot_be_refined(Canceled)" storage="/work/worktrees/task-4c1697dc/tests/antiphon.tests/bin-c965-qualified/antiphon.tests.dll" id="21c8ea38-a938-35da-7018-9a0671926ab3">
      <TestCategory>
        <TestCategoryItem TestCategory="Integration" />
      </TestCategory>
      <Execution id="46ad5314-8a74-4c0d-b0c1-003c66e2fe59" />
      <Properties>
        <Property>
          <Key>Integration</Key>
          <Value></Value>
        </Property>
      </Properties>
      <TestMethod codeBase="/work/worktrees/task-4c1697dc/tests/Antiphon.Tests/bin-c965-qualified/Antiphon.Tests.dll" adapterTypeName="executor://TUnitExtension/1.44.0.0" className="Antiphon.Tests.Application.AgentTaskRefineTests" name="a_settled_task_cannot_be_refined" />
    </UnitTest>
    <UnitTest name="a_blocked_task_is_redirected_to_the_reply_verb" storage="/work/worktrees/task-4c1697dc/tests/antiphon.tests/bin-c965-qualified/antiphon.tests.dll" id="fc8c955a-fa47-722a-9df0-67f73da0c268">
      <TestCategory>
        <TestCategoryItem TestCategory="Integration" />
      </TestCategory>
      <Execution id="f50ab3e5-b9b1-4300-9663-2c601804e8c9" />
      <Properties>
        <Property>
          <Key>Integration</Key>
          <Value></Value>
        </Property>
      </Properties>
      <TestMethod codeBase="/work/worktrees/task-4c1697dc/tests/Antiphon.Tests/bin-c965-qualified/Antiphon.Tests.dll" adapterTypeName="executor://TUnitExtension/1.44.0.0" className="Antiphon.Tests.Application.AgentTaskRefineTests" name="a_blocked_task_is_redirected_to_the_reply_verb" />
    </UnitTest>
  </TestDefinitions>
  <TestEntries>
    <TestEntry testId="524b95d4-fdc2-38be-458b-8d7840da6e6a" executionId="dd49236f-20fc-4c01-9d25-2c4c9a5e8992" testListId="8C84FA94-04C1-424b-9868-57A2D4851A1D" />
    <TestEntry testId="79d87c3b-5e94-b0b1-b9ad-a5dc3bd334fc" executionId="a7f09020-0c8d-4f08-8307-0425d95b5557" testListId="8C84FA94-04C1-424b-9868-57A2D4851A1D" />
    <TestEntry testId="1cb40e34-ff4f-2188-86e2-e2f903576083" executionId="8239be40-42a6-4899-b883-65efe88f2b2e" testListId="8C84FA94-04C1-424b-9868-57A2D4851A1D" />
    <TestEntry testId="42cfb1f7-a4e4-2a16-7170-836c83c93bfb" executionId="9cfc76d7-5f0b-4ae3-ba1d-2f762ba07392" testListId="8C84FA94-04C1-424b-9868-57A2D4851A1D" />
    <TestEntry testId="f24a6c15-4232-1894-48f2-9dd328aee02f" executionId="0e79b7b5-fa7b-43d5-a740-6ca9d24b7110" testListId="8C84FA94-04C1-424b-9868-57A2D4851A1D" />
    <TestEntry testId="696dd5f2-4ec4-853f-7bcc-3e05a0bde285" executionId="13329f3a-8dd5-43cf-ab97-5ddba50982b7" testListId="8C84FA94-04C1-424b-9868-57A2D4851A1D" />
    <TestEntry testId="da899a4a-9657-5ac9-1a1a-cc07710d23e6" executionId="22ad812b-f3b6-482c-b022-1e90e5469b62" testListId="8C84FA94-04C1-424b-9868-57A2D4851A1D" />
    <TestEntry testId="9e0959db-31e3-8d41-2adf-00c9ce4c1f00" executionId="35532580-f093-406a-bc67-18c3f88ebde9" testListId="8C84FA94-04C1-424b-9868-57A2D4851A1D" />
    <TestEntry testId="06cb3a0f-3592-4ab0-64bd-034d86cedbcd" executionId="4cde73a0-0817-4b20-adbf-970a5ab27b69" testListId="8C84FA94-04C1-424b-9868-57A2D4851A1D" />
    <TestEntry testId="0470cc94-011e-cce7-3c05-bc890419e010" executionId="92feefd5-0758-4eb8-bb66-1998489daa84" testListId="8C84FA94-04C1-424b-9868-57A2D4851A1D" />
    <TestEntry testId="0eb098dd-a629-37d1-0a31-cdf6c66aa3d5" executionId="b9b4db15-53de-4c1c-a984-3f176c5c518c" testListId="8C84FA94-04C1-424b-9868-57A2D4851A1D" />
    <TestEntry testId="65b0152a-6425-0b51-6063-c75aeefb7f69" executionId="2f1f2df3-6314-457d-b63a-a892002b62c9" testListId="8C84FA94-04C1-424b-9868-57A2D4851A1D" />
    <TestEntry testId="a79cb18e-e49c-526c-b30b-218dbb5483bb" executionId="520d7746-dbaf-4628-a5c1-8cdb0886ea33" testListId="8C84FA94-04C1-424b-9868-57A2D4851A1D" />
    <TestEntry testId="c090c9e6-c48a-c176-d9be-c4d66fdf06a3" executionId="65118a39-467f-4000-a656-b8dd85c139fe" testListId="8C84FA94-04C1-424b-9868-57A2D4851A1D" />
    <TestEntry testId="ea59a089-b798-2983-1bd6-3858423ed7b0" executionId="22dd673e-32b3-4a0d-81cd-3667eb74c464" testListId="8C84FA94-04C1-424b-9868-57A2D4851A1D" />
    <TestEntry testId="298a1ba8-7cbe-bb73-706e-3280c3007c69" executionId="3df3e703-6edd-48be-b9d7-0c339a842c65" testListId="8C84FA94-04C1-424b-9868-57A2D4851A1D" />
    <TestEntry testId="b3eb5e82-4f42-1401-efd9-2f978a2ecc41" executionId="13e4cbde-71b8-406d-85d0-f11b559ea287" testListId="8C84FA94-04C1-424b-9868-57A2D4851A1D" />
    <TestEntry testId="020b3ef3-b2e9-d197-2be6-73d5428b0658" executionId="bea1ce23-cea1-4757-8c39-2c2e88d1ec19" testListId="8C84FA94-04C1-424b-9868-57A2D4851A1D" />
    <TestEntry testId="84b9dcf7-bb48-169e-e457-a35104fa6ad7" executionId="23d4e2f6-617d-4d27-bf67-8573e70eef0f" testListId="8C84FA94-04C1-424b-9868-57A2D4851A1D" />
    <TestEntry testId="1f055b22-c6a9-f690-1951-67da040f796d" executionId="e784a612-4514-4327-90dd-32c8c13102cc" testListId="8C84FA94-04C1-424b-9868-57A2D4851A1D" />
    <TestEntry testId="b185d31c-1d98-2fa9-bbcb-d2b057ba9159" executionId="66487fec-6ace-4bfd-8e58-c9f4095b8e29" testListId="8C84FA94-04C1-424b-9868-57A2D4851A1D" />
    <TestEntry testId="15494f37-5eeb-932f-65a1-6a699b8507bf" executionId="88227877-0b67-4306-9d50-04222eadad06" testListId="8C84FA94-04C1-424b-9868-57A2D4851A1D" />
    <TestEntry testId="ab438f84-5854-cc9e-b14e-3fe67aecbc16" executionId="2a641c45-2b41-45d3-a033-752a490891b0" testListId="8C84FA94-04C1-424b-9868-57A2D4851A1D" />
    <TestEntry testId="759aa585-cc80-bca3-c86a-ce2bea510f5d" executionId="96016524-306d-4db1-a9da-d569191d4273" testListId="8C84FA94-04C1-424b-9868-57A2D4851A1D" />
    <TestEntry testId="15464853-1444-34dc-0e91-8137eaa422b1" executionId="d7fe644f-9a18-4e3f-8c2c-d0d6829dbb15" testListId="8C84FA94-04C1-424b-9868-57A2D4851A1D" />
    <TestEntry testId="85090f0a-741d-99cc-642f-ad02e44edad9" executionId="83f6ef72-2b06-42c8-b71e-9ddef2370a10" testListId="8C84FA94-04C1-424b-9868-57A2D4851A1D" />
    <TestEntry testId="8c368dd6-930b-9f94-0cdd-7bbf80574201" executionId="b7adcb31-c696-4038-ba90-f0c4cb56a6b9" testListId="8C84FA94-04C1-424b-9868-57A2D4851A1D" />
    <TestEntry testId="80bea738-d499-1dc6-21cc-f6b040cb1759" executionId="6cd2cee3-4b54-44b5-88fb-e4e03741f876" testListId="8C84FA94-04C1-424b-9868-57A2D4851A1D" />
    <TestEntry testId="fbc3d35c-9850-885b-6f8c-aebf650d06f7" executionId="e339c518-cbe7-45e4-a725-fbec08905455" testListId="8C84FA94-04C1-424b-9868-57A2D4851A1D" />
    <TestEntry testId="21c8ea38-a938-35da-7018-9a0671926ab3" executionId="46ad5314-8a74-4c0d-b0c1-003c66e2fe59" testListId="8C84FA94-04C1-424b-9868-57A2D4851A1D" />
    <TestEntry testId="fc8c955a-fa47-722a-9df0-67f73da0c268" executionId="f50ab3e5-b9b1-4300-9663-2c601804e8c9" testListId="8C84FA94-04C1-424b-9868-57A2D4851A1D" />
  </TestEntries>
  <TestLists>
    <TestList name="Results Not in a List" id="8C84FA94-04C1-424b-9868-57A2D4851A1D" />
    <TestList name="All Loaded Results" id="19431567-8539-422a-85d7-44ee4e166bda" />
  </TestLists>
  <ResultSummary outcome="Completed">
    <Counters total="31" executed="31" passed="31" failed="0" error="0" timeout="0" aborted="0" inconclusive="0" passedButRunAborted="0" notRunnable="0" notExecuted="0" disconnected="0" warning="0" completed="0" inProgress="0" pending="0" />
    <CollectorDataEntries>
      <Collector agentName="5d9e09695ab3" uri="datacollector://TUnitExtensionHtmlReporter/1.44.0.0" collectorDisplayName="TUnit">
        <UriAttachments>
          <UriAttachment>
            <A href="5d9e09695ab3/Antiphon.Tests-linux-net9.0-report.html" />
          </UriAttachment>
        </UriAttachments>
      </Collector>
    </CollectorDataEntries>
  </ResultSummary>
</TestRun>