REMOVED /work/worktrees/task-535715ec/tools/Antiphon.Checkpoints/bin-c1005-tool
REMOVED /work/worktrees/task-535715ec/.antiphon/c1005-filter-probe/bin-probe
REMOVED /work/worktrees/task-535715ec/.antiphon/c1005-filter-probe/obj
REMOVED /work/worktrees/task-535715ec/.antiphon/c1005-diagnostic-tools
REMOVED /work/worktrees/task-535715ec/.antiphon/c1005-jq/jq
REMOVED /work/worktrees/task-535715ec/.antiphon/c1005-current-master/src/Antiphon.PtyHost.Protocol/bin-c1005-master-discovery
REMOVED /work/worktrees/task-535715ec/.antiphon/c1005-current-master/src/Antiphon.FakeGrok/bin-c1005-master-discovery
REMOVED /work/worktrees/task-535715ec/.antiphon/c1005-current-master/src/Antiphon.Messaging.Client/bin-c1005-master-discovery
REMOVED /work/worktrees/task-535715ec/.antiphon/c1005-current-master/src/Antiphon.HostCleanup/bin-c1005-master-discovery
REMOVED /work/worktrees/task-535715ec/.antiphon/c1005-current-master/src/Antiphon.Agents.Pty/bin-c1005-master-discovery
REMOVED /work/worktrees/task-535715ec/.antiphon/c1005-current-master/src/Antiphon.PtyHost/bin-c1005-master-discovery
REMOVED /work/worktrees/task-535715ec/.antiphon/c1005-current-master/src/Antiphon.NightlyWatchdog/bin-c1005-master-discovery
REMOVED /work/worktrees/task-535715ec/.antiphon/c1005-current-master/src/Antiphon.Messaging.Client.Testing/bin-c1005-master-discovery
REMOVED /work/worktrees/task-535715ec/.antiphon/c1005-current-master/src/Antiphon.Resilience/bin-c1005-master-discovery
REMOVED /work/worktrees/task-535715ec/.antiphon/c1005-current-master/src/Antiphon.FakeClaude/bin-c1005-master-discovery
REMOVED /work/worktrees/task-535715ec/.antiphon/c1005-current-master/src/Antiphon.Messaging.Gateway/bin-c1005-master-discovery
REMOVED /work/worktrees/task-535715ec/.antiphon/c1005-current-master/src/Antiphon.Messaging/bin-c1005-master-discovery
REMOVED /work/worktrees/task-535715ec/.antiphon/c1005-current-master/src/Antiphon.Messaging.Slack/bin-c1005-master-discovery
REMOVED /work/worktrees/task-535715ec/.antiphon/c1005-current-master/src/Antiphon.SessionRunner/bin-c1005-master-discovery
REMOVED /work/worktrees/task-535715ec/.antiphon/c1005-current-master/src/Antiphon.PtyHost.Client/bin-c1005-master-discovery
REMOVED /work/worktrees/task-535715ec/.antiphon/c1005-current-master/src/Antiphon.SessionRunner.Contracts/bin-c1005-master-discovery
REMOVED /work/worktrees/task-535715ec/.antiphon/c1005-current-master/src/Antiphon.FakeLlmApi/bin-c1005-master-discovery
REMOVED /work/worktrees/task-535715ec/.antiphon/c1005-current-master/tools/Antiphon.Checkpoints/bin-c1005-master-discovery
REMOVED /work/worktrees/task-535715ec/.antiphon/c1005-current-master/server/bin-c1005-master-discovery
REMOVED /work/worktrees/task-535715ec/.antiphon/c1005-current-master/tests/Antiphon.DockerStack.Fixture/bin-c1005-master-discovery
REMOVED /work/worktrees/task-535715ec/.antiphon/c1005-current-master/tests/Antiphon.Tests/bin-c1005-master-discovery
REMOVED /work/worktrees/task-535715ec/.antiphon/c1005-current-master/tests/Antiphon.ChannelOutbound.Probe/bin-c1005-master-discovery
REMOVED /work/worktrees/task-535715ec/.antiphon/c1005-current-master/tests/Antiphon.CustodyTestChild/bin-c1005-master-discovery
REMOVED /work/worktrees/task-535715ec/.antiphon/c1005-current-master/tests/Antiphon.Checkpoints.LifecycleHost/bin-c1005-master-discovery
REMOVED /work/worktrees/task-535715ec/.antiphon/c1005-current-master/tests/Antiphon.Checkpoints.FilterHost/bin-c1005-master-discovery
REMOVED /work/worktrees/task-535715ec/.antiphon/c1005-current-master/tests/Antiphon.Checkpoints.RepeatHost/bin-c1005-master-discovery
