deleted /work/worktrees/task-535715ec/src/Antiphon.PtyHost.Protocol/bin-c1005-unit
deleted /work/worktrees/task-535715ec/src/Antiphon.FakeGrok/bin-c1005-unit
deleted /work/worktrees/task-535715ec/src/Antiphon.Messaging.Client/bin-c1005-unit
deleted /work/worktrees/task-535715ec/src/Antiphon.HostCleanup/bin-c1005-unit
deleted /work/worktrees/task-535715ec/src/Antiphon.Agents.Pty/bin-c1005-unit
deleted /work/worktrees/task-535715ec/src/Antiphon.PtyHost/bin-c1005-unit
deleted /work/worktrees/task-535715ec/src/Antiphon.NightlyWatchdog/bin-c1005-unit
deleted /work/worktrees/task-535715ec/src/Antiphon.Messaging.Client.Testing/bin-c1005-unit
deleted /work/worktrees/task-535715ec/src/Antiphon.Resilience/bin-c1005-unit
deleted /work/worktrees/task-535715ec/src/Antiphon.FakeClaude/bin-c1005-unit
deleted /work/worktrees/task-535715ec/src/Antiphon.Messaging.Gateway/bin-c1005-unit
deleted /work/worktrees/task-535715ec/src/Antiphon.Messaging/bin-c1005-unit
deleted /work/worktrees/task-535715ec/src/Antiphon.Messaging.Slack/bin-c1005-unit
deleted /work/worktrees/task-535715ec/src/Antiphon.SessionRunner/bin-c1005-unit
deleted /work/worktrees/task-535715ec/src/Antiphon.PtyHost.Client/bin-c1005-unit
deleted /work/worktrees/task-535715ec/src/Antiphon.SessionRunner.Contracts/bin-c1005-unit
deleted /work/worktrees/task-535715ec/src/Antiphon.FakeLlmApi/bin-c1005-unit
deleted /work/worktrees/task-535715ec/tools/Antiphon.Checkpoints/bin-c1005-unit
deleted /work/worktrees/task-535715ec/server/bin-c1005-unit
deleted /work/worktrees/task-535715ec/tests/Antiphon.DockerStack.Fixture/bin-c1005-unit
deleted /work/worktrees/task-535715ec/tests/Antiphon.Tests/bin-c1005-unit
deleted /work/worktrees/task-535715ec/tests/Antiphon.ChannelOutbound.Probe/bin-c1005-unit
deleted /work/worktrees/task-535715ec/tests/Antiphon.CustodyTestChild/bin-c1005-unit
deleted /work/worktrees/task-535715ec/tests/Antiphon.Checkpoints.LifecycleHost/bin-c1005-unit
deleted /work/worktrees/task-535715ec/tests/Antiphon.Checkpoints.FilterHost/bin-c1005-unit
deleted /work/worktrees/task-535715ec/tests/Antiphon.Checkpoints.RepeatHost/bin-c1005-unit
