
total               : 86
executed            : 86
passed              : 86
failed              : 0
error               : 0
timeout             : 0
aborted             : 0
inconclusive        : 0
passedButRunAborted : 0
notRunnable         : 0
notExecuted         : 0
disconnected        : 0
warning             : 0
completed           : 0
inProgress          : 0
pending             : 0


Count Name
----- ----
   20 Antiphon.Tests.Checkpoints.CheckpointImportTests
    6 Antiphon.Tests.Checkpoints.CheckpointManifestTests
    1 Antiphon.Tests.Checkpoints.CheckpointNamespaceCensusUsageTests
    5 Antiphon.Tests.Checkpoints.PlanCoverageAssertionTests
   12 Antiphon.Tests.Checkpoints.PlanCoverageCensusTests
   10 Antiphon.Tests.Checkpoints.PlanCoverageCommandTests
    4 Antiphon.Tests.Checkpoints.PlanCoverageGoldenTests
   16 Antiphon.Tests.Checkpoints.PlanCoverageHandleTests
    8 Antiphon.Tests.Checkpoints.PlanCoverageParserTests
    4 Antiphon.Tests.Checkpoints.PlanCoveragePcTests


name
----
checklist_flag_accepts_true_false_and_absence
checklist_flag_rejects_invalid_or_conflicting_input
census_matches_exact_checklist_roster
census_rejects_unselected_or_non_test_roster_methods
census_compares_resolved_identities_not_counts
census_tracks_filter_class_namespace_and_project
census_excludes_helpers_and_counts_parameterized_method_once
census_reports_unmapped_selection_without_dynamic_discovery
census_public_cli_is_deterministic_and_read_only
opt_out_preserves_legacy_reports_and_declared_counts
census_unions_overlapping_filters_and_partial_declarations
census_reports_new_or_omitted_selected_method

