JQ Antiphon.Tests.Scripts.RemoteScriptContractTests.C912_Cold_cache_probe_requires_uid_writes_cleanup_and_bounded_exit first=1 finalPassed=1
JQ Antiphon.Tests.Scripts.RemoteScriptContractTests.C912_Cold_marker_has_distinct_validation_and_full_context_refusal first=1 finalPassed=1
JQ Antiphon.Tests.Scripts.RemoteScriptContractTests.C912_Cold_seed_refuses_when_created_volume_disappears_before_init first=1 finalPassed=1
JQ Antiphon.Tests.Scripts.RemoteScriptContractTests.C912_Cold_seed_with_unrelated_bind_initializes_only_three_labelled_roots first=1 finalPassed=1
JQ Antiphon.Tests.Scripts.RemoteScriptContractTests.C912_Cold_volumes_seed_accepts_busy_main_without_packages first=1 finalPassed=1
JQ Antiphon.Tests.Scripts.RemoteScriptContractTests.C912_Cold_volumes_seed_rechecks_initialization_and_probe_boundaries first=1 finalPassed=1
JQ Antiphon.Tests.Scripts.RemoteScriptContractTests.C912_Cold_volumes_seed_refuses_unknown_mounted_or_populated_targets first=1 finalPassed=1
JQ Antiphon.Tests.Scripts.RemoteScriptContractTests.C973_Cold_helper_readers_resolve_current_main_after_seed_image_prune first=5 finalPassed=5
JQ Antiphon.Tests.Scripts.RemoteScriptContractTests.C973_Cold_marker_readers_accept_pruned_seed_image_and_refuse_invalid_markers first=6 finalPassed=6
JQ Antiphon.Tests.Scripts.RemoteScriptContractTests.C973_Prune_and_saved_donor_still_require_full_after_seed_image_prune first=1 finalPassed=1
OS Antiphon.Tests.Agents.AgentRegistrySettingsTests.The_shipped_codex_definition_resolves_to_a_real_executable_on_this_machine final=1 baseline=1
OS Antiphon.Tests.Application.AgentExecutableResolverTests.Resolves_sibling_flavor_when_configured_one_is_gone final=1 baseline=1
OS Antiphon.Tests.Application.AgentPinPathTests.V01_canonical_cwd_uses_windows_separators_and_drops_trailing_slash final=1 baseline=1
OS Antiphon.Tests.Application.ClaudeRemoteControlLaunchArgsTests.Off_settings_path_round_trips_through_LaunchArgvGuard final=1 baseline=1
OS Antiphon.Tests.Application.DelegationReportFormatterTests.reported_repository_paths_normalize_relative_and_absolute_windows_forms final=1 baseline=1
OS Antiphon.Tests.Application.DirectoryBrowseServiceTests.caches_within_ttl_and_refreshes_after final=1 baseline=1
OS Antiphon.Tests.Application.DirectoryBrowseServiceTests.existing_path_reports_exists_true final=1 baseline=1
OS Antiphon.Tests.Application.DirectoryBrowseServiceTests.partial_leaf_matches_substring_within_child_name final=1 baseline=1
OS Antiphon.Tests.Application.DirectoryBrowseServiceTests.prefix_returns_matching_child_directories final=1 baseline=1
OS Antiphon.Tests.Application.DirectoryBrowseServiceTests.trailing_slash_lists_children_of_that_directory final=1 baseline=1
OS Antiphon.Tests.Application.GrokRulesTransportCompatibilityTests.Unsafe_raw_rules_are_refused_server_side_before_runner_calls final=12 baseline=12
OS Antiphon.Tests.Application.PtyDeliveryCeilingsTests.A_runner_on_the_inbox_conhost_downgrades_a_modern_server final=1 baseline=1
OS Antiphon.Tests.Application.PtyDeliveryCeilingsTests.A_runner_on_the_modern_backend_confirms_the_raised_ceilings final=1 baseline=1
OS Antiphon.Tests.Application.PtyDeliveryCeilingsTests.A_silent_runner_leaves_this_processes_own_decision_standing final=1 baseline=1
OS Antiphon.Tests.Application.SessionDeliveryProfileTests.Phone_home_Claude_keeps_the_inbox_ceiling_for_its_own_kind final=1 baseline=1
OS Antiphon.Tests.Application.SessionDeliveryProfileTests.Phone_home_Grok_never_uses_local_modern_evidence final=1 baseline=1
JQ_RESTORED cases=19; INHERITED_WINDOWS cases=27 methods=16
