BUILD SLOT granted lease=297d7773-b09a-4586-b11a-27e88de1855e waited=0s maxcpucount=6

████████╗██╗   ██╗███╗   ██╗██╗████████╗
╚══██╔══╝██║   ██║████╗  ██║██║╚══██╔══╝
   ██║   ██║   ██║██╔██╗ ██║██║   ██║
   ██║   ██║   ██║██║╚██╗██║██║   ██║
   ██║   ╚██████╔╝██║ ╚████║██║   ██║
   ╚═╝    ╚═════╝ ╚═╝  ╚═══╝╚═╝   ╚═╝

   TUnit v1.44.0.0 | 64-bit | Debian GNU/Linux 12 (bookworm) | linux-x64 | .NET 9.0.20 | Microsoft Testing Platform v2.2.2

   Engine Mode: SourceGenerated

Unhandled exception. System.InvalidOperationException: Operation is not valid due to the current state of the object.
   at Microsoft.Testing.Platform.Requests.TreeNodeFilter.ParseFilter(String filter) in /_/src/Platform/Microsoft.Testing.Platform/Requests/TreeNodeFilter/TreeNodeFilter.cs:line 204
   at Microsoft.Testing.Platform.Requests.TreeNodeFilter..ctor(String filter) in /_/src/Platform/Microsoft.Testing.Platform/Requests/TreeNodeFilter/TreeNodeFilter.cs:line 28
   at Microsoft.Testing.Platform.Requests.ConsoleTestExecutionFilterFactory.TryCreateAsync() in /_/src/Platform/Microsoft.Testing.Platform/Requests/ConsoleTestExecutionFilterFactory.cs:line 32
   at Microsoft.Testing.Platform.Requests.ConsoleTestExecutionRequestFactory.CreateRequestAsync(TestSessionContext session) in /_/src/Platform/Microsoft.Testing.Platform/Requests/ConsoleTestExecutionRequestFactory.cs:line 18
   at Microsoft.Testing.Platform.Requests.TestHostTestFrameworkInvoker.ExecuteAsync(ITestFramework testFramework, ClientInfo client, CancellationToken cancellationToken) in /_/src/Platform/Microsoft.Testing.Platform/Requests/TestHostTestFrameworkInvoker.cs:line 65
   at Microsoft.Testing.Platform.Hosts.CommonHost.ExecuteRequestAsync(ProxyOutputDevice outputDevice, ITestSessionContext testSessionInfo, ServiceProvider serviceProvider, BaseMessageBus baseMessageBus, ITestFramework testFramework, ClientInfo client) in /_/src/Platform/Microsoft.Testing.Platform/Hosts/CommonTestHost.cs:line 166
   at Microsoft.Testing.Platform.Hosts.ConsoleTestHost.InternalRunAsync(CancellationToken cancellationToken) in /_/src/Platform/Microsoft.Testing.Platform/Hosts/ConsoleTestHost.cs:line 85
   at Microsoft.Testing.Platform.Hosts.ConsoleTestHost.InternalRunAsync(CancellationToken cancellationToken) in /_/src/Platform/Microsoft.Testing.Platform/Hosts/ConsoleTestHost.cs:line 117
   at Microsoft.Testing.Platform.Hosts.CommonHost.RunTestAppAsync(IPlatformOpenTelemetryService platformOTelService, CancellationToken testApplicationCancellationToken) in /_/src/Platform/Microsoft.Testing.Platform/Hosts/CommonTestHost.cs:line 130
   at Microsoft.Testing.Platform.Hosts.CommonHost.RunAsync() in /_/src/Platform/Microsoft.Testing.Platform/Hosts/CommonTestHost.cs:line 44
   at Microsoft.Testing.Platform.Hosts.CommonHost.RunAsync() in /_/src/Platform/Microsoft.Testing.Platform/Hosts/CommonTestHost.cs:line 83
   at Microsoft.Testing.Platform.Builder.TestApplication.RunAsync() in /_/src/Platform/Microsoft.Testing.Platform/Builder/TestApplication.cs:line 223
   at Antiphon.Tests.MicrosoftTestingPlatformEntryPoint.Main(String[] args) in /work/worktrees/task-b288ec96/.antiphon/c1005-baseline/tests/Antiphon.Tests/obj/Debug/net9.0/MicrosoftTestingPlatformEntryPoint.cs:line 18
   at Antiphon.Tests.MicrosoftTestingPlatformEntryPoint.<Main>(String[] args)
BUILD SLOT released lease=297d7773-b09a-4586-b11a-27e88de1855e held=3s
