BUILD SLOT granted lease=88ecec5e-6cf9-4942-94a6-f56bb29d2dc6 waited=0s maxcpucount=6

  Determining projects to restore...
  Restored /work/worktrees/task-b288ec96/src/Antiphon.PtyHost.Client/Antiphon.PtyHost.Client.csproj (in 521 ms).
  Restored /work/worktrees/task-b288ec96/tests/Antiphon.CustodyTestChild/Antiphon.CustodyTestChild.csproj (in 468 ms).
  Restored /work/worktrees/task-b288ec96/src/Antiphon.FakeLlmApi/Antiphon.FakeLlmApi.csproj (in 468 ms).
  Restored /work/worktrees/task-b288ec96/src/Antiphon.FakeClaude/Antiphon.FakeClaude.csproj (in 468 ms).
  Restored /work/worktrees/task-b288ec96/src/Antiphon.FakeGrok/Antiphon.FakeGrok.csproj (in 468 ms).
  Restored /work/worktrees/task-b288ec96/src/Antiphon.SessionRunner.Contracts/Antiphon.SessionRunner.Contracts.csproj (in 468 ms).
  Restored /work/worktrees/task-b288ec96/src/Antiphon.HostCleanup/Antiphon.HostCleanup.csproj (in 468 ms).
  Restored /work/worktrees/task-b288ec96/src/Antiphon.PtyHost.Protocol/Antiphon.PtyHost.Protocol.csproj (in 536 ms).
  Restored /work/worktrees/task-b288ec96/src/Antiphon.Messaging/Antiphon.Messaging.csproj (in 1.12 sec).
  Restored /work/worktrees/task-b288ec96/src/Antiphon.Messaging.Client.Testing/Antiphon.Messaging.Client.Testing.csproj (in 1.72 sec).
  Restored /work/worktrees/task-b288ec96/src/Antiphon.Messaging.Slack/Antiphon.Messaging.Slack.csproj (in 1.72 sec).
  Restored /work/worktrees/task-b288ec96/src/Antiphon.NightlyWatchdog/Antiphon.NightlyWatchdog.csproj (in 1.72 sec).
  Restored /work/worktrees/task-b288ec96/src/Antiphon.Agents.Pty/Antiphon.Agents.Pty.csproj (in 1.72 sec).
  Restored /work/worktrees/task-b288ec96/src/Antiphon.Messaging.Gateway/Antiphon.Messaging.Gateway.csproj (in 1.71 sec).
  Restored /work/worktrees/task-b288ec96/src/Antiphon.PtyHost/Antiphon.PtyHost.csproj (in 1.72 sec).
  Restored /work/worktrees/task-b288ec96/src/Antiphon.Messaging.Client/Antiphon.Messaging.Client.csproj (in 1.72 sec).
  Restored /work/worktrees/task-b288ec96/src/Antiphon.Resilience/Antiphon.Resilience.csproj (in 1.77 sec).
  Restored /work/worktrees/task-b288ec96/src/Antiphon.SessionRunner/Antiphon.SessionRunner.csproj (in 1.77 sec).
  Restored /work/worktrees/task-b288ec96/tests/Antiphon.Checkpoints.FilterHost/Antiphon.Checkpoints.FilterHost.csproj (in 1.8 sec).
  Restored /work/worktrees/task-b288ec96/tests/Antiphon.Checkpoints.RepeatHost/Antiphon.Checkpoints.RepeatHost.csproj (in 1.8 sec).
  Restored /work/worktrees/task-b288ec96/tests/Antiphon.Checkpoints.LifecycleHost/Antiphon.Checkpoints.LifecycleHost.csproj (in 1.8 sec).
  Restored /work/worktrees/task-b288ec96/tests/Antiphon.ChannelOutbound.Probe/Antiphon.ChannelOutbound.Probe.csproj (in 1.85 sec).
  Restored /work/worktrees/task-b288ec96/tests/Antiphon.DockerStack.Fixture/Antiphon.DockerStack.Fixture.csproj (in 1.85 sec).
  Restored /work/worktrees/task-b288ec96/server/Antiphon.Server.csproj (in 1.85 sec).
  Restored /work/worktrees/task-b288ec96/tests/Antiphon.Tests/Antiphon.Tests.csproj (in 1.49 sec).
  1 of 26 projects are up-to-date for restore.
  Antiphon.SessionRunner.Contracts -> /work/worktrees/task-b288ec96/src/Antiphon.SessionRunner.Contracts/bin-c1005-red/Antiphon.SessionRunner.Contracts.dll
  Antiphon.HostCleanup -> /work/worktrees/task-b288ec96/src/Antiphon.HostCleanup/bin-c1005-red/Antiphon.HostCleanup.dll
  Antiphon.FakeLlmApi -> /work/worktrees/task-b288ec96/src/Antiphon.FakeLlmApi/bin-c1005-red/Antiphon.FakeLlmApi.dll
  Antiphon.Resilience -> /work/worktrees/task-b288ec96/src/Antiphon.Resilience/bin-c1005-red/Antiphon.Resilience.dll
  Antiphon.Agents.Pty -> /work/worktrees/task-b288ec96/src/Antiphon.Agents.Pty/bin-c1005-red/Antiphon.Agents.Pty.dll
  Antiphon.Messaging -> /work/worktrees/task-b288ec96/src/Antiphon.Messaging/bin-c1005-red/Antiphon.Messaging.dll
  Antiphon.NightlyWatchdog -> /work/worktrees/task-b288ec96/src/Antiphon.NightlyWatchdog/bin-c1005-red/Antiphon.NightlyWatchdog.dll
  Antiphon.PtyHost.Protocol -> /work/worktrees/task-b288ec96/src/Antiphon.PtyHost.Protocol/bin-c1005-red/Antiphon.PtyHost.Protocol.dll
/work/worktrees/task-b288ec96/tools/Antiphon.Checkpoints/Execution/TaskOwnerGuard.cs(170,17): warning CS8602: Dereference of a possibly null reference. [/work/worktrees/task-b288ec96/tools/Antiphon.Checkpoints/Antiphon.Checkpoints.csproj]
  Antiphon.Checkpoints -> /work/worktrees/task-b288ec96/tools/Antiphon.Checkpoints/bin-c1005-red/Antiphon.Checkpoints.dll
  Antiphon.Messaging.Gateway -> /work/worktrees/task-b288ec96/src/Antiphon.Messaging.Gateway/bin-c1005-red/Antiphon.Messaging.Gateway.dll
  Antiphon.Messaging.Client -> /work/worktrees/task-b288ec96/src/Antiphon.Messaging.Client/bin-c1005-red/Antiphon.Messaging.Client.dll
  Antiphon.PtyHost.Client -> /work/worktrees/task-b288ec96/src/Antiphon.PtyHost.Client/bin-c1005-red/Antiphon.PtyHost.Client.dll
  Antiphon.Messaging.Slack -> /work/worktrees/task-b288ec96/src/Antiphon.Messaging.Slack/bin-c1005-red/Antiphon.Messaging.Slack.dll
  Antiphon.PtyHost -> /work/worktrees/task-b288ec96/src/Antiphon.PtyHost/bin-c1005-red/Antiphon.PtyHost.dll
  Antiphon.Messaging.Client.Testing -> /work/worktrees/task-b288ec96/src/Antiphon.Messaging.Client.Testing/bin-c1005-red/Antiphon.Messaging.Client.Testing.dll
/work/worktrees/task-b288ec96/src/Antiphon.SessionRunner/RunnerWorkspaceService.cs(314,84): warning CS8604: Possible null reference argument for parameter 'args' in 'Task<(int ExitCode, string Stdout, string Stderr)> RunnerWorkspaceService.GitAsync(string workingDirectory, CancellationToken ct, params string[] args)'. [/work/worktrees/task-b288ec96/src/Antiphon.SessionRunner/Antiphon.SessionRunner.csproj]
  Antiphon.SessionRunner -> /work/worktrees/task-b288ec96/src/Antiphon.SessionRunner/bin-c1005-red/Antiphon.SessionRunner.dll
/work/worktrees/task-b288ec96/server/Application/Services/SessionStateStore.cs(284,42): warning CS9124: Parameter 'SessionStateStore.Entry entry' is captured into the state of the enclosing type and its value is also used to initialize a field, property, or event. [/work/worktrees/task-b288ec96/server/Antiphon.Server.csproj]
/work/worktrees/task-b288ec96/server/Application/Services/RemoteWorkspaceService.cs(380,32): warning CS8602: Dereference of a possibly null reference. [/work/worktrees/task-b288ec96/server/Antiphon.Server.csproj]
/work/worktrees/task-b288ec96/server/Application/Services/RemoteWorkspaceService.cs(385,68): warning CS8601: Possible null reference assignment. [/work/worktrees/task-b288ec96/server/Antiphon.Server.csproj]
/work/worktrees/task-b288ec96/server/Application/Services/RemoteWorkspaceService.cs(391,34): warning CS8602: Dereference of a possibly null reference. [/work/worktrees/task-b288ec96/server/Antiphon.Server.csproj]
/work/worktrees/task-b288ec96/server/Application/Services/RemoteWorkspaceService.cs(391,72): warning CS8604: Possible null reference argument for parameter 'descendantSha' in 'Task<bool?> ITaskProgressGit.IsAncestorAsync(string repository, string ancestorSha, string descendantSha, CancellationToken ct)'. [/work/worktrees/task-b288ec96/server/Antiphon.Server.csproj]
/work/worktrees/task-b288ec96/server/Application/Services/RemoteWorkspaceService.cs(407,32): warning CS8602: Dereference of a possibly null reference. [/work/worktrees/task-b288ec96/server/Antiphon.Server.csproj]
/work/worktrees/task-b288ec96/server/Application/Services/RemoteWorkspaceService.cs(407,70): warning CS8604: Possible null reference argument for parameter 'descendantSha' in 'Task<bool?> ITaskProgressGit.IsAncestorAsync(string repository, string ancestorSha, string descendantSha, CancellationToken ct)'. [/work/worktrees/task-b288ec96/server/Antiphon.Server.csproj]
/work/worktrees/task-b288ec96/server/Application/Services/HostStatsCache.cs(30,19): warning CS8602: Dereference of a possibly null reference. [/work/worktrees/task-b288ec96/server/Antiphon.Server.csproj]
/work/worktrees/task-b288ec96/server/Infrastructure/Git/LocalVerificationWorkspace.cs(17,91): warning CS9113: Parameter 'evidence' is unread. [/work/worktrees/task-b288ec96/server/Antiphon.Server.csproj]
/work/worktrees/task-b288ec96/server/Application/Services/AgentTaskLandSourceResolver.cs(17,28): warning CS9113: Parameter 'gitSettings' is unread. [/work/worktrees/task-b288ec96/server/Antiphon.Server.csproj]
/work/worktrees/task-b288ec96/server/Application/Services/AgentTaskLandService.cs(586,81): warning CS8602: Dereference of a possibly null reference. [/work/worktrees/task-b288ec96/server/Antiphon.Server.csproj]
/work/worktrees/task-b288ec96/server/Application/Services/AgentTaskLandService.cs(585,75): warning CS8604: Possible null reference argument for parameter 'git' in 'AgentTaskLandSourceResolver.AgentTaskLandSourceResolver(AppDbContext db, ILandingGit git, IRepositoryMutationLease leases, TimeProvider clock, IOptions<GitSettings>? gitSettings = null, ILandWorkspace? landWorkspace = null, LandDeliveryBoundary? boundary = null)'. [/work/worktrees/task-b288ec96/server/Antiphon.Server.csproj]
/work/worktrees/task-b288ec96/server/Application/Services/AgentTaskLandService.cs(585,88): warning CS8604: Possible null reference argument for parameter 'leases' in 'AgentTaskLandSourceResolver.AgentTaskLandSourceResolver(AppDbContext db, ILandingGit git, IRepositoryMutationLease leases, TimeProvider clock, IOptions<GitSettings>? gitSettings = null, ILandWorkspace? landWorkspace = null, LandDeliveryBoundary? boundary = null)'. [/work/worktrees/task-b288ec96/server/Antiphon.Server.csproj]
/work/worktrees/task-b288ec96/server/Application/Services/AgentTaskLandService.cs(603,28): warning CS8602: Dereference of a possibly null reference. [/work/worktrees/task-b288ec96/server/Antiphon.Server.csproj]
/work/worktrees/task-b288ec96/server/Application/Services/CapacityRecoveryService.cs(1154,21): warning EF1002: Method 'ExecuteSqlRawAsync' inserts interpolated strings directly into the SQL, without any protection against SQL injection. Consider using 'ExecuteSqlAsync' instead, which protects against SQL injection, or make sure that the value is sanitized and suppress the warning. [/work/worktrees/task-b288ec96/server/Antiphon.Server.csproj]
  Antiphon.Server -> /work/worktrees/task-b288ec96/server/bin-c1005-red/Antiphon.Server.dll
/usr/share/dotnet/sdk/10.0.401/Microsoft.Common.CurrentVersion.targets(2453,5): warning MSB3277: Found conflicts between different versions of "Microsoft.EntityFrameworkCore.Relational" that could not be resolved. [/work/worktrees/task-b288ec96/tests/Antiphon.DockerStack.Fixture/Antiphon.DockerStack.Fixture.csproj]
/usr/share/dotnet/sdk/10.0.401/Microsoft.Common.CurrentVersion.targets(2453,5): warning MSB3277: There was a conflict between "Microsoft.EntityFrameworkCore.Relational, Version=9.0.1.0, Culture=neutral, PublicKeyToken=adb9793829ddae60" and "Microsoft.EntityFrameworkCore.Relational, Version=9.0.20.0, Culture=neutral, PublicKeyToken=adb9793829ddae60". [/work/worktrees/task-b288ec96/tests/Antiphon.DockerStack.Fixture/Antiphon.DockerStack.Fixture.csproj]
/usr/share/dotnet/sdk/10.0.401/Microsoft.Common.CurrentVersion.targets(2453,5): warning MSB3277:     "Microsoft.EntityFrameworkCore.Relational, Version=9.0.1.0, Culture=neutral, PublicKeyToken=adb9793829ddae60" was chosen because it was primary and "Microsoft.EntityFrameworkCore.Relational, Version=9.0.20.0, Culture=neutral, PublicKeyToken=adb9793829ddae60" was not. [/work/worktrees/task-b288ec96/tests/Antiphon.DockerStack.Fixture/Antiphon.DockerStack.Fixture.csproj]
/usr/share/dotnet/sdk/10.0.401/Microsoft.Common.CurrentVersion.targets(2453,5): warning MSB3277:     References which depend on "Microsoft.EntityFrameworkCore.Relational, Version=9.0.1.0, Culture=neutral, PublicKeyToken=adb9793829ddae60" [/home/app/.nuget/packages/microsoft.entityframeworkcore.relational/9.0.1/lib/net8.0/Microsoft.EntityFrameworkCore.Relational.dll]. [/work/worktrees/task-b288ec96/tests/Antiphon.DockerStack.Fixture/Antiphon.DockerStack.Fixture.csproj]
/usr/share/dotnet/sdk/10.0.401/Microsoft.Common.CurrentVersion.targets(2453,5): warning MSB3277:         /home/app/.nuget/packages/microsoft.entityframeworkcore.relational/9.0.1/lib/net8.0/Microsoft.EntityFrameworkCore.Relational.dll [/work/worktrees/task-b288ec96/tests/Antiphon.DockerStack.Fixture/Antiphon.DockerStack.Fixture.csproj]
/usr/share/dotnet/sdk/10.0.401/Microsoft.Common.CurrentVersion.targets(2453,5): warning MSB3277:           Project file item includes which caused reference "/home/app/.nuget/packages/microsoft.entityframeworkcore.relational/9.0.1/lib/net8.0/Microsoft.EntityFrameworkCore.Relational.dll". [/work/worktrees/task-b288ec96/tests/Antiphon.DockerStack.Fixture/Antiphon.DockerStack.Fixture.csproj]
/usr/share/dotnet/sdk/10.0.401/Microsoft.Common.CurrentVersion.targets(2453,5): warning MSB3277:             /home/app/.nuget/packages/microsoft.entityframeworkcore.relational/9.0.1/lib/net8.0/Microsoft.EntityFrameworkCore.Relational.dll [/work/worktrees/task-b288ec96/tests/Antiphon.DockerStack.Fixture/Antiphon.DockerStack.Fixture.csproj]
/usr/share/dotnet/sdk/10.0.401/Microsoft.Common.CurrentVersion.targets(2453,5): warning MSB3277:     References which depend on or have been unified to "Microsoft.EntityFrameworkCore.Relational, Version=9.0.20.0, Culture=neutral, PublicKeyToken=adb9793829ddae60" []. [/work/worktrees/task-b288ec96/tests/Antiphon.DockerStack.Fixture/Antiphon.DockerStack.Fixture.csproj]
/usr/share/dotnet/sdk/10.0.401/Microsoft.Common.CurrentVersion.targets(2453,5): warning MSB3277:         /work/worktrees/task-b288ec96/server/bin-c1005-red/Antiphon.Server.dll [/work/worktrees/task-b288ec96/tests/Antiphon.DockerStack.Fixture/Antiphon.DockerStack.Fixture.csproj]
/usr/share/dotnet/sdk/10.0.401/Microsoft.Common.CurrentVersion.targets(2453,5): warning MSB3277:           Project file item includes which caused reference "/work/worktrees/task-b288ec96/server/bin-c1005-red/Antiphon.Server.dll". [/work/worktrees/task-b288ec96/tests/Antiphon.DockerStack.Fixture/Antiphon.DockerStack.Fixture.csproj]
/usr/share/dotnet/sdk/10.0.401/Microsoft.Common.CurrentVersion.targets(2453,5): warning MSB3277:             /work/worktrees/task-b288ec96/server/bin-c1005-red/Antiphon.Server.dll [/work/worktrees/task-b288ec96/tests/Antiphon.DockerStack.Fixture/Antiphon.DockerStack.Fixture.csproj]
  Antiphon.DockerStack.Fixture -> /work/worktrees/task-b288ec96/tests/Antiphon.DockerStack.Fixture/bin-c1005-red/Antiphon.DockerStack.Fixture.dll
/work/worktrees/task-b288ec96/tests/Antiphon.Checkpoints.RepeatHost/RepeatHostTests.cs(14,24): warning TUnit0042: Global hooks should not be mixed with test classes to avoid confusion. Place them in their own class. [/work/worktrees/task-b288ec96/tests/Antiphon.Checkpoints.RepeatHost/Antiphon.Checkpoints.RepeatHost.csproj]
/work/worktrees/task-b288ec96/tests/Antiphon.Checkpoints.RepeatHost/RepeatHostTests.cs(17,24): warning TUnit0042: Global hooks should not be mixed with test classes to avoid confusion. Place them in their own class. [/work/worktrees/task-b288ec96/tests/Antiphon.Checkpoints.RepeatHost/Antiphon.Checkpoints.RepeatHost.csproj]
  Antiphon.CustodyTestChild -> /work/worktrees/task-b288ec96/tests/Antiphon.CustodyTestChild/bin-c1005-red/Antiphon.CustodyTestChild.dll
  Antiphon.Checkpoints.RepeatHost -> /work/worktrees/task-b288ec96/tests/Antiphon.Checkpoints.RepeatHost/bin-c1005-red/Antiphon.Checkpoints.RepeatHost.dll
  Antiphon.Checkpoints.FilterHost -> /work/worktrees/task-b288ec96/tests/Antiphon.Checkpoints.FilterHost/bin-c1005-red/Antiphon.Checkpoints.FilterHost.dll
  Antiphon.FakeClaude -> /work/worktrees/task-b288ec96/src/Antiphon.FakeClaude/bin-c1005-red/fakeclaude.dll
  Antiphon.FakeGrok -> /work/worktrees/task-b288ec96/src/Antiphon.FakeGrok/bin-c1005-red/fakegrok.dll
  Antiphon.Checkpoints.LifecycleHost -> /work/worktrees/task-b288ec96/tests/Antiphon.Checkpoints.LifecycleHost/bin-c1005-red/Antiphon.Checkpoints.LifecycleHost.dll
  Antiphon.ChannelOutbound.Probe -> /work/worktrees/task-b288ec96/tests/Antiphon.ChannelOutbound.Probe/bin-c1005-red/Antiphon.ChannelOutbound.Probe.dll
/work/worktrees/task-b288ec96/tests/Antiphon.Tests/Checkpoints/PlanCoverageCensusTests.cs(292,236): error CS1003: Syntax error, ',' expected [/work/worktrees/task-b288ec96/tests/Antiphon.Tests/Antiphon.Tests.csproj]

Build FAILED.

/work/worktrees/task-b288ec96/tools/Antiphon.Checkpoints/Execution/TaskOwnerGuard.cs(170,17): warning CS8602: Dereference of a possibly null reference. [/work/worktrees/task-b288ec96/tools/Antiphon.Checkpoints/Antiphon.Checkpoints.csproj]
/work/worktrees/task-b288ec96/src/Antiphon.SessionRunner/RunnerWorkspaceService.cs(314,84): warning CS8604: Possible null reference argument for parameter 'args' in 'Task<(int ExitCode, string Stdout, string Stderr)> RunnerWorkspaceService.GitAsync(string workingDirectory, CancellationToken ct, params string[] args)'. [/work/worktrees/task-b288ec96/src/Antiphon.SessionRunner/Antiphon.SessionRunner.csproj]
/work/worktrees/task-b288ec96/server/Application/Services/SessionStateStore.cs(284,42): warning CS9124: Parameter 'SessionStateStore.Entry entry' is captured into the state of the enclosing type and its value is also used to initialize a field, property, or event. [/work/worktrees/task-b288ec96/server/Antiphon.Server.csproj]
/work/worktrees/task-b288ec96/server/Application/Services/RemoteWorkspaceService.cs(380,32): warning CS8602: Dereference of a possibly null reference. [/work/worktrees/task-b288ec96/server/Antiphon.Server.csproj]
/work/worktrees/task-b288ec96/server/Application/Services/RemoteWorkspaceService.cs(385,68): warning CS8601: Possible null reference assignment. [/work/worktrees/task-b288ec96/server/Antiphon.Server.csproj]
/work/worktrees/task-b288ec96/server/Application/Services/RemoteWorkspaceService.cs(391,34): warning CS8602: Dereference of a possibly null reference. [/work/worktrees/task-b288ec96/server/Antiphon.Server.csproj]
/work/worktrees/task-b288ec96/server/Application/Services/RemoteWorkspaceService.cs(391,72): warning CS8604: Possible null reference argument for parameter 'descendantSha' in 'Task<bool?> ITaskProgressGit.IsAncestorAsync(string repository, string ancestorSha, string descendantSha, CancellationToken ct)'. [/work/worktrees/task-b288ec96/server/Antiphon.Server.csproj]
/work/worktrees/task-b288ec96/server/Application/Services/RemoteWorkspaceService.cs(407,32): warning CS8602: Dereference of a possibly null reference. [/work/worktrees/task-b288ec96/server/Antiphon.Server.csproj]
/work/worktrees/task-b288ec96/server/Application/Services/RemoteWorkspaceService.cs(407,70): warning CS8604: Possible null reference argument for parameter 'descendantSha' in 'Task<bool?> ITaskProgressGit.IsAncestorAsync(string repository, string ancestorSha, string descendantSha, CancellationToken ct)'. [/work/worktrees/task-b288ec96/server/Antiphon.Server.csproj]
/work/worktrees/task-b288ec96/server/Application/Services/HostStatsCache.cs(30,19): warning CS8602: Dereference of a possibly null reference. [/work/worktrees/task-b288ec96/server/Antiphon.Server.csproj]
/work/worktrees/task-b288ec96/server/Infrastructure/Git/LocalVerificationWorkspace.cs(17,91): warning CS9113: Parameter 'evidence' is unread. [/work/worktrees/task-b288ec96/server/Antiphon.Server.csproj]
/work/worktrees/task-b288ec96/server/Application/Services/AgentTaskLandSourceResolver.cs(17,28): warning CS9113: Parameter 'gitSettings' is unread. [/work/worktrees/task-b288ec96/server/Antiphon.Server.csproj]
/work/worktrees/task-b288ec96/server/Application/Services/AgentTaskLandService.cs(586,81): warning CS8602: Dereference of a possibly null reference. [/work/worktrees/task-b288ec96/server/Antiphon.Server.csproj]
/work/worktrees/task-b288ec96/server/Application/Services/AgentTaskLandService.cs(585,75): warning CS8604: Possible null reference argument for parameter 'git' in 'AgentTaskLandSourceResolver.AgentTaskLandSourceResolver(AppDbContext db, ILandingGit git, IRepositoryMutationLease leases, TimeProvider clock, IOptions<GitSettings>? gitSettings = null, ILandWorkspace? landWorkspace = null, LandDeliveryBoundary? boundary = null)'. [/work/worktrees/task-b288ec96/server/Antiphon.Server.csproj]
/work/worktrees/task-b288ec96/server/Application/Services/AgentTaskLandService.cs(585,88): warning CS8604: Possible null reference argument for parameter 'leases' in 'AgentTaskLandSourceResolver.AgentTaskLandSourceResolver(AppDbContext db, ILandingGit git, IRepositoryMutationLease leases, TimeProvider clock, IOptions<GitSettings>? gitSettings = null, ILandWorkspace? landWorkspace = null, LandDeliveryBoundary? boundary = null)'. [/work/worktrees/task-b288ec96/server/Antiphon.Server.csproj]
/work/worktrees/task-b288ec96/server/Application/Services/AgentTaskLandService.cs(603,28): warning CS8602: Dereference of a possibly null reference. [/work/worktrees/task-b288ec96/server/Antiphon.Server.csproj]
/work/worktrees/task-b288ec96/server/Application/Services/CapacityRecoveryService.cs(1154,21): warning EF1002: Method 'ExecuteSqlRawAsync' inserts interpolated strings directly into the SQL, without any protection against SQL injection. Consider using 'ExecuteSqlAsync' instead, which protects against SQL injection, or make sure that the value is sanitized and suppress the warning. [/work/worktrees/task-b288ec96/server/Antiphon.Server.csproj]
/usr/share/dotnet/sdk/10.0.401/Microsoft.Common.CurrentVersion.targets(2453,5): warning MSB3277: Found conflicts between different versions of "Microsoft.EntityFrameworkCore.Relational" that could not be resolved. [/work/worktrees/task-b288ec96/tests/Antiphon.DockerStack.Fixture/Antiphon.DockerStack.Fixture.csproj]
/usr/share/dotnet/sdk/10.0.401/Microsoft.Common.CurrentVersion.targets(2453,5): warning MSB3277: There was a conflict between "Microsoft.EntityFrameworkCore.Relational, Version=9.0.1.0, Culture=neutral, PublicKeyToken=adb9793829ddae60" and "Microsoft.EntityFrameworkCore.Relational, Version=9.0.20.0, Culture=neutral, PublicKeyToken=adb9793829ddae60". [/work/worktrees/task-b288ec96/tests/Antiphon.DockerStack.Fixture/Antiphon.DockerStack.Fixture.csproj]
/usr/share/dotnet/sdk/10.0.401/Microsoft.Common.CurrentVersion.targets(2453,5): warning MSB3277:     "Microsoft.EntityFrameworkCore.Relational, Version=9.0.1.0, Culture=neutral, PublicKeyToken=adb9793829ddae60" was chosen because it was primary and "Microsoft.EntityFrameworkCore.Relational, Version=9.0.20.0, Culture=neutral, PublicKeyToken=adb9793829ddae60" was not. [/work/worktrees/task-b288ec96/tests/Antiphon.DockerStack.Fixture/Antiphon.DockerStack.Fixture.csproj]
/usr/share/dotnet/sdk/10.0.401/Microsoft.Common.CurrentVersion.targets(2453,5): warning MSB3277:     References which depend on "Microsoft.EntityFrameworkCore.Relational, Version=9.0.1.0, Culture=neutral, PublicKeyToken=adb9793829ddae60" [/home/app/.nuget/packages/microsoft.entityframeworkcore.relational/9.0.1/lib/net8.0/Microsoft.EntityFrameworkCore.Relational.dll]. [/work/worktrees/task-b288ec96/tests/Antiphon.DockerStack.Fixture/Antiphon.DockerStack.Fixture.csproj]
/usr/share/dotnet/sdk/10.0.401/Microsoft.Common.CurrentVersion.targets(2453,5): warning MSB3277:         /home/app/.nuget/packages/microsoft.entityframeworkcore.relational/9.0.1/lib/net8.0/Microsoft.EntityFrameworkCore.Relational.dll [/work/worktrees/task-b288ec96/tests/Antiphon.DockerStack.Fixture/Antiphon.DockerStack.Fixture.csproj]
/usr/share/dotnet/sdk/10.0.401/Microsoft.Common.CurrentVersion.targets(2453,5): warning MSB3277:           Project file item includes which caused reference "/home/app/.nuget/packages/microsoft.entityframeworkcore.relational/9.0.1/lib/net8.0/Microsoft.EntityFrameworkCore.Relational.dll". [/work/worktrees/task-b288ec96/tests/Antiphon.DockerStack.Fixture/Antiphon.DockerStack.Fixture.csproj]
/usr/share/dotnet/sdk/10.0.401/Microsoft.Common.CurrentVersion.targets(2453,5): warning MSB3277:             /home/app/.nuget/packages/microsoft.entityframeworkcore.relational/9.0.1/lib/net8.0/Microsoft.EntityFrameworkCore.Relational.dll [/work/worktrees/task-b288ec96/tests/Antiphon.DockerStack.Fixture/Antiphon.DockerStack.Fixture.csproj]
/usr/share/dotnet/sdk/10.0.401/Microsoft.Common.CurrentVersion.targets(2453,5): warning MSB3277:     References which depend on or have been unified to "Microsoft.EntityFrameworkCore.Relational, Version=9.0.20.0, Culture=neutral, PublicKeyToken=adb9793829ddae60" []. [/work/worktrees/task-b288ec96/tests/Antiphon.DockerStack.Fixture/Antiphon.DockerStack.Fixture.csproj]
/usr/share/dotnet/sdk/10.0.401/Microsoft.Common.CurrentVersion.targets(2453,5): warning MSB3277:         /work/worktrees/task-b288ec96/server/bin-c1005-red/Antiphon.Server.dll [/work/worktrees/task-b288ec96/tests/Antiphon.DockerStack.Fixture/Antiphon.DockerStack.Fixture.csproj]
/usr/share/dotnet/sdk/10.0.401/Microsoft.Common.CurrentVersion.targets(2453,5): warning MSB3277:           Project file item includes which caused reference "/work/worktrees/task-b288ec96/server/bin-c1005-red/Antiphon.Server.dll". [/work/worktrees/task-b288ec96/tests/Antiphon.DockerStack.Fixture/Antiphon.DockerStack.Fixture.csproj]
/usr/share/dotnet/sdk/10.0.401/Microsoft.Common.CurrentVersion.targets(2453,5): warning MSB3277:             /work/worktrees/task-b288ec96/server/bin-c1005-red/Antiphon.Server.dll [/work/worktrees/task-b288ec96/tests/Antiphon.DockerStack.Fixture/Antiphon.DockerStack.Fixture.csproj]
/work/worktrees/task-b288ec96/tests/Antiphon.Checkpoints.RepeatHost/RepeatHostTests.cs(14,24): warning TUnit0042: Global hooks should not be mixed with test classes to avoid confusion. Place them in their own class. [/work/worktrees/task-b288ec96/tests/Antiphon.Checkpoints.RepeatHost/Antiphon.Checkpoints.RepeatHost.csproj]
/work/worktrees/task-b288ec96/tests/Antiphon.Checkpoints.RepeatHost/RepeatHostTests.cs(17,24): warning TUnit0042: Global hooks should not be mixed with test classes to avoid confusion. Place them in their own class. [/work/worktrees/task-b288ec96/tests/Antiphon.Checkpoints.RepeatHost/Antiphon.Checkpoints.RepeatHost.csproj]
/work/worktrees/task-b288ec96/tests/Antiphon.Tests/Checkpoints/PlanCoverageCensusTests.cs(292,236): error CS1003: Syntax error, ',' expected [/work/worktrees/task-b288ec96/tests/Antiphon.Tests/Antiphon.Tests.csproj]
    20 Warning(s)
    1 Error(s)

Time Elapsed 00:01:14.50
BUILD SLOT released lease=88ecec5e-6cf9-4942-94a6-f56bb29d2dc6 held=75s
CHECKPOINT RED-1005 build=failed project=tests/Antiphon.Tests outputPath=bin-c1005-red/ exit=1 slot=granted waited=0s
MSBUILD PROPERTY UseAppHost=false
CHECKPOINT RED-1005 commit=00a786f0962d8b1c07bd53201b3bb84ad827a447 build=failed filter=/*/*/PlanCoverageCensusTests/* executed=0 passed=0 failed=0 skipped=0 trx=/work/worktrees/task-b288ec96/.antiphon/c1005-red/RED-1005-20261003-160231-0a5b/run.trx slot=granted waited=0s dirty=0 source=00a786f0962d8b1c07bd53201b3bb84ad827a447 sourceState=clean buildSource=unknown
CHECKPOINT RED-1005 EXIT CODE: 2
