
████████╗██╗   ██╗███╗   ██╗██╗████████╗
╚══██╔══╝██║   ██║████╗  ██║██║╚══██╔══╝
   ██║   ██║   ██║██╔██╗ ██║██║   ██║
   ██║   ██║   ██║██║╚██╗██║██║   ██║
   ██║   ╚██████╔╝██║ ╚████║██║   ██║
   ╚═╝    ╚═════╝ ╚═╝  ╚═══╝╚═╝   ╚═╝

   TUnit v1.44.0.0 | 64-bit | Debian GNU/Linux 12 (bookworm) | linux-x64 | .NET 9.0.20 | Microsoft Testing Platform v2.2.2

   Engine Mode: SourceGenerated

failed census_reports_unmapped_selection_without_dynamic_discovery (657ms)
  TUnit.Engine.Exceptions.TestFailedException: [Test Failure] ShouldAssertException: Run(command).Diagnostics
      should contain an element satisfying the condition
  ((d.Code == "CLASS_CENSUS_UNMAPPED") && (d.Id == "CP-2"))
      but does not
  
  Additional Info:
      c1005-pc-43
    at Antiphon.Tests.Checkpoints.PlanCoverageCensusTests.census_reports_unmapped_selection_without_dynamic_discovery() in /work/worktrees/task-b288ec96/tests/Antiphon.Tests/Checkpoints/PlanCoverageCensusTests.cs:230
    at System.Runtime.ExceptionServices.ExceptionDispatchInfo.Throw()
    at System.Runtime.CompilerServices.TaskAwaiter.ThrowForNonSuccess(Task task)
    at System.Runtime.CompilerServices.TaskAwaiter.HandleNonSuccessAndDebuggerNotification(Task task, ConfigureAwaitOptions options)
    at System.Runtime.ExceptionServices.ExceptionDispatchInfo.Throw()
    at System.Runtime.CompilerServices.TaskAwaiter.ThrowForNonSuccess(Task task)
    at System.Runtime.CompilerServices.TaskAwaiter.HandleNonSuccessAndDebuggerNotification(Task task, ConfigureAwaitOptions options)
    at System.Runtime.ExceptionServices.ExceptionDispatchInfo.Throw()
    at System.Runtime.CompilerServices.TaskAwaiter.ThrowForNonSuccess(Task task)
    at System.Runtime.CompilerServices.TaskAwaiter.HandleNonSuccessAndDebuggerNotification(Task task, ConfigureAwaitOptions options)
       --- TUnit internals omitted (run with --detailed-stacktrace for full trace) ---
failed census_reports_new_or_omitted_selected_method (657ms)
  TUnit.Engine.Exceptions.TestFailedException: [Test Failure] ShouldAssertException: Census(r)
      should be
  ["One.A.Third:selected method absent from checklist"]
      but was (case sensitive comparison)
  []
      difference
  [*]
  
  Additional Info:
      c1005-pc-11
    at Antiphon.Tests.Checkpoints.PlanCoverageCensusTests.census_reports_new_or_omitted_selected_method() in /work/worktrees/task-b288ec96/tests/Antiphon.Tests/Checkpoints/PlanCoverageCensusTests.cs:113
    at System.Runtime.ExceptionServices.ExceptionDispatchInfo.Throw()
    at System.Runtime.CompilerServices.TaskAwaiter.ThrowForNonSuccess(Task task)
    at System.Runtime.CompilerServices.TaskAwaiter.HandleNonSuccessAndDebuggerNotification(Task task, ConfigureAwaitOptions options)
    at System.Runtime.ExceptionServices.ExceptionDispatchInfo.Throw()
    at System.Runtime.CompilerServices.TaskAwaiter.ThrowForNonSuccess(Task task)
    at System.Runtime.CompilerServices.TaskAwaiter.HandleNonSuccessAndDebuggerNotification(Task task, ConfigureAwaitOptions options)
    at System.Runtime.ExceptionServices.ExceptionDispatchInfo.Throw()
    at System.Runtime.CompilerServices.TaskAwaiter.ThrowForNonSuccess(Task task)
    at System.Runtime.CompilerServices.TaskAwaiter.HandleNonSuccessAndDebuggerNotification(Task task, ConfigureAwaitOptions options)
       --- TUnit internals omitted (run with --detailed-stacktrace for full trace) ---
failed checklist_flag_accepts_true_false_and_absence (657ms)
  TUnit.Engine.Exceptions.TestFailedException: [Test Failure] ShouldAssertException: Census(Run(Make(roster: ["A.First"], inline: true), true))
      should be
  ["One.A.Second:selected method absent from checklist"]
      but was (case sensitive comparison)
  []
      difference
  [*]
  
  Additional Info:
      c1005-pc-3
    at Antiphon.Tests.Checkpoints.PlanCoverageCensusTests.checklist_flag_accepts_true_false_and_absence() in /work/worktrees/task-b288ec96/tests/Antiphon.Tests/Checkpoints/PlanCoverageCensusTests.cs:63
    at System.Runtime.ExceptionServices.ExceptionDispatchInfo.Throw()
    at System.Runtime.CompilerServices.TaskAwaiter.ThrowForNonSuccess(Task task)
    at System.Runtime.CompilerServices.TaskAwaiter.HandleNonSuccessAndDebuggerNotification(Task task, ConfigureAwaitOptions options)
    at System.Runtime.ExceptionServices.ExceptionDispatchInfo.Throw()
    at System.Runtime.CompilerServices.TaskAwaiter.ThrowForNonSuccess(Task task)
    at System.Runtime.CompilerServices.TaskAwaiter.HandleNonSuccessAndDebuggerNotification(Task task, ConfigureAwaitOptions options)
    at System.Runtime.ExceptionServices.ExceptionDispatchInfo.Throw()
    at System.Runtime.CompilerServices.TaskAwaiter.ThrowForNonSuccess(Task task)
    at System.Runtime.CompilerServices.TaskAwaiter.HandleNonSuccessAndDebuggerNotification(Task task, ConfigureAwaitOptions options)
       --- TUnit internals omitted (run with --detailed-stacktrace for full trace) ---
  Standard output
    CHECKPOINT TEMP examined=1 deleted=0 bytes=0 remainingEligible=0 retained=1 budget=False elapsedMs=219
    [CARD-0204] SessionRunner__BaseUrl=http://127.0.0.1:1, Delegation__CheckInterpreterEnabled=false, Delegation__DiagnoseEnabled=false and Delegation__OutputDistillerEnabled=false for every Program boot in this assembly (inherited SessionRunner__BaseUrl='<unset>') - test hosts never launch on the production session-runner.
    [CARD-0298] Hangfire__ServerEnabled=false for every Program boot in this assembly - test hosts never start a Hangfire worker (no WMI census, no production-runner list).
    [CARD-0045] cleared inherited ANTIPHON_PTY_BACKEND='inbox' — pty tests declare their backend; the suite means the same thing whoever launched it.
    
failed census_tracks_filter_class_namespace_and_project (656ms)
  TUnit.Engine.Exceptions.TestFailedException: [Test Failure] ShouldAssertException: Census(Run(Make(source: source, roster: [])))
      should be
  ["One.A.First:selected method absent from checklist", "One.Child.A.ChildOnly:selected method absent from checklist", "Two.A.First:selected method absent from checklist"]
      but was (case sensitive comparison)
  []
      difference
  [*, *, *]
  
  Additional Info:
      c1005-pc-25
    at Antiphon.Tests.Checkpoints.PlanCoverageCensusTests.census_tracks_filter_class_namespace_and_project() in /work/worktrees/task-b288ec96/tests/Antiphon.Tests/Checkpoints/PlanCoverageCensusTests.cs:168
    at System.Runtime.ExceptionServices.ExceptionDispatchInfo.Throw()
    at System.Runtime.CompilerServices.TaskAwaiter.ThrowForNonSuccess(Task task)
    at System.Runtime.CompilerServices.TaskAwaiter.HandleNonSuccessAndDebuggerNotification(Task task, ConfigureAwaitOptions options)
    at System.Runtime.ExceptionServices.ExceptionDispatchInfo.Throw()
    at System.Runtime.CompilerServices.TaskAwaiter.ThrowForNonSuccess(Task task)
    at System.Runtime.CompilerServices.TaskAwaiter.HandleNonSuccessAndDebuggerNotification(Task task, ConfigureAwaitOptions options)
    at System.Runtime.ExceptionServices.ExceptionDispatchInfo.Throw()
    at System.Runtime.CompilerServices.TaskAwaiter.ThrowForNonSuccess(Task task)
    at System.Runtime.CompilerServices.TaskAwaiter.HandleNonSuccessAndDebuggerNotification(Task task, ConfigureAwaitOptions options)
       --- TUnit internals omitted (run with --detailed-stacktrace for full trace) ---
failed census_excludes_helpers_and_counts_parameterized_method_once (657ms)
  TUnit.Engine.Exceptions.TestFailedException: [Test Failure] ShouldAssertException: Census(Run(Make(source: source, roster: roster.Where(s => s != "A.BareTest").ToArray())))
      should be
  ["One.A.BareTest:selected method absent from checklist"]
      but was (case sensitive comparison)
  []
      difference
  [*]
  
  Additional Info:
      c1005-pc-35
    at Antiphon.Tests.Checkpoints.PlanCoverageCensusTests.census_excludes_helpers_and_counts_parameterized_method_once() in /work/worktrees/task-b288ec96/tests/Antiphon.Tests/Checkpoints/PlanCoverageCensusTests.cs:208
    at System.Runtime.ExceptionServices.ExceptionDispatchInfo.Throw()
    at System.Runtime.CompilerServices.TaskAwaiter.ThrowForNonSuccess(Task task)
    at System.Runtime.CompilerServices.TaskAwaiter.HandleNonSuccessAndDebuggerNotification(Task task, ConfigureAwaitOptions options)
    at System.Runtime.ExceptionServices.ExceptionDispatchInfo.Throw()
    at System.Runtime.CompilerServices.TaskAwaiter.ThrowForNonSuccess(Task task)
    at System.Runtime.CompilerServices.TaskAwaiter.HandleNonSuccessAndDebuggerNotification(Task task, ConfigureAwaitOptions options)
    at System.Runtime.ExceptionServices.ExceptionDispatchInfo.Throw()
    at System.Runtime.CompilerServices.TaskAwaiter.ThrowForNonSuccess(Task task)
    at System.Runtime.CompilerServices.TaskAwaiter.HandleNonSuccessAndDebuggerNotification(Task task, ConfigureAwaitOptions options)
       --- TUnit internals omitted (run with --detailed-stacktrace for full trace) ---
failed census_public_cli_is_deterministic_and_read_only (656ms)
  TUnit.Engine.Exceptions.TestFailedException: [Test Failure] ShouldAssertException: r.Diagnostics.Select(d => (d.Test, d.TestLine, d.PlanLine, d.PlanColumn, d.Detail))
      should be
  [(One.A.First, 3, 13, 3, selected method absent from checklist), (One.A.Second, 4, 13, 3, selected method absent from checklist)]
      but was
  [(, 0, 0, 1, malformed, unsupported or stale checklist)]
      difference
  [*(, 0, 0, 1, malformed, unsupported or stale checklist)*, *]
  
  Additional Info:
      c1005-pc-63
    at Antiphon.Tests.Checkpoints.PlanCoverageCensusTests.census_public_cli_is_deterministic_and_read_only() in /work/worktrees/task-b288ec96/tests/Antiphon.Tests/Checkpoints/PlanCoverageCensusTests.cs:265
    at System.Runtime.ExceptionServices.ExceptionDispatchInfo.Throw()
    at System.Runtime.CompilerServices.TaskAwaiter.ThrowForNonSuccess(Task task)
    at System.Runtime.CompilerServices.TaskAwaiter.HandleNonSuccessAndDebuggerNotification(Task task, ConfigureAwaitOptions options)
    at System.Runtime.ExceptionServices.ExceptionDispatchInfo.Throw()
    at System.Runtime.CompilerServices.TaskAwaiter.ThrowForNonSuccess(Task task)
    at System.Runtime.CompilerServices.TaskAwaiter.HandleNonSuccessAndDebuggerNotification(Task task, ConfigureAwaitOptions options)
    at System.Runtime.ExceptionServices.ExceptionDispatchInfo.Throw()
    at System.Runtime.CompilerServices.TaskAwaiter.ThrowForNonSuccess(Task task)
    at System.Runtime.CompilerServices.TaskAwaiter.HandleNonSuccessAndDebuggerNotification(Task task, ConfigureAwaitOptions options)
       --- TUnit internals omitted (run with --detailed-stacktrace for full trace) ---
failed census_rejects_unselected_or_non_test_roster_methods (656ms)
  TUnit.Engine.Exceptions.TestFailedException: [Test Failure] ShouldAssertException: Census(r)
      should be
  ["Other.B.Extra:checklist method not selected"]
      but was (case sensitive comparison)
  []
      difference
  [*]
  
  Additional Info:
      c1005-pc-12
    at Antiphon.Tests.Checkpoints.PlanCoverageCensusTests.census_rejects_unselected_or_non_test_roster_methods() in /work/worktrees/task-b288ec96/tests/Antiphon.Tests/Checkpoints/PlanCoverageCensusTests.cs:129
    at System.Runtime.ExceptionServices.ExceptionDispatchInfo.Throw()
    at System.Runtime.CompilerServices.TaskAwaiter.ThrowForNonSuccess(Task task)
    at System.Runtime.CompilerServices.TaskAwaiter.HandleNonSuccessAndDebuggerNotification(Task task, ConfigureAwaitOptions options)
    at System.Runtime.ExceptionServices.ExceptionDispatchInfo.Throw()
    at System.Runtime.CompilerServices.TaskAwaiter.ThrowForNonSuccess(Task task)
    at System.Runtime.CompilerServices.TaskAwaiter.HandleNonSuccessAndDebuggerNotification(Task task, ConfigureAwaitOptions options)
    at System.Runtime.ExceptionServices.ExceptionDispatchInfo.Throw()
    at System.Runtime.CompilerServices.TaskAwaiter.ThrowForNonSuccess(Task task)
    at System.Runtime.CompilerServices.TaskAwaiter.HandleNonSuccessAndDebuggerNotification(Task task, ConfigureAwaitOptions options)
       --- TUnit internals omitted (run with --detailed-stacktrace for full trace) ---
failed census_matches_exact_checklist_roster (656ms)
  TUnit.Engine.Exceptions.TestFailedException: [Test Failure] ShouldAssertException: matched.Obligations.Select(o => (o.Id, o.Kind, o.Name))
      should be
  [(V-1, method, A.First), (V-1, method, A.Second)]
      but was
  [] (System.Linq.Enumerable+ListSelectIterator`2[Antiphon.Checkpoints.Coverage.CoverageObligation,System.ValueTuple`3[System.String,System.String,System.String]])
      difference
  [*, *]
  
  Additional Info:
      c1005-pc-72
    at Antiphon.Tests.Checkpoints.PlanCoverageCensusTests.census_matches_exact_checklist_roster() in /work/worktrees/task-b288ec96/tests/Antiphon.Tests/Checkpoints/PlanCoverageCensusTests.cs:102
    at System.Runtime.ExceptionServices.ExceptionDispatchInfo.Throw()
    at System.Runtime.CompilerServices.TaskAwaiter.ThrowForNonSuccess(Task task)
    at System.Runtime.CompilerServices.TaskAwaiter.HandleNonSuccessAndDebuggerNotification(Task task, ConfigureAwaitOptions options)
    at System.Runtime.ExceptionServices.ExceptionDispatchInfo.Throw()
    at System.Runtime.CompilerServices.TaskAwaiter.ThrowForNonSuccess(Task task)
    at System.Runtime.CompilerServices.TaskAwaiter.HandleNonSuccessAndDebuggerNotification(Task task, ConfigureAwaitOptions options)
    at System.Runtime.ExceptionServices.ExceptionDispatchInfo.Throw()
    at System.Runtime.CompilerServices.TaskAwaiter.ThrowForNonSuccess(Task task)
    at System.Runtime.CompilerServices.TaskAwaiter.HandleNonSuccessAndDebuggerNotification(Task task, ConfigureAwaitOptions options)
       --- TUnit internals omitted (run with --detailed-stacktrace for full trace) ---
failed census_compares_resolved_identities_not_counts (657ms)
  TUnit.Engine.Exceptions.TestFailedException: [Test Failure] ShouldAssertException: Census(Run(Make(roster: ["A.First", "A.Helper"])))
      should be
  ["One.A.Second:selected method absent from checklist", "One.A.Helper:checklist method not selected"]
      but was (case sensitive comparison)
  []
      difference
  [*, *]
  
  Additional Info:
      c1005-pc-14
    at Antiphon.Tests.Checkpoints.PlanCoverageCensusTests.census_compares_resolved_identities_not_counts() in /work/worktrees/task-b288ec96/tests/Antiphon.Tests/Checkpoints/PlanCoverageCensusTests.cs:144
    at System.Runtime.ExceptionServices.ExceptionDispatchInfo.Throw()
    at System.Runtime.CompilerServices.TaskAwaiter.ThrowForNonSuccess(Task task)
    at System.Runtime.CompilerServices.TaskAwaiter.HandleNonSuccessAndDebuggerNotification(Task task, ConfigureAwaitOptions options)
    at System.Runtime.ExceptionServices.ExceptionDispatchInfo.Throw()
    at System.Runtime.CompilerServices.TaskAwaiter.ThrowForNonSuccess(Task task)
    at System.Runtime.CompilerServices.TaskAwaiter.HandleNonSuccessAndDebuggerNotification(Task task, ConfigureAwaitOptions options)
    at System.Runtime.ExceptionServices.ExceptionDispatchInfo.Throw()
    at System.Runtime.CompilerServices.TaskAwaiter.ThrowForNonSuccess(Task task)
    at System.Runtime.CompilerServices.TaskAwaiter.HandleNonSuccessAndDebuggerNotification(Task task, ConfigureAwaitOptions options)
       --- TUnit internals omitted (run with --detailed-stacktrace for full trace) ---
failed opt_out_preserves_legacy_reports_and_declared_counts (657ms)
  TUnit.Engine.Exceptions.TestFailedException: [Test Failure] ShouldAssertException: Run(scoped).Diagnostics
      should be empty but had
  1
      item and was
  [CoverageDiagnostic { Code = MISSING_METHOD, PlanLine = 5, PlanColumn = 10, Id = V-1, Test = A, Name = A, TestPath = , TestLine = 0, Detail = no selected method }]
  
  Additional Info:
      c1005-pc-97
    at Antiphon.Tests.Checkpoints.PlanCoverageCensusTests.opt_out_preserves_legacy_reports_and_declared_counts() in /work/worktrees/task-b288ec96/tests/Antiphon.Tests/Checkpoints/PlanCoverageCensusTests.cs:311
    at System.Runtime.ExceptionServices.ExceptionDispatchInfo.Throw()
    at System.Runtime.CompilerServices.TaskAwaiter.ThrowForNonSuccess(Task task)
    at System.Runtime.CompilerServices.TaskAwaiter.HandleNonSuccessAndDebuggerNotification(Task task, ConfigureAwaitOptions options)
    at System.Runtime.ExceptionServices.ExceptionDispatchInfo.Throw()
    at System.Runtime.CompilerServices.TaskAwaiter.ThrowForNonSuccess(Task task)
    at System.Runtime.CompilerServices.TaskAwaiter.HandleNonSuccessAndDebuggerNotification(Task task, ConfigureAwaitOptions options)
    at System.Runtime.ExceptionServices.ExceptionDispatchInfo.Throw()
    at System.Runtime.CompilerServices.TaskAwaiter.ThrowForNonSuccess(Task task)
    at System.Runtime.CompilerServices.TaskAwaiter.HandleNonSuccessAndDebuggerNotification(Task task, ConfigureAwaitOptions options)
       --- TUnit internals omitted (run with --detailed-stacktrace for full trace) ---
failed census_unions_overlapping_filters_and_partial_declarations (656ms)
  TUnit.Engine.Exceptions.TestFailedException: [Test Failure] ShouldAssertException: Run(w); Census(r)
      should be
  ["One.A.Second:selected method absent from checklist"]
      but was (case sensitive comparison)
  []
      difference
  [*]
  
  Additional Info:
      c1005-pc-34
    at Antiphon.Tests.Checkpoints.PlanCoverageCensusTests.census_unions_overlapping_filters_and_partial_declarations() in /work/worktrees/task-b288ec96/tests/Antiphon.Tests/Checkpoints/PlanCoverageCensusTests.cs:188
    at System.Runtime.ExceptionServices.ExceptionDispatchInfo.Throw()
    at System.Runtime.CompilerServices.TaskAwaiter.ThrowForNonSuccess(Task task)
    at System.Runtime.CompilerServices.TaskAwaiter.HandleNonSuccessAndDebuggerNotification(Task task, ConfigureAwaitOptions options)
    at System.Runtime.ExceptionServices.ExceptionDispatchInfo.Throw()
    at System.Runtime.CompilerServices.TaskAwaiter.ThrowForNonSuccess(Task task)
    at System.Runtime.CompilerServices.TaskAwaiter.HandleNonSuccessAndDebuggerNotification(Task task, ConfigureAwaitOptions options)
    at System.Runtime.ExceptionServices.ExceptionDispatchInfo.Throw()
    at System.Runtime.CompilerServices.TaskAwaiter.ThrowForNonSuccess(Task task)
    at System.Runtime.CompilerServices.TaskAwaiter.HandleNonSuccessAndDebuggerNotification(Task task, ConfigureAwaitOptions options)
       --- TUnit internals omitted (run with --detailed-stacktrace for full trace) ---
failed checklist_flag_rejects_invalid_or_conflicting_input (657ms)
  TUnit.Engine.Exceptions.TestFailedException: [Test Failure] ShouldAssertException: Run(Make()).ExitCode
      should be
  0
      but was
  2
  
  Additional Info:
      c1005-valid-boolean-control
    at Antiphon.Tests.Checkpoints.PlanCoverageCensusTests.checklist_flag_rejects_invalid_or_conflicting_input() in /work/worktrees/task-b288ec96/tests/Antiphon.Tests/Checkpoints/PlanCoverageCensusTests.cs:95
    at System.Runtime.ExceptionServices.ExceptionDispatchInfo.Throw()
    at System.Runtime.CompilerServices.TaskAwaiter.ThrowForNonSuccess(Task task)
    at System.Runtime.CompilerServices.TaskAwaiter.HandleNonSuccessAndDebuggerNotification(Task task, ConfigureAwaitOptions options)
    at System.Runtime.ExceptionServices.ExceptionDispatchInfo.Throw()
    at System.Runtime.CompilerServices.TaskAwaiter.ThrowForNonSuccess(Task task)
    at System.Runtime.CompilerServices.TaskAwaiter.HandleNonSuccessAndDebuggerNotification(Task task, ConfigureAwaitOptions options)
    at System.Runtime.ExceptionServices.ExceptionDispatchInfo.Throw()
    at System.Runtime.CompilerServices.TaskAwaiter.ThrowForNonSuccess(Task task)
    at System.Runtime.CompilerServices.TaskAwaiter.HandleNonSuccessAndDebuggerNotification(Task task, ConfigureAwaitOptions options)
       --- TUnit internals omitted (run with --detailed-stacktrace for full trace) ---
HTML test report written to: /work/worktrees/task-b288ec96/.antiphon/c1005-red/RED-1005-20261003-160431-cdbd/Antiphon.Tests-linux-net9.0-report.html

  In process file artifacts produced:
    - /work/worktrees/task-b288ec96/.antiphon/c1005-red/RED-1005-20261003-160431-cdbd/Antiphon.Tests-linux-net9.0-report.html
    - /work/worktrees/task-b288ec96/.antiphon/c1005-red/RED-1005-20261003-160431-cdbd/run.trx

Test run summary: Failed! - /work/worktrees/task-b288ec96/tests/Antiphon.Tests/bin-c1005-red/Antiphon.Tests.dll (net9.0|x64)
  total: 12
  failed: 12
  succeeded: 0
  skipped: 0
  duration: 1s 702ms
DOTNET run EXIT CODE: 2
