
████████╗██╗   ██╗███╗   ██╗██╗████████╗
╚══██╔══╝██║   ██║████╗  ██║██║╚══██╔══╝
   ██║   ██║   ██║██╔██╗ ██║██║   ██║
   ██║   ██║   ██║██║╚██╗██║██║   ██║
   ██║   ╚██████╔╝██║ ╚████║██║   ██║
   ╚═╝    ╚═════╝ ╚═╝  ╚═══╝╚═╝   ╚═╝

   TUnit v1.44.0.0 | 64-bit | Debian GNU/Linux 12 (bookworm) | linux-x64 | .NET 9.0.20 | Microsoft Testing Platform v2.2.2

   Engine Mode: SourceGenerated

skipped C912_Cold_seed_with_unrelated_bind_initializes_only_three_labelled_roots (47ms)
  CARD-0912: jq is not on the Linux shell PATH; install jq in the runner or WSL to run C912 cold-seed tests.
skipped C912_Cold_seed_refuses_when_created_volume_disappears_before_init (0ms)
  CARD-0912: jq is not on the Linux shell PATH; install jq in the runner or WSL to run C912 cold-seed tests.
skipped C912_Cold_volumes_seed_accepts_busy_main_without_packages (1ms)
  CARD-0912: jq is not on the Linux shell PATH; install jq in the runner or WSL to run C912 cold-seed tests.
skipped C912_Cold_volumes_seed_refuses_unknown_mounted_or_populated_targets (1ms)
  CARD-0912: jq is not on the Linux shell PATH; install jq in the runner or WSL to run C912 cold-seed tests.
skipped C912_Cold_volumes_seed_rechecks_initialization_and_probe_boundaries (1ms)
  CARD-0912: jq is not on the Linux shell PATH; install jq in the runner or WSL to run C912 cold-seed tests.
skipped C912_Cold_cache_probe_requires_uid_writes_cleanup_and_bounded_exit (1ms)
  CARD-0912: jq is not on the Linux shell PATH; install jq in the runner or WSL to run C912 cold-seed tests.
skipped C912_Cold_marker_has_distinct_validation_and_full_context_refusal (1ms)
  CARD-0912: jq is not on the Linux shell PATH; install jq in the runner or WSL to run C912 cold-seed tests.
skipped C973_Cold_marker_readers_accept_pruned_seed_image_and_refuse_invalid_markers(c849_seed) (2ms)
  CARD-0912: jq is not on the Linux shell PATH; install jq in the runner or WSL to run C912 cold-seed tests.
skipped C973_Cold_marker_readers_accept_pruned_seed_image_and_refuse_invalid_markers(case_deploy_parent) (1ms)
  CARD-0912: jq is not on the Linux shell PATH; install jq in the runner or WSL to run C912 cold-seed tests.
skipped C973_Cold_marker_readers_accept_pruned_seed_image_and_refuse_invalid_markers(case_deploy_temp_runner) (1ms)
  CARD-0912: jq is not on the Linux shell PATH; install jq in the runner or WSL to run C912 cold-seed tests.
skipped C973_Cold_marker_readers_accept_pruned_seed_image_and_refuse_invalid_markers(case_retire_temp_runner) (1ms)
  CARD-0912: jq is not on the Linux shell PATH; install jq in the runner or WSL to run C912 cold-seed tests.
skipped C973_Cold_marker_readers_accept_pruned_seed_image_and_refuse_invalid_markers(case_verify_runner_caches) (1ms)
  CARD-0912: jq is not on the Linux shell PATH; install jq in the runner or WSL to run C912 cold-seed tests.
skipped C973_Cold_marker_readers_accept_pruned_seed_image_and_refuse_invalid_markers(case_verify_runner_caches_retired) (1ms)
  CARD-0912: jq is not on the Linux shell PATH; install jq in the runner or WSL to run C912 cold-seed tests.
skipped C973_Cold_helper_readers_resolve_current_main_after_seed_image_prune(runner-cache-seed) (1ms)
  CARD-0912: jq is not on the Linux shell PATH; install jq in the runner or WSL to run C912 cold-seed tests.
skipped C973_Cold_helper_readers_resolve_current_main_after_seed_image_prune(runner-cache-inventory) (1ms)
  CARD-0912: jq is not on the Linux shell PATH; install jq in the runner or WSL to run C912 cold-seed tests.
skipped C973_Cold_helper_readers_resolve_current_main_after_seed_image_prune(runner-cache-fixture) (1ms)
  CARD-0912: jq is not on the Linux shell PATH; install jq in the runner or WSL to run C912 cold-seed tests.
skipped C973_Cold_helper_readers_resolve_current_main_after_seed_image_prune(runner-cache-prune-preview) (1ms)
  CARD-0912: jq is not on the Linux shell PATH; install jq in the runner or WSL to run C912 cold-seed tests.
failed C849_Deploy_prepares_and_verifies_before_acceptance (252ms)
  TUnit.Engine.Exceptions.TestFailedException: [Test Failure] ShouldAssertException: run.Output
      should contain (case insensitive comparison)
  "RunnerBusy"
      but was actually
  "DIAGNOSIS=RecycleToolsMissing
  "
    at Antiphon.Tests.Scripts.RemoteScriptContractTests.C849_Deploy_prepares_and_verifies_before_acceptance() in /work/worktrees/task-3aebd909/tests/Antiphon.Tests/Scripts/RemoteScriptContractTests.cs:2743
    at System.Runtime.ExceptionServices.ExceptionDispatchInfo.Throw()
    at System.Runtime.CompilerServices.TaskAwaiter.ThrowForNonSuccess(Task task)
    at System.Runtime.CompilerServices.TaskAwaiter.HandleNonSuccessAndDebuggerNotification(Task task, ConfigureAwaitOptions options)
    at System.Runtime.ExceptionServices.ExceptionDispatchInfo.Throw()
    at System.Runtime.CompilerServices.TaskAwaiter.ThrowForNonSuccess(Task task)
    at System.Runtime.CompilerServices.TaskAwaiter.HandleNonSuccessAndDebuggerNotification(Task task, ConfigureAwaitOptions options)
    at System.Runtime.ExceptionServices.ExceptionDispatchInfo.Throw()
    at System.Runtime.CompilerServices.TaskAwaiter.ThrowForNonSuccess(Task task)
    at System.Runtime.CompilerServices.TaskAwaiter.HandleNonSuccessAndDebuggerNotification(Task task, ConfigureAwaitOptions options)
       --- TUnit internals omitted (run with --detailed-stacktrace for full trace) ---
skipped C973_Cold_helper_readers_resolve_current_main_after_seed_image_prune(runner-cache-reset) (1ms)
  CARD-0912: jq is not on the Linux shell PATH; install jq in the runner or WSL to run C912 cold-seed tests.
skipped C973_Prune_and_saved_donor_still_require_full_after_seed_image_prune (1ms)
  CARD-0912: jq is not on the Linux shell PATH; install jq in the runner or WSL to run C912 cold-seed tests.
HTML test report written to: /work/worktrees/task-3aebd909/.antiphon/checkpoints/20261003-175056-b40e/rows/CP-3/Antiphon.Tests-linux-net9.0-report.html

  In process file artifacts produced:
    - /work/worktrees/task-3aebd909/.antiphon/checkpoints/20261003-175056-b40e/rows/CP-3/Antiphon.Tests-linux-net9.0-report.html
    - /work/worktrees/task-3aebd909/.antiphon/checkpoints/20261003-175056-b40e/rows/CP-3/run.trx

Test run summary: Failed! - /work/worktrees/task-3aebd909/tests/Antiphon.Tests/bin-c1008-cache/Antiphon.Tests.dll (net9.0|x64)
  total: 54
  failed: 1
  succeeded: 34
  skipped: 19
  duration: 56s 265ms
