2026-10-03T18:02:56.3119478+00:00 execute rows=1 width=2 total=34m
2026-10-03T18:02:56.9733799+00:00 BUILD SLOT operation=probe status=200 reason=enabled maxcpucount=6 elapsed=0s
2026-10-03T18:02:57.2064379+00:00 BUILD SLOT granted lease=12e27ce2-76e4-429e-a697-df82860105a5 label="build:bin-c1008-real" waited=0s maxcpucount=6
2026-10-03T18:05:38.2644483+00:00 BUILD SLOT released lease=12e27ce2-76e4-429e-a697-df82860105a5 label="build:bin-c1008-real"
2026-10-03T18:05:38.4000412+00:00 BUILD SLOT granted lease=614ae8aa-de52-423a-bf0c-c51fd09d2ae1 label="CP-5@bin-c1008-real" waited=0s maxcpucount=6
2026-10-03T18:08:49.9857437+00:00 owner read failed: timeout after 12s
2026-10-03T18:09:04.9887525+00:00 owner read failed: timeout after 12s
2026-10-03T18:12:23.2004405+00:00 owner read failed: http 502
2026-10-03T18:12:26.2029562+00:00 owner read failed: http 502
2026-10-03T18:12:29.2091659+00:00 owner read failed: http 502
2026-10-03T18:12:32.2130123+00:00 owner read failed: http 502
2026-10-03T18:12:35.2182077+00:00 owner read failed: http 502
2026-10-03T18:12:38.2229406+00:00 owner read failed: http 502
2026-10-03T18:12:41.2294169+00:00 owner read failed: http 502
2026-10-03T18:12:44.2344880+00:00 owner read failed: http 502
2026-10-03T18:12:47.2523887+00:00 owner read failed: http 502
2026-10-03T18:12:50.2641554+00:00 owner read failed: http 502
2026-10-03T18:12:53.2694712+00:00 owner read failed: http 502
2026-10-03T18:12:56.4180734+00:00 owner read failed: http 502
2026-10-03T18:12:59.4695662+00:00 owner read failed: http 502
2026-10-03T18:13:02.8509659+00:00 owner read failed: http 502
2026-10-03T18:13:06.1110475+00:00 owner read failed: http 502
2026-10-03T18:13:09.1576098+00:00 owner read failed: http 502
2026-10-03T18:13:12.1648418+00:00 owner read failed: http 502
2026-10-03T18:13:15.8544049+00:00 owner read failed: http 502
2026-10-03T18:13:18.9126856+00:00 owner read failed: http 502
2026-10-03T18:13:21.9986859+00:00 owner read failed: http 502
2026-10-03T18:13:25.0928549+00:00 owner read failed: http 502
2026-10-03T18:13:28.7231353+00:00 owner read failed: http 502
2026-10-03T18:13:31.7533515+00:00 owner read failed: http 502
2026-10-03T18:13:34.8079684+00:00 owner read failed: http 502
2026-10-03T18:13:37.8202915+00:00 owner read failed: http 502
2026-10-03T18:13:40.8235676+00:00 owner read failed: http 502
2026-10-03T18:13:43.8278807+00:00 owner read failed: http 502
2026-10-03T18:13:46.8333937+00:00 owner read failed: http 502
2026-10-03T18:13:49.8622791+00:00 owner read failed: http 502
2026-10-03T18:13:52.8666196+00:00 owner read failed: http 502
2026-10-03T18:13:55.8725410+00:00 owner read failed: http 502
2026-10-03T18:14:10.8813998+00:00 owner read failed: timeout after 12s
2026-10-03T18:14:33.4231303+00:00 BUILD SLOT released lease=614ae8aa-de52-423a-bf0c-c51fd09d2ae1 label="CP-5@bin-c1008-real"
2026-10-03T18:14:33.7650375+00:00 done exit=0
